
     Program PW2WANNIER v.7.4.1 starts on  9Oct2025 at 16:51:59 
        Git branch: Coulomb_me_exclude_semi-core
        Last git commit: ee80555b685484597493de7a78d0032d0a325967-dirty
        Last git commit date: Fri Jun 13 09:32:38 2025 +0200
        Last git commit subject: Merge branch 'develop' into Coulomb_me

     This program is part of the open-source Quantum ESPRESSO suite
     for quantum simulation of materials; please cite
         "P. Giannozzi et al., J. Phys.:Condens. Matter 21 395502 (2009);
         "P. Giannozzi et al., J. Phys.:Condens. Matter 29 465901 (2017);
         "P. Giannozzi et al., J. Chem. Phys. 152 154105 (2020);
          URL http://www.quantum-espresso.org", 
     in publications or presentations arising from this work. More details at
     http://www.quantum-espresso.org/quote

     Parallel version (MPI), running on     4 processors

     MPI processes distributed on     1 nodes
     R & G space division:  proc/nbgrp/npool/nimage =       4
     194 MiB available memory on the printing compute node when the environment starts


     Reading nscf_save data

     Reading xml data from directory:

     /home/nicola/CODES/q-e-kcw/tempdir/GaAs.save/

     IMPORTANT: XC functional enforced from input :
     Exchange-correlation= PW
                           (   1   4   0   0   0   0   0)
     Any further DFT definition will be discarded
     Please, verify this is what you really want


     Parallelization info
     --------------------
     sticks:   dense  smooth     PW     G-vecs:    dense   smooth      PW
     Min         238     238     67                 4798     4798     743
     Max         239     239     69                 4799     4799     744
     Sum         955     955    271                19195    19195    2975

     Using Slab Decomposition

     Reading collected, re-writing distributed wavefunctions

      Spin CASE ( up )

  Wannier mode is: standalone     

  -----------------
  *** Reading nnkp 
  -----------------

  Checking info from wannier.nnkp file

  - Real lattice is ok
  - Reciprocal lattice is ok
  - K-points are ok
  - Number of wannier functions is ok (  4)
  - All guiding functions are given 

  Projections:
    0.353553    1.060660    1.060660 -3  1  1    1.000000
    0.353553    1.060660    1.060660 -3  2  1    1.000000
    0.353553    1.060660    1.060660 -3  3  1    1.000000
    0.353553    1.060660    1.060660 -3  4  1    1.000000

  Reading data about k-point neighbours 

  All neighbours are found 

  Opening pp-files 


  --------------------------
  *** Compute  A projections
  --------------------------

  Number of local k points =       16
       1       2       3       4       5       6       7       8       9      10
      11      12      13      14      15      16
  AMN calculated

  ---------------
  *** Compute  M 
  ---------------

  Number of local k points =       16
       1       2       3       4       5       6       7       8       9      10
      11      12      13      14      15      16
  MMN calculated

  -----------------------------------
  *** Orbital terms are not computed 
  -----------------------------------

  -----------------------------------
  *** SHC terms are not computed 
  -----------------------------------

  ----------------
  *** Write bands 
  ----------------


  -----------------------------
  *** Plot info is not printed 
  -----------------------------

  -----------------------------
  *** Parity info is not printed 
  -----------------------------

  ------------
  *** Stop pp 
  ------------


     init_pw2wan  :      0.30s CPU      0.31s WALL (       1 calls)
     compute_amn  :      0.47s CPU      0.47s WALL (       1 calls)
     compute_mmn  :      0.07s CPU      0.08s WALL (       1 calls)

     Internal routines:
     compute_u_kb :      0.06s CPU      0.07s WALL (      64 calls)

     PW2WANNIER   :      0.84s CPU      0.88s WALL


   This run was terminated on:  16:52: 0   9Oct2025            

=------------------------------------------------------------------------------=
   JOB DONE.
=------------------------------------------------------------------------------=

