
     =--------------------------------------------------------------------------------=
                      :::    :::           ::::::::         :::       ::: 
                     :+:   :+:           :+:    :+:        :+:       :+:  
                    +:+  +:+            +:+               +:+       +:+   
                   +#++:++             +#+               +#+  +:+  +#+    
                  +#+  +#+            +#+               +#+ +#+#+ +#+     
                 #+#   #+#           #+#    #+#         #+#+# #+#+#       
                ###    ###           ########           ###   ###         

       Koopmans functional implementation based on DFPT; please cite this program as

        N.Colonna, R. De Gennaro, E. Linscott, and N. Marzari, JCTC 18, 5435 (2022) 

                                                                                    

       If you use the non-collinear mode (with/without spin-orbit coupling) please cite

        A. Marrazzo and N. Colonna, Phys. Rev. Research 6, 033085 (2024)  
     =--------------------------------------------------------------------------------=

     Program KCW v.7.4 starts on 14Apr2025 at 16:33:23 
        Git branch: Coulomb_me
        Last git commit: 140e689901782c8134db5a3b00019569d766bac2-dirty
        Last git commit date: Fri Mar 21 16:08:22 2025 +0100
        Last git commit subject: forgot to brodcast input vars

     This program is part of the open-source Quantum ESPRESSO suite
     for quantum simulation of materials; please cite
         "P. Giannozzi et al., J. Phys.:Condens. Matter 21 395502 (2009);
         "P. Giannozzi et al., J. Phys.:Condens. Matter 29 465901 (2017);
         "P. Giannozzi et al., J. Chem. Phys. 152 154105 (2020);
          URL http://www.quantum-espresso.org", 
     in publications or presentations arising from this work. More details at
     http://www.quantum-espresso.org/quote

     Parallel version (MPI), running on     4 processors

     MPI processes distributed on     1 nodes
     R & G space division:  proc/nbgrp/npool/nimage =       4
     50357 MiB available memory on the printing compute node when the environment starts
 

     KCW INPUT SUMMARY 
     ============================================

      CONTROL 
       # title               =            KI H2O
       # out_dir             =/home/colonna_n/CO
       # prefix              =                Si
       # calculation         =               ham
       # kcw_iverbosity      =                 1
       # kcw_at_ks           =                 F
       # MP grid             =     2     2     2
       # spin_component      =                 1
       # homo_only           =                 F
       # read_unitary_matrix =                 T
       # check_ks            =                 T
       # l_vcut              =                 F
       # assume_isolated     =              none
       # io_sp               =                 F
       # io_real_space       =                 F
       # get_coulomb         =                 F
       # irr_bz              =                 F
           # use_wct         =                 F

      WANNIER 
       # seedname            =                Si
       # num_wann_occ        =                 4
       # num_wann_emp        =                 4
       # have_empty          =                 T
       # has_disentangle     =                 T
       # l_unique_manifold   =                 F

      HAM 
       # qp_symm             =                 F
       # kipz_corr           =                 F
       # MP grid             =     2     2     2
       # do_bands            =                 T
       # use_ws_distance     =                 T
       # write_hr            =                 T
       # l_alpha_corr        =                 F
       # on_site_only        =                 T
     ============================================

     INFO: Reading pwscf data

     Reading xml data from directory:

     /home/colonna_n/CODES/q-e-kcw/tempdir/Si.save/

     IMPORTANT: XC functional enforced from input :
     Exchange-correlation= PW
                           (   1   4   0   0   0   0   0)
     Any further DFT definition will be discarded
     Please, verify this is what you really want

 
     Parallelization info
     --------------------
     sticks:   dense  smooth     PW     G-vecs:    dense   smooth      PW
     Min          73      73     22                  821      821     152
     Max          74      74     23                  823      823     153
     Sum         295     295     91                 3287     3287     609
 
     Using Slab Decomposition
 
     Reading collected, re-writing distributed wavefunctions

     INFO: total number of primitive cell    8

     READING SCREENING PARAMETERS

     INFO: alphas read from:file_alpharef.txt                                                                                                                                                                                                                                               
     iwann =     1   alpha =      0.30564463
     iwann =     2   alpha =      0.30564460
     iwann =     3   alpha =      0.30564455
     iwann =     4   alpha =      0.30564462
     iwann =     5   alpha =      0.23808869
     iwann =     6   alpha =      0.23808935
     iwann =     7   alpha =      0.23808821
     iwann =     8   alpha =      0.23808891

     INFO: MLWF read from file: Reading collected, re-writing distributed wavefunctions

        KS Hamiltonian calculation at k=      0.0000      0.0000      0.0000   ...    DONE 

        WANN      -5.8914     6.0879     6.0879     6.0879     8.6004     8.6004     8.6004     9.2453
        PWSCF     -5.8914     6.0879     6.0879     6.0879     8.6004     8.6004     8.6004     9.2453

        KS Hamiltonian calculation at k=     -0.5000      0.5000     -0.5000   ...    DONE 

        WANN      -3.5529    -0.9269     4.8803     4.8803     7.5023    11.8039    11.8039    15.1117
        PWSCF     -3.5529    -0.9269     4.8803     4.8803     7.5023     9.3832     9.3832    13.5800

        KS Hamiltonian calculation at k=      0.5000      0.5000      0.5000   ...    DONE 

        WANN      -3.5529    -0.9269     4.8803     4.8803     7.5023    11.8039    11.8039    15.1117
        PWSCF     -3.5529    -0.9269     4.8803     4.8803     7.5023     9.3832     9.3832    13.5800

        KS Hamiltonian calculation at k=      0.0000      1.0000      0.0000   ...    DONE 

        WANN      -1.7480    -1.7480     3.2158     3.2158     6.6815     6.6815    16.0531    16.0531
        PWSCF     -1.7480    -1.7480     3.2158     3.2158     6.6815     6.6815    16.0531    16.0531

        KS Hamiltonian calculation at k=     -0.5000     -0.5000      0.5000   ...    DONE 

        WANN      -3.5529    -0.9269     4.8803     4.8803     7.5023    11.8039    11.8039    15.1117
        PWSCF     -3.5529    -0.9269     4.8803     4.8803     7.5023     9.3832     9.3832    13.5800

        KS Hamiltonian calculation at k=     -1.0000      0.0000      0.0000   ...    DONE 

        WANN      -1.7480    -1.7480     3.2158     3.2158     6.6815     6.6815    16.0531    16.0531
        PWSCF     -1.7480    -1.7480     3.2158     3.2158     6.6815     6.6815    16.0531    16.0531

        KS Hamiltonian calculation at k=      0.0000      0.0000      1.0000   ...    DONE 

        WANN      -1.7480    -1.7480     3.2158     3.2158     6.6815     6.6815    16.0531    16.0531
        PWSCF     -1.7480    -1.7480     3.2158     3.2158     6.6815     6.6815    16.0531    16.0531

        KS Hamiltonian calculation at k=     -0.5000      0.5000      0.5000   ...    DONE 

        WANN      -3.5529    -0.9269     4.8803     4.8803     7.5023    11.8039    11.8039    15.1117
        PWSCF     -3.5529    -0.9269     4.8803     4.8803     7.5023     9.3832     9.3832    13.5800

     INFO: Coulomb q+G=0 treatment:
     INFO: Divergence            none    
     INFO: q-grid dimension         2   2   2
     INFO: cell volume               270.256360799503
     INFO: Gamma Extrapolation       F
     INFO: extrapolation q->0 term not estimated
     INFO: Bare Coulomb q+G=0            0.00000E+00

     INFO: READING Wannier-orbital Densities ...

        ==============================================================================
        iq =     1
        The  Wannier density at  q =    0.0000000   0.0000000   0.0000000  [Cart ]
        The  Wannier density at  q =    0.0000000   0.0000000   0.0000000  [Cryst]
        ==============================================================================


        ==============================================================================
        iq =     2
        The  Wannier density at  q =   -0.5000000   0.5000000  -0.5000000  [Cart ]
        The  Wannier density at  q =    0.0000000   0.0000000   0.5000000  [Cryst]
        ==============================================================================


        ==============================================================================
        iq =     3
        The  Wannier density at  q =    0.5000000   0.5000000   0.5000000  [Cart ]
        The  Wannier density at  q =    0.0000000   0.5000000   0.0000000  [Cryst]
        ==============================================================================


        ==============================================================================
        iq =     4
        The  Wannier density at  q =    0.0000000   1.0000000   0.0000000  [Cart ]
        The  Wannier density at  q =    0.0000000   0.5000000   0.5000000  [Cryst]
        ==============================================================================


        ==============================================================================
        iq =     5
        The  Wannier density at  q =   -0.5000000  -0.5000000   0.5000000  [Cart ]
        The  Wannier density at  q =    0.5000000   0.0000000   0.0000000  [Cryst]
        ==============================================================================


        ==============================================================================
        iq =     6
        The  Wannier density at  q =   -1.0000000   0.0000000   0.0000000  [Cart ]
        The  Wannier density at  q =    0.5000000   0.0000000   0.5000000  [Cryst]
        ==============================================================================


        ==============================================================================
        iq =     7
        The  Wannier density at  q =    0.0000000   0.0000000   1.0000000  [Cart ]
        The  Wannier density at  q =    0.5000000   0.5000000   0.0000000  [Cryst]
        ==============================================================================


        ==============================================================================
        iq =     8
        The  Wannier density at  q =   -0.5000000   0.5000000   0.5000000  [Cart ]
        The  Wannier density at  q =    0.5000000   0.5000000   0.5000000  [Cryst]
        ==============================================================================

     INFO: total number of wannier to compute    8 from     1 to     8
     INFO: PREPARING THE KCW CALCULATION ... DONE



     INFO: Skipping off-diag: only R=0 and i=j

     INFO: KC SCALAR TERM CALCULATION ... START

     INFO: KC SCALAR TERM CALCULATION ... END

          k = 0.0000 0.0000 0.0000     band energies (ev):

          KS      -5.8914     6.0879     6.0879     6.0879     8.6004     8.6004     8.6004     9.2453
          KI      -6.7693     5.2100     5.2100     5.2100     8.8156     8.8156     8.8156     9.4604

          k =-0.5000 0.5000-0.5000     band energies (ev):

          KS      -3.5529    -0.9269     4.8803     4.8803     7.5023    11.8039    11.8039    15.1117
          KI      -4.4309    -1.8048     4.0024     4.0024     7.7175    12.0190    12.0190    15.3269

          k = 0.5000 0.5000 0.5000     band energies (ev):

          KS      -3.5529    -0.9269     4.8803     4.8803     7.5023    11.8039    11.8039    15.1117
          KI      -4.4309    -1.8048     4.0024     4.0024     7.7175    12.0190    12.0190    15.3269

          k = 0.0000 1.0000 0.0000     band energies (ev):

          KS      -1.7480    -1.7480     3.2158     3.2158     6.6815     6.6815    16.0531    16.0531
          KI      -2.6259    -2.6259     2.3378     2.3378     6.8967     6.8967    16.2683    16.2683

          k =-0.5000-0.5000 0.5000     band energies (ev):

          KS      -3.5529    -0.9269     4.8803     4.8803     7.5023    11.8039    11.8039    15.1117
          KI      -4.4309    -1.8048     4.0024     4.0024     7.7175    12.0190    12.0190    15.3269

          k =-1.0000 0.0000 0.0000     band energies (ev):

          KS      -1.7480    -1.7480     3.2158     3.2158     6.6815     6.6815    16.0531    16.0531
          KI      -2.6259    -2.6259     2.3378     2.3378     6.8967     6.8967    16.2683    16.2683

          k = 0.0000 0.0000 1.0000     band energies (ev):

          KS      -1.7480    -1.7480     3.2158     3.2158     6.6815     6.6815    16.0531    16.0531
          KI      -2.6259    -2.6259     2.3378     2.3378     6.8967     6.8967    16.2683    16.2683

          k =-0.5000 0.5000 0.5000     band energies (ev):

          KS      -3.5529    -0.9269     4.8803     4.8803     7.5023    11.8039    11.8039    15.1117
          KI      -4.4309    -1.8048     4.0024     4.0024     7.7175    12.0190    12.0190    15.3269

        KS       highest occupied, lowest unoccupied level (ev):     6.0879    6.6815
        KI[2nd]  highest occupied, lowest unoccupied level (ev):     5.2100    6.8967

     ====================================
     STARTING BAND STRUCTURE INTERPOLATION
     ====================================

        KC interpolated eigenvalues at k=      0.0000      0.0000      0.0000

          -6.7693     5.2100     5.2100     5.2100     8.8156     8.8156     8.8156     9.4604

        KC interpolated eigenvalues at k=      0.0500      0.0000      0.0500

          -6.7444     5.0944     5.1396     5.1396     8.7514     9.0247     9.0247     9.4684

        KC interpolated eigenvalues at k=      0.1000      0.0000      0.1000

          -6.6661     4.7533     4.9353     4.9353     8.5635     9.4778     9.6239     9.6239

        KC interpolated eigenvalues at k=      0.1500      0.0000      0.1500

          -6.5245     4.2026     4.6172     4.6172     8.2677     9.4508    10.5348    10.5348

        KC interpolated eigenvalues at k=      0.2000      0.0000      0.2000

          -6.3050     3.4678     4.2166     4.2166     7.8928     9.3407    11.6435    11.6435

        KC interpolated eigenvalues at k=      0.2500      0.0000      0.2500

          -5.9907     2.5828     3.7727     3.7727     7.4834     9.1110    12.8218    12.8218

        KC interpolated eigenvalues at k=      0.3000      0.0000      0.3000

          -5.5657     1.5875     3.3291     3.3291     7.0972     8.7511    13.9466    13.9466

        KC interpolated eigenvalues at k=      0.3500      0.0000      0.3500

          -5.0178     0.5255     2.9290     2.9290     6.7983     8.2853    14.9154    14.9154

        KC interpolated eigenvalues at k=      0.4000      0.0000      0.4000

          -4.3416    -0.5584     2.6117     2.6117     6.6446     7.7701    15.6533    15.6533

        KC interpolated eigenvalues at k=      0.4500      0.0000      0.4500

          -3.5400    -1.6216     2.4080     2.4080     6.6750     7.2815    16.1126    16.1126

        KC interpolated eigenvalues at k=      0.5000      0.0000      0.5000

          -2.6259    -2.6259     2.3378     2.3378     6.8967     6.8967    16.2683    16.2683

        KC interpolated eigenvalues at k=      0.5125      0.0250      0.5125

          -2.6307    -2.6221     2.3329     2.3437     6.8956     6.9144    16.2518    16.2818

        KC interpolated eigenvalues at k=      0.5250      0.0500      0.5250

          -2.6451    -2.6105     2.3185     2.3611     6.8929     6.9671    16.2027    16.3215

        KC interpolated eigenvalues at k=      0.5375      0.0750      0.5375

          -2.6699    -2.5907     2.2958     2.3900     6.8893     7.0538    16.1216    16.3852

        KC interpolated eigenvalues at k=      0.5500      0.1000      0.5500

          -2.7058    -2.5622     2.2666     2.4301     6.8865     7.1725    16.0092    16.4692

        KC interpolated eigenvalues at k=      0.5625      0.1250      0.5625

          -2.7540    -2.5241     2.2335     2.4808     6.8863     7.3207    15.8671    16.5687

        KC interpolated eigenvalues at k=      0.5750      0.1500      0.5750

          -2.8159    -2.4753     2.1994     2.5417     6.8906     7.4952    15.6967    16.6779

        KC interpolated eigenvalues at k=      0.5875      0.1750      0.5875

          -2.8925    -2.4147     2.1676     2.6122     6.9014     7.6923    15.5000    16.7908

        KC interpolated eigenvalues at k=      0.6000      0.2000      0.6000

          -2.9851    -2.3410     2.1413     2.6915     6.9204     7.9079    15.2793    16.9008

        KC interpolated eigenvalues at k=      0.6125      0.2250      0.6125

          -3.0943    -2.2529     2.1238     2.7788     6.9491     8.1374    15.0369    17.0012

        KC interpolated eigenvalues at k=      0.6250      0.2500      0.6250

          -3.2203    -2.1489     2.1176     2.8733     6.9885     8.3760    14.7755    17.0858

        KC interpolated eigenvalues at k=      0.3750      0.3750      0.7500

          -3.2203    -2.1489     2.1176     2.8733     6.9885     8.3760    14.7755    17.0858

        KC interpolated eigenvalues at k=      0.3375      0.3375      0.6750

          -3.6914    -1.7301     2.1860     3.1905     7.1746     9.0971    13.9053    17.1863

        KC interpolated eigenvalues at k=      0.3000      0.3000      0.6000

          -4.2615    -1.1318     2.3972     3.5379     7.4546     9.7273    12.9673    16.9615

        KC interpolated eigenvalues at k=      0.2625      0.2625      0.5250

          -4.8577    -0.3483     2.7346     3.8895     7.7983    10.1627    12.0365    16.3446

        KC interpolated eigenvalues at k=      0.2250      0.2250      0.4500

          -5.4113     0.5966     3.1620     4.2226     8.1648    10.3441    11.1759    15.3444

        KC interpolated eigenvalues at k=      0.1875      0.1875      0.3750

          -5.8768     1.6466     3.6369     4.5195     8.5140    10.2689    10.4307    14.0456

        KC interpolated eigenvalues at k=      0.1500      0.1500      0.3000

          -6.2353     2.7171     4.1153     4.7683     8.8147     9.8262     9.9886    12.5965

        KC interpolated eigenvalues at k=      0.1125      0.1125      0.2250

          -6.4891     3.7056     4.5519     4.9628     9.0454     9.3698     9.5965    11.1874

        KC interpolated eigenvalues at k=      0.0750      0.0750      0.1500

          -6.6521     4.5065     4.9029     5.1008     9.0563     9.1769     9.2050    10.0355

        KC interpolated eigenvalues at k=      0.0375      0.0375      0.0750

          -6.7412     5.0286     5.1309     5.1828     8.8748     8.9197     9.0248     9.4959

        KC interpolated eigenvalues at k=      0.0000      0.0000      0.0000

          -6.7693     5.2100     5.2100     5.2100     8.8156     8.8156     8.8156     9.4604

        KC interpolated eigenvalues at k=      0.0500      0.0500      0.0500

          -6.7507     5.0769     5.1804     5.1804     8.8940     8.8940     8.9132     9.4795

        KC interpolated eigenvalues at k=      0.1000      0.1000      0.1000

          -6.6925     4.6865     5.0947     5.0947     9.0224     9.1215     9.1215     9.7089

        KC interpolated eigenvalues at k=      0.1500      0.1500      0.1500

          -6.5883     4.0651     4.9611     4.9611     8.9276     9.4758     9.4758    10.3312

        KC interpolated eigenvalues at k=      0.2000      0.2000      0.2000

          -6.4287     3.2537     4.7928     4.7928     8.7318     9.9223     9.9223    11.1916

        KC interpolated eigenvalues at k=      0.2500      0.2500      0.2500

          -6.2023     2.3048     4.6062     4.6062     8.4977    10.4173    10.4173    12.1625

        KC interpolated eigenvalues at k=      0.3000      0.3000      0.3000

          -5.8994     1.2793     4.4196     4.4196     8.2584    10.9123    10.9123    13.1385

        KC interpolated eigenvalues at k=      0.3500      0.3500      0.3500

          -5.5169     0.2451     4.2513     4.2513     8.0408    11.3588    11.3588    14.0208

        KC interpolated eigenvalues at k=      0.4000      0.4000      0.4000

          -5.0719    -0.7172     4.1177     4.1177     7.8674    11.7131    11.7131    14.7216

        KC interpolated eigenvalues at k=      0.4500      0.4500      0.4500

          -4.6393    -1.4819     4.0320     4.0320     7.7559    11.9406    11.9406    15.1718

        KC interpolated eigenvalues at k=      0.5000      0.5000      0.5000

          -4.4309    -1.8048     4.0024     4.0024     7.7175    12.0190    12.0190    15.3269

        KC interpolated eigenvalues at k=      0.5000      0.4750      0.5250

          -4.4181    -1.7931     3.9458     3.9770     7.7100    11.8524    12.0778    15.4512

        KC interpolated eigenvalues at k=      0.5000      0.4500      0.5500

          -4.3785    -1.7607     3.7818     3.9021     7.6857    11.4249    12.2546    15.7524

        KC interpolated eigenvalues at k=      0.5000      0.4250      0.5750

          -4.3087    -1.7164     3.5287     3.7812     7.6409    10.8605    12.5481    16.1086

        KC interpolated eigenvalues at k=      0.5000      0.4000      0.6000

          -4.2036    -1.6753     3.2162     3.6199     7.5763    10.2477    12.9502    16.4350

        KC interpolated eigenvalues at k=      0.5000      0.3750      0.6250

          -4.0573    -1.6603     2.8859     3.4259     7.5004     9.6405    13.4422    16.6827

        KC interpolated eigenvalues at k=      0.5000      0.3500      0.6500

          -3.8648    -1.7000     2.5873     3.2085     7.4290     9.0744    13.9959    16.8233

        KC interpolated eigenvalues at k=      0.5000      0.3250      0.6750

          -3.6234    -1.8211     2.3690     2.9791     7.3823     8.5734    14.5772    16.8407

        KC interpolated eigenvalues at k=      0.5000      0.3000      0.7000

          -3.3353    -2.0348     2.2623     2.7513     7.3816     8.1540    15.1498    16.7289

        KC interpolated eigenvalues at k=      0.5000      0.2750      0.7250

          -3.0092    -2.3266     2.2704     2.5422     7.4461     7.8255    15.6789    16.4899

        KC interpolated eigenvalues at k=      0.5000      0.2500      0.7500

          -2.6634    -2.6634     2.3731     2.3731     7.5902     7.5913    16.1333    16.1345

        KC interpolated eigenvalues at k=      0.5000      0.2250      0.7250

          -2.6625    -2.6625     2.3722     2.3722     7.5727     7.5738    16.1371    16.1382

        KC interpolated eigenvalues at k=      0.5000      0.2000      0.7000

          -2.6599    -2.6599     2.3697     2.3697     7.5222     7.5233    16.1479    16.1490

        KC interpolated eigenvalues at k=      0.5000      0.1750      0.6750

          -2.6557    -2.6557     2.3658     2.3658     7.4440     7.4449    16.1644    16.1653

        KC interpolated eigenvalues at k=      0.5000      0.1500      0.6500

          -2.6505    -2.6505     2.3609     2.3609     7.3462     7.3469    16.1843    16.1851

        KC interpolated eigenvalues at k=      0.5000      0.1250      0.6250

          -2.6447    -2.6447     2.3555     2.3555     7.2386     7.2392    16.2056    16.2061

        KC interpolated eigenvalues at k=      0.5000      0.1000      0.6000

          -2.6389    -2.6389     2.3501     2.3501     7.1320     7.1324    16.2259    16.2263

        KC interpolated eigenvalues at k=      0.5000      0.0750      0.5750

          -2.6337    -2.6337     2.3451     2.3451     7.0366     7.0368    16.2435    16.2437

        KC interpolated eigenvalues at k=      0.5000      0.0500      0.5500

          -2.6295    -2.6295     2.3412     2.3412     6.9613     6.9614    16.2570    16.2571

        KC interpolated eigenvalues at k=      0.5000      0.0250      0.5250

          -2.6268    -2.6268     2.3387     2.3387     6.9132     6.9132    16.2654    16.2654

        KC interpolated eigenvalues at k=      0.5000      0.0000      0.5000

          -2.6259    -2.6259     2.3378     2.3378     6.8967     6.8967    16.2683    16.2683

     ENDING BAND STRUCTURE INTERPOLATION


     Writing all to output data dir /home/colonna_n/CODES/q-e-kcw/tempdir/Si_kcw.save/ :
     XML data file, pseudopotentials, collected wavefunctions
 
     KCW          :      0.11s CPU      0.13s WALL

     INITIALIZATION: 
 
     init_vloc    :      0.01s CPU      0.01s WALL (       1 calls)
     init_us_1    :      0.00s CPU      0.00s WALL (       1 calls)
 
 
 
 
 
     h_psi        :      0.00s CPU      0.00s WALL (       8 calls)
 
     h_psi        :      0.00s CPU      0.00s WALL (       8 calls)
     add_vuspsi   :      0.00s CPU      0.00s WALL (       8 calls)
 
 
 
      General routines
     calbec       :      0.00s CPU      0.00s WALL (       8 calls)
     fft          :      0.00s CPU      0.01s WALL (       5 calls)
     ffts         :      0.02s CPU      0.02s WALL (     512 calls)
     fftw         :      0.00s CPU      0.00s WALL (     128 calls)
     davcio       :      0.00s CPU      0.00s WALL (      72 calls)
 
 
     KCW          :      0.11s CPU      0.13s WALL

 
   This run was terminated on:  16:33:23  14Apr2025            

=------------------------------------------------------------------------------=
   JOB DONE.
=------------------------------------------------------------------------------=
