
     =--------------------------------------------------------------------------------=
                      :::    :::           ::::::::         :::       ::: 
                     :+:   :+:           :+:    :+:        :+:       :+:  
                    +:+  +:+            +:+               +:+       +:+   
                   +#++:++             +#+               +#+  +:+  +#+    
                  +#+  +#+            +#+               +#+ +#+#+ +#+     
                 #+#   #+#           #+#    #+#         #+#+# #+#+#       
                ###    ###           ########           ###   ###         

       Koopmans functional implementation based on DFPT; please cite this program as

        N.Colonna, R. De Gennaro, E. Linscott, and N. Marzari, JCTC 18, 5435 (2022) 

                                                                                    

       If you use the non-collinear mode (with/without spin-orbit coupling) please cite

        A. Marrazzo and N. Colonna, Phys. Rev. Research 6, 033085 (2024)  
     =--------------------------------------------------------------------------------=

     Program KCW v.7.4 starts on 14Apr2025 at 16:17:45 
        Git branch: Coulomb_me
        Last git commit: 140e689901782c8134db5a3b00019569d766bac2-dirty
        Last git commit date: Fri Mar 21 16:08:22 2025 +0100
        Last git commit subject: forgot to brodcast input vars

     This program is part of the open-source Quantum ESPRESSO suite
     for quantum simulation of materials; please cite
         "P. Giannozzi et al., J. Phys.:Condens. Matter 21 395502 (2009);
         "P. Giannozzi et al., J. Phys.:Condens. Matter 29 465901 (2017);
         "P. Giannozzi et al., J. Chem. Phys. 152 154105 (2020);
          URL http://www.quantum-espresso.org", 
     in publications or presentations arising from this work. More details at
     http://www.quantum-espresso.org/quote

     Parallel version (MPI), running on     4 processors

     MPI processes distributed on     1 nodes
     R & G space division:  proc/nbgrp/npool/nimage =       4
     50351 MiB available memory on the printing compute node when the environment starts
 

     KCW INPUT SUMMARY 
     ============================================

      CONTROL 
       # title               =       W2K Silicon
       # out_dir             =/home/colonna_n/CO
       # prefix              =                Si
       # calculation         =          wann2kcw
       # kcw_iverbosity      =                 2
       # kcw_at_ks           =                 F
       # MP grid             =     2     2     2
       # spin_component      =                 1
       # homo_only           =                 F
       # read_unitary_matrix =                 T
       # check_ks            =                 T
       # l_vcut              =                 T
       # assume_isolated     =              none
       # io_sp               =                 F
       # io_real_space       =                 F
       # get_coulomb         =                 F
       # irr_bz              =                 F
           # use_wct         =                 F

      WANNIER 
       # seedname            =                Si
       # num_wann_occ        =                 4
       # num_wann_emp        =                 4
       # have_empty          =                 T
       # has_disentangle     =                 T
       # l_unique_manifold   =                 T
     ============================================

     INFO: Reading pwscf data

     Reading xml data from directory:

     /home/colonna_n/CODES/q-e-kcw/tempdir/Si.save/

     IMPORTANT: XC functional enforced from input :
     Exchange-correlation= PW
                           (   1   4   0   0   0   0   0)
     Any further DFT definition will be discarded
     Please, verify this is what you really want

 
     Parallelization info
     --------------------
     sticks:   dense  smooth     PW     G-vecs:    dense   smooth      PW
     Min          73      73     22                  821      821     152
     Max          74      74     23                  823      823     153
     Sum         295     295     91                 3287     3287     609
 
     Using Slab Decomposition
 
     Reading collected, re-writing distributed wavefunctions

     INFO: total number of primitive cell    8

     REPORT # of electrons
     nelec=      8.00000000
     nelup=      4.00000000
     neldw=      4.00000000
     nkstot=    16
     nspin=      2

     INFO: Buffer for KS wfcs, OPENED

     INFO: Optimal Matrix READ

     INFO: total number of Wannier functions    8

     INFO: Unitary matrix, READ from file

     INFO: Buffer for WFs, OPENED

     INFO: Buffer for WFs ALL-k, OPENED

     INFO: Minimizing orbitals from Unitary Matrix Rotation

        INFO: Performing a check on the eigenvalues of the rotated KS Hamilotnian ... 

        KS Occupation Matrix ik=    1   xk =  0.0000  0.0000  0.0000

          1.0000  0.0000  0.0000  0.0000  0.0000  0.0000  0.0000  0.0000  0.0000  0.0000  0.0000  0.0000  0.0000  0.0000  0.0000  0.0000
          0.0000  0.0000  1.0000  0.0000  0.0000  0.0000  0.0000  0.0000  0.0000  0.0000  0.0000  0.0000  0.0000  0.0000  0.0000  0.0000
          0.0000  0.0000  0.0000  0.0000  1.0000  0.0000  0.0000  0.0000  0.0000  0.0000  0.0000  0.0000  0.0000  0.0000  0.0000  0.0000
          0.0000  0.0000  0.0000  0.0000  0.0000  0.0000  1.0000  0.0000  0.0000  0.0000  0.0000  0.0000  0.0000  0.0000  0.0000  0.0000
          0.0000  0.0000  0.0000  0.0000  0.0000  0.0000  0.0000  0.0000  0.0000  0.0000  0.0000  0.0000  0.0000  0.0000  0.0000  0.0000
          0.0000  0.0000  0.0000  0.0000  0.0000  0.0000  0.0000  0.0000  0.0000  0.0000  0.0000  0.0000  0.0000  0.0000  0.0000  0.0000
          0.0000  0.0000  0.0000  0.0000  0.0000  0.0000  0.0000  0.0000  0.0000  0.0000  0.0000  0.0000  0.0000  0.0000  0.0000  0.0000
          0.0000  0.0000  0.0000  0.0000  0.0000  0.0000  0.0000  0.0000  0.0000  0.0000  0.0000  0.0000  0.0000  0.0000  0.0000  0.0000

        Rotated Occupation Matrix (ROM) ik=    1   xk =  0.0000  0.0000  0.0000

          0.5000  0.0000 -0.0000  0.0000  0.0000 -0.0000  0.4982 -0.0419 -0.0000  0.0000 -0.0000 -0.0000 -0.0000  0.0000 -0.0000 -0.0000
         -0.0000 -0.0000  0.5000 -0.0000  0.0000 -0.0000  0.0000 -0.0000  0.0000  0.0000  0.4257 -0.2623 -0.0000  0.0000 -0.0000 -0.0000
          0.0000  0.0000  0.0000  0.0000  0.5000 -0.0000 -0.0000 -0.0000 -0.0000  0.0000 -0.0000  0.0000  0.0000  0.0000 -0.4689 -0.1737
          0.4982  0.0419  0.0000  0.0000 -0.0000  0.0000  0.5000  0.0000 -0.0000 -0.0000  0.0000 -0.0000  0.0000 -0.0000  0.0000  0.0000
         -0.0000 -0.0000  0.0000 -0.0000 -0.0000 -0.0000 -0.0000  0.0000  0.5000 -0.0000  0.0000  0.0000  0.4679  0.1763  0.0000  0.0000
         -0.0000  0.0000  0.4257  0.2623 -0.0000 -0.0000  0.0000  0.0000  0.0000 -0.0000  0.5000  0.0000  0.0000 -0.0000  0.0000 -0.0000
         -0.0000 -0.0000 -0.0000 -0.0000  0.0000 -0.0000  0.0000  0.0000  0.4679 -0.1763  0.0000  0.0000  0.5000  0.0000 -0.0000 -0.0000
         -0.0000  0.0000 -0.0000  0.0000 -0.4689  0.1737  0.0000 -0.0000  0.0000 -0.0000  0.0000  0.0000 -0.0000  0.0000  0.5000 -0.0000

        Trace  4.0000  0.0000
        ROM eig    -0.0000   0.0000   0.0000   0.0000   1.0000   1.0000   1.0000   1.0000

        KS Hamiltonian calculation at k=      0.0000      0.0000      0.0000   ...    DONE 

        WANN      -5.8914     6.0879     6.0879     6.0879     8.6004     8.6004     8.6004     9.2453
        PWSCF     -5.8914     6.0879     6.0879     6.0879     8.6004     8.6004     8.6004     9.2453

        KS Occupation Matrix ik=    2   xk = -0.5000  0.5000 -0.5000

          1.0000  0.0000  0.0000  0.0000  0.0000  0.0000  0.0000  0.0000  0.0000  0.0000  0.0000  0.0000  0.0000  0.0000  0.0000  0.0000
          0.0000  0.0000  1.0000  0.0000  0.0000  0.0000  0.0000  0.0000  0.0000  0.0000  0.0000  0.0000  0.0000  0.0000  0.0000  0.0000
          0.0000  0.0000  0.0000  0.0000  1.0000  0.0000  0.0000  0.0000  0.0000  0.0000  0.0000  0.0000  0.0000  0.0000  0.0000  0.0000
          0.0000  0.0000  0.0000  0.0000  0.0000  0.0000  1.0000  0.0000  0.0000  0.0000  0.0000  0.0000  0.0000  0.0000  0.0000  0.0000
          0.0000  0.0000  0.0000  0.0000  0.0000  0.0000  0.0000  0.0000  0.0000  0.0000  0.0000  0.0000  0.0000  0.0000  0.0000  0.0000
          0.0000  0.0000  0.0000  0.0000  0.0000  0.0000  0.0000  0.0000  0.0000  0.0000  0.0000  0.0000  0.0000  0.0000  0.0000  0.0000
          0.0000  0.0000  0.0000  0.0000  0.0000  0.0000  0.0000  0.0000  0.0000  0.0000  0.0000  0.0000  0.0000  0.0000  0.0000  0.0000
          0.0000  0.0000  0.0000  0.0000  0.0000  0.0000  0.0000  0.0000  0.0000  0.0000  0.0000  0.0000  0.0000  0.0000  0.0000  0.0000

        Rotated Occupation Matrix (ROM) ik=    2   xk = -0.5000  0.5000 -0.5000

          0.5867 -0.0000  0.0641  0.0583  0.2165 -0.0382  0.2791 -0.0235 -0.2191 -0.0190 -0.2161 -0.0406 -0.0782 -0.0375 -0.0619 -0.0113
          0.0641 -0.0583  0.5867  0.0000  0.1345 -0.1739 -0.1497  0.1611 -0.1748  0.1334  0.2385 -0.1470 -0.0830  0.0249 -0.0534  0.0333
          0.2165  0.0382  0.1345  0.1739  0.2400 -0.0000  0.0627  0.0057  0.0608  0.0162  0.0589  0.0222 -0.1788 -0.1280 -0.1497 -0.0555
          0.2791  0.0235 -0.1497 -0.1611  0.0627 -0.0057  0.5867  0.0000  0.0854  0.0147  0.0835  0.0231  0.1896  0.1113 -0.2122 -0.0574
         -0.2191  0.0190 -0.1748 -0.1334  0.0608 -0.0162  0.0854 -0.0147  0.5867 -0.0000  0.0862  0.0086 -0.2621 -0.0987 -0.2189 -0.0206
         -0.2161  0.0406  0.2385  0.1470  0.0589 -0.0222  0.0835 -0.0231  0.0862 -0.0086  0.5867 -0.0000  0.2125  0.0567 -0.2199  0.0012
         -0.0782  0.0375 -0.0830 -0.0249 -0.1788  0.1280  0.1896 -0.1113 -0.2621  0.0987  0.2125 -0.0567  0.5867 -0.0000  0.0607 -0.0166
         -0.0619  0.0113 -0.0534 -0.0333 -0.1497  0.0555 -0.2122  0.0574 -0.2189  0.0206 -0.2199 -0.0012  0.0607  0.0166  0.2400 -0.0000

        Trace  4.0000 -0.0000
        ROM eig    -0.0000  -0.0000   0.0000   0.0000   1.0000   1.0000   1.0000   1.0000

        KS Hamiltonian calculation at k=     -0.5000      0.5000     -0.5000   ...    DONE 

        WANN      -3.5529    -0.9269     4.8803     4.8803     7.5023    10.8773    10.8773    15.6077
        PWSCF     -3.5529    -0.9269     4.8803     4.8803     7.5023     9.3832     9.3832    13.5800

        KS Occupation Matrix ik=    3   xk =  0.5000  0.5000  0.5000

          1.0000  0.0000  0.0000  0.0000  0.0000  0.0000  0.0000  0.0000  0.0000  0.0000  0.0000  0.0000  0.0000  0.0000  0.0000  0.0000
          0.0000  0.0000  1.0000  0.0000  0.0000  0.0000  0.0000  0.0000  0.0000  0.0000  0.0000  0.0000  0.0000  0.0000  0.0000  0.0000
          0.0000  0.0000  0.0000  0.0000  1.0000  0.0000  0.0000  0.0000  0.0000  0.0000  0.0000  0.0000  0.0000  0.0000  0.0000  0.0000
          0.0000  0.0000  0.0000  0.0000  0.0000  0.0000  1.0000  0.0000  0.0000  0.0000  0.0000  0.0000  0.0000  0.0000  0.0000  0.0000
          0.0000  0.0000  0.0000  0.0000  0.0000  0.0000  0.0000  0.0000  0.0000  0.0000  0.0000  0.0000  0.0000  0.0000  0.0000  0.0000
          0.0000  0.0000  0.0000  0.0000  0.0000  0.0000  0.0000  0.0000  0.0000  0.0000  0.0000  0.0000  0.0000  0.0000  0.0000  0.0000
          0.0000  0.0000  0.0000  0.0000  0.0000  0.0000  0.0000  0.0000  0.0000  0.0000  0.0000  0.0000  0.0000  0.0000  0.0000  0.0000
          0.0000  0.0000  0.0000  0.0000  0.0000  0.0000  0.0000  0.0000  0.0000  0.0000  0.0000  0.0000  0.0000  0.0000  0.0000  0.0000

        Rotated Occupation Matrix (ROM) ik=    3   xk =  0.5000  0.5000  0.5000

          0.5867  0.0000  0.0466  0.0424 -0.2166  0.0382  0.2791 -0.0235 -0.2191 -0.0190  0.2161  0.0406  0.0782  0.0375 -0.0853 -0.0155
          0.0466 -0.0424  0.2400  0.0000  0.1345 -0.1739  0.1496 -0.1611  0.1748 -0.1333  0.1359 -0.0838  0.0603 -0.0181 -0.0534  0.0333
         -0.2166 -0.0382  0.1345  0.1739  0.5867  0.0000  0.0863  0.0078  0.0837  0.0224  0.0589  0.0222 -0.1788 -0.1280 -0.2627 -0.0973
          0.2791  0.0235  0.1496  0.1611  0.0863 -0.0078  0.5867 -0.0000  0.0854  0.0147  0.0607  0.0168 -0.1896 -0.1113  0.2123  0.0574
         -0.2191  0.0190  0.1748  0.1333  0.0837 -0.0224  0.0854 -0.0147  0.5867  0.0000  0.0626  0.0062  0.2621  0.0987  0.2189  0.0206
          0.2161 -0.0406  0.1359  0.0838  0.0589 -0.0222  0.0607 -0.0168  0.0626 -0.0062  0.2400 -0.0000  0.2124  0.0567 -0.2199  0.0012
          0.0782 -0.0375  0.0603  0.0181 -0.1788  0.1280 -0.1896  0.1113  0.2621 -0.0987  0.2124 -0.0567  0.5867  0.0000 -0.0836  0.0228
         -0.0853  0.0155 -0.0534 -0.0333 -0.2627  0.0973  0.2123 -0.0574  0.2189 -0.0206 -0.2199 -0.0012 -0.0836 -0.0228  0.5867  0.0000

        Trace  4.0000  0.0000
        ROM eig    -0.0000  -0.0000  -0.0000   0.0000   1.0000   1.0000   1.0000   1.0000

        KS Hamiltonian calculation at k=      0.5000      0.5000      0.5000   ...    DONE 

        WANN      -3.5529    -0.9269     4.8803     4.8803     7.5023    10.8773    10.8773    15.6077
        PWSCF     -3.5529    -0.9269     4.8803     4.8803     7.5023     9.3832     9.3832    13.5800

        KS Occupation Matrix ik=    4   xk =  0.0000  1.0000  0.0000

          1.0000  0.0000  0.0000  0.0000  0.0000  0.0000  0.0000  0.0000  0.0000  0.0000  0.0000  0.0000  0.0000  0.0000  0.0000  0.0000
          0.0000  0.0000  1.0000  0.0000  0.0000  0.0000  0.0000  0.0000  0.0000  0.0000  0.0000  0.0000  0.0000  0.0000  0.0000  0.0000
          0.0000  0.0000  0.0000  0.0000  1.0000  0.0000  0.0000  0.0000  0.0000  0.0000  0.0000  0.0000  0.0000  0.0000  0.0000  0.0000
          0.0000  0.0000  0.0000  0.0000  0.0000  0.0000  1.0000  0.0000  0.0000  0.0000  0.0000  0.0000  0.0000  0.0000  0.0000  0.0000
          0.0000  0.0000  0.0000  0.0000  0.0000  0.0000  0.0000  0.0000  0.0000  0.0000  0.0000  0.0000  0.0000  0.0000  0.0000  0.0000
          0.0000  0.0000  0.0000  0.0000  0.0000  0.0000  0.0000  0.0000  0.0000  0.0000  0.0000  0.0000  0.0000  0.0000  0.0000  0.0000
          0.0000  0.0000  0.0000  0.0000  0.0000  0.0000  0.0000  0.0000  0.0000  0.0000  0.0000  0.0000  0.0000  0.0000  0.0000  0.0000
          0.0000  0.0000  0.0000  0.0000  0.0000  0.0000  0.0000  0.0000  0.0000  0.0000  0.0000  0.0000  0.0000  0.0000  0.0000  0.0000

        Rotated Occupation Matrix (ROM) ik=    4   xk =  0.0000  1.0000  0.0000

          0.5000 -0.0000  0.1134  0.1031 -0.0000  0.0000  0.0523 -0.0044 -0.4458 -0.0387  0.0000  0.0000 -0.0000  0.0000 -0.1508 -0.0275
          0.1134 -0.1031  0.5000 -0.0000  0.2737 -0.3540  0.0000 -0.0000 -0.0000  0.0000 -0.0447  0.0275 -0.1468  0.0440 -0.0000 -0.0000
         -0.0000 -0.0000  0.2737  0.3540  0.5000 -0.0000  0.1526  0.0139  0.1481  0.0396  0.0000 -0.0000 -0.0000 -0.0000  0.0492  0.0182
          0.0523  0.0044  0.0000  0.0000  0.1526 -0.0139  0.5000 -0.0000  0.0000 -0.0000  0.1477  0.0409  0.3859  0.2265  0.0000  0.0000
         -0.4458  0.0387 -0.0000 -0.0000  0.1481 -0.0396  0.0000  0.0000  0.5000  0.0000  0.1525  0.0152 -0.0491 -0.0185 -0.0000 -0.0000
          0.0000 -0.0000 -0.0447 -0.0275  0.0000  0.0000  0.1477 -0.0409  0.1525 -0.0152  0.5000  0.0000  0.0000  0.0000 -0.4475  0.0025
         -0.0000 -0.0000 -0.1468 -0.0440 -0.0000  0.0000  0.3859 -0.2265 -0.0491  0.0185  0.0000 -0.0000  0.5000 -0.0000  0.1479 -0.0404
         -0.1508  0.0275 -0.0000  0.0000  0.0492 -0.0182  0.0000 -0.0000 -0.0000  0.0000 -0.4475 -0.0025  0.1479  0.0404  0.5000  0.0000

        Trace  4.0000  0.0000
        ROM eig    -0.0000   0.0000   0.0000   0.0000   1.0000   1.0000   1.0000   1.0000

        KS Hamiltonian calculation at k=      0.0000      1.0000      0.0000   ...    DONE 

        WANN      -1.7480    -1.7480     3.2158     3.2158     6.6815     6.6815    16.0531    16.0531
        PWSCF     -1.7480    -1.7480     3.2158     3.2158     6.6815     6.6815    16.0531    16.0531

        KS Occupation Matrix ik=    5   xk = -0.5000 -0.5000  0.5000

          1.0000  0.0000  0.0000  0.0000  0.0000  0.0000  0.0000  0.0000  0.0000  0.0000  0.0000  0.0000  0.0000  0.0000  0.0000  0.0000
          0.0000  0.0000  1.0000  0.0000  0.0000  0.0000  0.0000  0.0000  0.0000  0.0000  0.0000  0.0000  0.0000  0.0000  0.0000  0.0000
          0.0000  0.0000  0.0000  0.0000  1.0000  0.0000  0.0000  0.0000  0.0000  0.0000  0.0000  0.0000  0.0000  0.0000  0.0000  0.0000
          0.0000  0.0000  0.0000  0.0000  0.0000  0.0000  1.0000  0.0000  0.0000  0.0000  0.0000  0.0000  0.0000  0.0000  0.0000  0.0000
          0.0000  0.0000  0.0000  0.0000  0.0000  0.0000  0.0000  0.0000  0.0000  0.0000  0.0000  0.0000  0.0000  0.0000  0.0000  0.0000
          0.0000  0.0000  0.0000  0.0000  0.0000  0.0000  0.0000  0.0000  0.0000  0.0000  0.0000  0.0000  0.0000  0.0000  0.0000  0.0000
          0.0000  0.0000  0.0000  0.0000  0.0000  0.0000  0.0000  0.0000  0.0000  0.0000  0.0000  0.0000  0.0000  0.0000  0.0000  0.0000
          0.0000  0.0000  0.0000  0.0000  0.0000  0.0000  0.0000  0.0000  0.0000  0.0000  0.0000  0.0000  0.0000  0.0000  0.0000  0.0000

        Rotated Occupation Matrix (ROM) ik=    5   xk = -0.5000 -0.5000  0.5000

          0.2400 -0.0000  0.0466  0.0424  0.2165 -0.0382  0.1591 -0.0134  0.2190  0.0190  0.2161  0.0406  0.0568  0.0272 -0.0619 -0.0113
          0.0466 -0.0424  0.5867 -0.0000 -0.1345  0.1740  0.1496 -0.1611 -0.1748  0.1334  0.2385 -0.1470  0.0830 -0.0249 -0.0735  0.0459
          0.2165  0.0382 -0.1345 -0.1740  0.5867 -0.0000  0.0627  0.0057  0.0837  0.0224  0.0811  0.0306 -0.1788 -0.1280 -0.2627 -0.0973
          0.1591  0.0134  0.1496  0.1611  0.0627 -0.0057  0.2400 -0.0000  0.0620  0.0107  0.0607  0.0168  0.1896  0.1113 -0.2122 -0.0574
          0.2190 -0.0190 -0.1748 -0.1334  0.0837 -0.0224  0.0620 -0.0107  0.5867  0.0000  0.0862  0.0086  0.2621  0.0987  0.2189  0.0206
          0.2161 -0.0406  0.2385  0.1470  0.0811 -0.0306  0.0607 -0.0168  0.0862 -0.0086  0.5867 -0.0000 -0.2125 -0.0567  0.2199 -0.0012
          0.0568 -0.0272  0.0830  0.0249 -0.1788  0.1280  0.1896 -0.1113  0.2621 -0.0987 -0.2125  0.0567  0.5867  0.0000 -0.0836  0.0228
         -0.0619  0.0113 -0.0735 -0.0459 -0.2627  0.0973 -0.2122  0.0574  0.2189 -0.0206  0.2199  0.0012 -0.0836 -0.0228  0.5867 -0.0000

        Trace  4.0000 -0.0000
        ROM eig    -0.0000  -0.0000   0.0000   0.0000   1.0000   1.0000   1.0000   1.0000

        KS Hamiltonian calculation at k=     -0.5000     -0.5000      0.5000   ...    DONE 

        WANN      -3.5529    -0.9269     4.8803     4.8803     7.5023    10.8773    10.8773    15.6077
        PWSCF     -3.5529    -0.9269     4.8803     4.8803     7.5023     9.3832     9.3832    13.5800

        KS Occupation Matrix ik=    6   xk = -1.0000  0.0000  0.0000

          1.0000  0.0000  0.0000  0.0000  0.0000  0.0000  0.0000  0.0000  0.0000  0.0000  0.0000  0.0000  0.0000  0.0000  0.0000  0.0000
          0.0000  0.0000  1.0000  0.0000  0.0000  0.0000  0.0000  0.0000  0.0000  0.0000  0.0000  0.0000  0.0000  0.0000  0.0000  0.0000
          0.0000  0.0000  0.0000  0.0000  1.0000  0.0000  0.0000  0.0000  0.0000  0.0000  0.0000  0.0000  0.0000  0.0000  0.0000  0.0000
          0.0000  0.0000  0.0000  0.0000  0.0000  0.0000  1.0000  0.0000  0.0000  0.0000  0.0000  0.0000  0.0000  0.0000  0.0000  0.0000
          0.0000  0.0000  0.0000  0.0000  0.0000  0.0000  0.0000  0.0000  0.0000  0.0000  0.0000  0.0000  0.0000  0.0000  0.0000  0.0000
          0.0000  0.0000  0.0000  0.0000  0.0000  0.0000  0.0000  0.0000  0.0000  0.0000  0.0000  0.0000  0.0000  0.0000  0.0000  0.0000
          0.0000  0.0000  0.0000  0.0000  0.0000  0.0000  0.0000  0.0000  0.0000  0.0000  0.0000  0.0000  0.0000  0.0000  0.0000  0.0000
          0.0000  0.0000  0.0000  0.0000  0.0000  0.0000  0.0000  0.0000  0.0000  0.0000  0.0000  0.0000  0.0000  0.0000  0.0000  0.0000

        Rotated Occupation Matrix (ROM) ik=    6   xk = -1.0000  0.0000  0.0000

          0.5000 -0.0000  0.1134  0.1031  0.4407 -0.0777 -0.0523  0.0044 -0.0000  0.0000 -0.0000 -0.0000 -0.1382 -0.0662 -0.0000 -0.0000
          0.1134 -0.1031  0.5000  0.0000  0.0000 -0.0000 -0.0000  0.0000 -0.3558  0.2714  0.0447 -0.0275  0.0000  0.0000 -0.1300  0.0811
          0.4407  0.0777  0.0000  0.0000  0.5000  0.0000  0.0000 -0.0000  0.1481  0.0396  0.1434  0.0540  0.0000  0.0000  0.0492  0.0182
         -0.0523 -0.0044 -0.0000 -0.0000  0.0000  0.0000  0.5000 -0.0000  0.1510  0.0260  0.1477  0.0409  0.0000 -0.0000 -0.4320 -0.1169
         -0.0000 -0.0000 -0.3558 -0.2714  0.1481 -0.0396  0.1510 -0.0260  0.5000 -0.0000 -0.0000  0.0000 -0.0491 -0.0185  0.0000  0.0000
         -0.0000  0.0000  0.0447  0.0275  0.1434 -0.0540  0.1477 -0.0409 -0.0000 -0.0000  0.5000 -0.0000  0.4324  0.1154 -0.0000 -0.0000
         -0.1382  0.0662  0.0000 -0.0000  0.0000 -0.0000  0.0000  0.0000 -0.0491  0.0185  0.4324 -0.1154  0.5000 -0.0000  0.1479 -0.0404
         -0.0000  0.0000 -0.1300 -0.0811  0.0492 -0.0182 -0.4320  0.1169  0.0000 -0.0000 -0.0000  0.0000  0.1479  0.0404  0.5000  0.0000

        Trace  4.0000 -0.0000
        ROM eig    -0.0000  -0.0000   0.0000   0.0000   1.0000   1.0000   1.0000   1.0000

        KS Hamiltonian calculation at k=     -1.0000      0.0000      0.0000   ...    DONE 

        WANN      -1.7480    -1.7480     3.2158     3.2158     6.6815     6.6815    16.0531    16.0531
        PWSCF     -1.7480    -1.7480     3.2158     3.2158     6.6815     6.6815    16.0531    16.0531

        KS Occupation Matrix ik=    7   xk =  0.0000  0.0000  1.0000

          1.0000  0.0000  0.0000  0.0000  0.0000  0.0000  0.0000  0.0000  0.0000  0.0000  0.0000  0.0000  0.0000  0.0000  0.0000  0.0000
          0.0000  0.0000  1.0000  0.0000  0.0000  0.0000  0.0000  0.0000  0.0000  0.0000  0.0000  0.0000  0.0000  0.0000  0.0000  0.0000
          0.0000  0.0000  0.0000  0.0000  1.0000  0.0000  0.0000  0.0000  0.0000  0.0000  0.0000  0.0000  0.0000  0.0000  0.0000  0.0000
          0.0000  0.0000  0.0000  0.0000  0.0000  0.0000  1.0000  0.0000  0.0000  0.0000  0.0000  0.0000  0.0000  0.0000  0.0000  0.0000
          0.0000  0.0000  0.0000  0.0000  0.0000  0.0000  0.0000  0.0000  0.0000  0.0000  0.0000  0.0000  0.0000  0.0000  0.0000  0.0000
          0.0000  0.0000  0.0000  0.0000  0.0000  0.0000  0.0000  0.0000  0.0000  0.0000  0.0000  0.0000  0.0000  0.0000  0.0000  0.0000
          0.0000  0.0000  0.0000  0.0000  0.0000  0.0000  0.0000  0.0000  0.0000  0.0000  0.0000  0.0000  0.0000  0.0000  0.0000  0.0000
          0.0000  0.0000  0.0000  0.0000  0.0000  0.0000  0.0000  0.0000  0.0000  0.0000  0.0000  0.0000  0.0000  0.0000  0.0000  0.0000

        Rotated Occupation Matrix (ROM) ik=    7   xk =  0.0000  0.0000  1.0000

          0.5000 -0.0000 -0.0000  0.0000  0.0000 -0.0000 -0.0523  0.0044 -0.0000  0.0000  0.4398  0.0827  0.1382  0.0662 -0.1508 -0.0275
         -0.0000 -0.0000  0.5000 -0.0000 -0.0000  0.0000  0.3046 -0.3279  0.0000 -0.0000 -0.0447  0.0275  0.1468 -0.0440 -0.1300  0.0811
          0.0000  0.0000 -0.0000 -0.0000  0.5000 -0.0000  0.1526  0.0139  0.0000  0.0000  0.1434  0.0540 -0.3639 -0.2605 -0.0492 -0.0182
         -0.0523 -0.0044  0.3046  0.3279  0.1526 -0.0139  0.5000  0.0000  0.1510  0.0260 -0.0000 -0.0000 -0.0000 -0.0000 -0.0000 -0.0000
         -0.0000 -0.0000  0.0000  0.0000  0.0000 -0.0000  0.1510 -0.0260  0.5000  0.0000  0.1525  0.0152  0.0491  0.0185  0.4455  0.0419
          0.4398 -0.0827 -0.0447 -0.0275  0.1434 -0.0540 -0.0000  0.0000  0.1525 -0.0152  0.5000 -0.0000  0.0000  0.0000  0.0000 -0.0000
          0.1382 -0.0662  0.1468  0.0440 -0.3639  0.2605 -0.0000  0.0000  0.0491 -0.0185  0.0000 -0.0000  0.5000 -0.0000 -0.0000 -0.0000
         -0.1508  0.0275 -0.1300 -0.0811 -0.0492  0.0182 -0.0000  0.0000  0.4455 -0.0419  0.0000  0.0000 -0.0000  0.0000  0.5000 -0.0000

        Trace  4.0000 -0.0000
        ROM eig    -0.0000  -0.0000   0.0000   0.0000   1.0000   1.0000   1.0000   1.0000

        KS Hamiltonian calculation at k=      0.0000      0.0000      1.0000   ...    DONE 

        WANN      -1.7480    -1.7480     3.2158     3.2158     6.6815     6.6815    16.0531    16.0531
        PWSCF     -1.7480    -1.7480     3.2158     3.2158     6.6815     6.6815    16.0531    16.0531

        KS Occupation Matrix ik=    8   xk = -0.5000  0.5000  0.5000

          1.0000  0.0000  0.0000  0.0000  0.0000  0.0000  0.0000  0.0000  0.0000  0.0000  0.0000  0.0000  0.0000  0.0000  0.0000  0.0000
          0.0000  0.0000  1.0000  0.0000  0.0000  0.0000  0.0000  0.0000  0.0000  0.0000  0.0000  0.0000  0.0000  0.0000  0.0000  0.0000
          0.0000  0.0000  0.0000  0.0000  1.0000  0.0000  0.0000  0.0000  0.0000  0.0000  0.0000  0.0000  0.0000  0.0000  0.0000  0.0000
          0.0000  0.0000  0.0000  0.0000  0.0000  0.0000  1.0000  0.0000  0.0000  0.0000  0.0000  0.0000  0.0000  0.0000  0.0000  0.0000
          0.0000  0.0000  0.0000  0.0000  0.0000  0.0000  0.0000  0.0000  0.0000  0.0000  0.0000  0.0000  0.0000  0.0000  0.0000  0.0000
          0.0000  0.0000  0.0000  0.0000  0.0000  0.0000  0.0000  0.0000  0.0000  0.0000  0.0000  0.0000  0.0000  0.0000  0.0000  0.0000
          0.0000  0.0000  0.0000  0.0000  0.0000  0.0000  0.0000  0.0000  0.0000  0.0000  0.0000  0.0000  0.0000  0.0000  0.0000  0.0000
          0.0000  0.0000  0.0000  0.0000  0.0000  0.0000  0.0000  0.0000  0.0000  0.0000  0.0000  0.0000  0.0000  0.0000  0.0000  0.0000

        Rotated Occupation Matrix (ROM) ik=    8   xk = -0.5000  0.5000  0.5000

          0.5867  0.0000  0.0641  0.0583  0.2166 -0.0382 -0.2791  0.0235 -0.2190 -0.0190  0.2161  0.0406 -0.0568 -0.0272 -0.0853 -0.0155
          0.0641 -0.0583  0.5867 -0.0000  0.1345 -0.1740  0.1497 -0.1611 -0.1748  0.1333 -0.2385  0.1470 -0.0603  0.0181 -0.0735  0.0459
          0.2166  0.0382  0.1345  0.1740  0.5867 -0.0000  0.0863  0.0078  0.0608  0.0162  0.0811  0.0306  0.1788  0.1280  0.2627  0.0973
         -0.2791 -0.0235  0.1497  0.1611  0.0863 -0.0078  0.5867 -0.0000  0.0620  0.0107  0.0835  0.0231  0.1896  0.1113 -0.2123 -0.0574
         -0.2190  0.0190 -0.1748 -0.1333  0.0608 -0.0162  0.0620 -0.0107  0.2400  0.0000  0.0626  0.0062  0.1494  0.0563  0.2189  0.0206
          0.2161 -0.0406 -0.2385 -0.1470  0.0811 -0.0306  0.0835 -0.0231  0.0626 -0.0062  0.5867  0.0000  0.2124  0.0567 -0.2199  0.0012
         -0.0568  0.0272 -0.0603 -0.0181  0.1788 -0.1280  0.1896 -0.1113  0.1494 -0.0563  0.2124 -0.0567  0.2400  0.0000  0.0607 -0.0166
         -0.0853  0.0155 -0.0735 -0.0459  0.2627 -0.0973 -0.2123  0.0574  0.2189 -0.0206 -0.2199 -0.0012  0.0607  0.0166  0.5867 -0.0000

        Trace  4.0000 -0.0000
        ROM eig    -0.0000  -0.0000  -0.0000   0.0000   1.0000   1.0000   1.0000   1.0000

        KS Hamiltonian calculation at k=     -0.5000      0.5000      0.5000   ...    DONE 

        WANN      -3.5529    -0.9269     4.8803     4.8803     7.5023    10.8773    10.8773    15.6077
        PWSCF     -3.5529    -0.9269     4.8803     4.8803     7.5023     9.3832     9.3832    13.5800

        INFO: Performing a check on the eigenvalues of the rotated KS Hamiltonian ... DONE

     INFO: Minimizing orbitals DEFINED

     INFO: Dielectric tensor = NOT SPECIFIED
           NO Correction for the Screened Coulomb

     INFO: Coulomb q+G=0 treatment:
     INFO: Divergence            gb      
     INFO: q-grid dimension         2   2   2
     INFO: cell volume               270.256360799503
     INFO: Gamma Extrapolation       F
     INFO: extrapolation q->0 term not estimated
     INFO: Bare Coulomb q+G=0           -9.65859E+02


     INFO: PREPARING THE KCW CALCULATION ...

     INFO: Compute Wannier-orbital Densities ...

        ==============================================================================
        iq =     1
        The Wannier density at  q =    0.0000000   0.0000000   0.0000000  [Cart ]
        The Wannier density at  q =    0.0000000   0.0000000   0.0000000  [Cryst]
        ==============================================================================

        The map (iq,ik) --> ip + G      (    1   1  )        1        +  0.0000  0.0000  0.0000 [Cryst]
        The map (iq,ik) --> ip + G      (    1   2  )        2        +  0.0000  0.0000  0.0000 [Cryst]
        The map (iq,ik) --> ip + G      (    1   3  )        3        +  0.0000  0.0000  0.0000 [Cryst]
        The map (iq,ik) --> ip + G      (    1   4  )        4        +  0.0000  0.0000  0.0000 [Cryst]
        The map (iq,ik) --> ip + G      (    1   5  )        5        +  0.0000  0.0000  0.0000 [Cryst]
        The map (iq,ik) --> ip + G      (    1   6  )        6        +  0.0000  0.0000  0.0000 [Cryst]
        The map (iq,ik) --> ip + G      (    1   7  )        7        +  0.0000  0.0000  0.0000 [Cryst]
        The map (iq,ik) --> ip + G      (    1   8  )        8        +  0.0000  0.0000  0.0000 [Cryst]
 
        INFO: Map k+q -> p in 1BZ DONE  

        INFO: rho_q(r) DONE 

        INFO: iq =     1   Structure Factor S(q) [Re, Im] =   8.00000000  0.00000000


        ==============================================================================
        iq =     2
        The Wannier density at  q =   -0.5000000   0.5000000  -0.5000000  [Cart ]
        The Wannier density at  q =    0.0000000   0.0000000   0.5000000  [Cryst]
        ==============================================================================

        The map (iq,ik) --> ip + G      (    2   1  )        2        +  0.0000  0.0000  0.0000 [Cryst]
        The map (iq,ik) --> ip + G      (    2   2  )        1        +  0.0000  0.0000  1.0000 [Cryst]
        The map (iq,ik) --> ip + G      (    2   3  )        4        +  0.0000  0.0000  0.0000 [Cryst]
        The map (iq,ik) --> ip + G      (    2   4  )        3        +  0.0000  0.0000  1.0000 [Cryst]
        The map (iq,ik) --> ip + G      (    2   5  )        6        +  0.0000  0.0000  0.0000 [Cryst]
        The map (iq,ik) --> ip + G      (    2   6  )        5        +  0.0000  0.0000  1.0000 [Cryst]
        The map (iq,ik) --> ip + G      (    2   7  )        8        +  0.0000  0.0000  0.0000 [Cryst]
        The map (iq,ik) --> ip + G      (    2   8  )        7        +  0.0000  0.0000  1.0000 [Cryst]
 
        INFO: Map k+q -> p in 1BZ DONE  

        INFO: rho_q(r) DONE 

        INFO: iq =     2   Structure Factor S(q) [Re, Im] =   0.00000000 -0.00000000


        ==============================================================================
        iq =     3
        The Wannier density at  q =    0.5000000   0.5000000   0.5000000  [Cart ]
        The Wannier density at  q =    0.0000000   0.5000000   0.0000000  [Cryst]
        ==============================================================================

        The map (iq,ik) --> ip + G      (    3   1  )        3        +  0.0000  0.0000  0.0000 [Cryst]
        The map (iq,ik) --> ip + G      (    3   2  )        4        +  0.0000  0.0000  0.0000 [Cryst]
        The map (iq,ik) --> ip + G      (    3   3  )        1        +  0.0000  1.0000  0.0000 [Cryst]
        The map (iq,ik) --> ip + G      (    3   4  )        2        +  0.0000  1.0000  0.0000 [Cryst]
        The map (iq,ik) --> ip + G      (    3   5  )        7        +  0.0000  0.0000  0.0000 [Cryst]
        The map (iq,ik) --> ip + G      (    3   6  )        8        +  0.0000  0.0000  0.0000 [Cryst]
        The map (iq,ik) --> ip + G      (    3   7  )        5        +  0.0000  1.0000  0.0000 [Cryst]
        The map (iq,ik) --> ip + G      (    3   8  )        6        +  0.0000  1.0000  0.0000 [Cryst]
 
        INFO: Map k+q -> p in 1BZ DONE  

        INFO: rho_q(r) DONE 

        INFO: iq =     3   Structure Factor S(q) [Re, Im] =   0.00000000 -0.00000000


        ==============================================================================
        iq =     4
        The Wannier density at  q =    0.0000000   1.0000000   0.0000000  [Cart ]
        The Wannier density at  q =    0.0000000   0.5000000   0.5000000  [Cryst]
        ==============================================================================

        The map (iq,ik) --> ip + G      (    4   1  )        4        +  0.0000  0.0000  0.0000 [Cryst]
        The map (iq,ik) --> ip + G      (    4   2  )        3        +  0.0000  0.0000  1.0000 [Cryst]
        The map (iq,ik) --> ip + G      (    4   3  )        2        +  0.0000  1.0000  0.0000 [Cryst]
        The map (iq,ik) --> ip + G      (    4   4  )        1        +  0.0000  1.0000  1.0000 [Cryst]
        The map (iq,ik) --> ip + G      (    4   5  )        8        +  0.0000  0.0000  0.0000 [Cryst]
        The map (iq,ik) --> ip + G      (    4   6  )        7        +  0.0000  0.0000  1.0000 [Cryst]
        The map (iq,ik) --> ip + G      (    4   7  )        6        +  0.0000  1.0000  0.0000 [Cryst]
        The map (iq,ik) --> ip + G      (    4   8  )        5        +  0.0000  1.0000  1.0000 [Cryst]
 
        INFO: Map k+q -> p in 1BZ DONE  

        INFO: rho_q(r) DONE 

        INFO: iq =     4   Structure Factor S(q) [Re, Im] =   0.00000000  0.00000000


        ==============================================================================
        iq =     5
        The Wannier density at  q =   -0.5000000  -0.5000000   0.5000000  [Cart ]
        The Wannier density at  q =    0.5000000   0.0000000   0.0000000  [Cryst]
        ==============================================================================

        The map (iq,ik) --> ip + G      (    5   1  )        5        +  0.0000  0.0000  0.0000 [Cryst]
        The map (iq,ik) --> ip + G      (    5   2  )        6        +  0.0000  0.0000  0.0000 [Cryst]
        The map (iq,ik) --> ip + G      (    5   3  )        7        +  0.0000  0.0000  0.0000 [Cryst]
        The map (iq,ik) --> ip + G      (    5   4  )        8        +  0.0000  0.0000  0.0000 [Cryst]
        The map (iq,ik) --> ip + G      (    5   5  )        1        +  1.0000  0.0000  0.0000 [Cryst]
        The map (iq,ik) --> ip + G      (    5   6  )        2        +  1.0000  0.0000  0.0000 [Cryst]
        The map (iq,ik) --> ip + G      (    5   7  )        3        +  1.0000  0.0000  0.0000 [Cryst]
        The map (iq,ik) --> ip + G      (    5   8  )        4        +  1.0000  0.0000  0.0000 [Cryst]
 
        INFO: Map k+q -> p in 1BZ DONE  

        INFO: rho_q(r) DONE 

        INFO: iq =     5   Structure Factor S(q) [Re, Im] =   0.00000000 -0.00000000


        ==============================================================================
        iq =     6
        The Wannier density at  q =   -1.0000000   0.0000000   0.0000000  [Cart ]
        The Wannier density at  q =    0.5000000   0.0000000   0.5000000  [Cryst]
        ==============================================================================

        The map (iq,ik) --> ip + G      (    6   1  )        6        +  0.0000  0.0000  0.0000 [Cryst]
        The map (iq,ik) --> ip + G      (    6   2  )        5        +  0.0000  0.0000  1.0000 [Cryst]
        The map (iq,ik) --> ip + G      (    6   3  )        8        +  0.0000  0.0000  0.0000 [Cryst]
        The map (iq,ik) --> ip + G      (    6   4  )        7        +  0.0000  0.0000  1.0000 [Cryst]
        The map (iq,ik) --> ip + G      (    6   5  )        2        +  1.0000  0.0000  0.0000 [Cryst]
        The map (iq,ik) --> ip + G      (    6   6  )        1        +  1.0000  0.0000  1.0000 [Cryst]
        The map (iq,ik) --> ip + G      (    6   7  )        4        +  1.0000  0.0000  0.0000 [Cryst]
        The map (iq,ik) --> ip + G      (    6   8  )        3        +  1.0000  0.0000  1.0000 [Cryst]
 
        INFO: Map k+q -> p in 1BZ DONE  

        INFO: rho_q(r) DONE 

        INFO: iq =     6   Structure Factor S(q) [Re, Im] =   0.00000000  0.00000000


        ==============================================================================
        iq =     7
        The Wannier density at  q =    0.0000000   0.0000000   1.0000000  [Cart ]
        The Wannier density at  q =    0.5000000   0.5000000   0.0000000  [Cryst]
        ==============================================================================

        The map (iq,ik) --> ip + G      (    7   1  )        7        +  0.0000  0.0000  0.0000 [Cryst]
        The map (iq,ik) --> ip + G      (    7   2  )        8        +  0.0000  0.0000  0.0000 [Cryst]
        The map (iq,ik) --> ip + G      (    7   3  )        5        +  0.0000  1.0000  0.0000 [Cryst]
        The map (iq,ik) --> ip + G      (    7   4  )        6        +  0.0000  1.0000  0.0000 [Cryst]
        The map (iq,ik) --> ip + G      (    7   5  )        3        +  1.0000  0.0000  0.0000 [Cryst]
        The map (iq,ik) --> ip + G      (    7   6  )        4        +  1.0000  0.0000  0.0000 [Cryst]
        The map (iq,ik) --> ip + G      (    7   7  )        1        +  1.0000  1.0000  0.0000 [Cryst]
        The map (iq,ik) --> ip + G      (    7   8  )        2        +  1.0000  1.0000  0.0000 [Cryst]
 
        INFO: Map k+q -> p in 1BZ DONE  

        INFO: rho_q(r) DONE 

        INFO: iq =     7   Structure Factor S(q) [Re, Im] =   0.00000000  0.00000000


        ==============================================================================
        iq =     8
        The Wannier density at  q =   -0.5000000   0.5000000   0.5000000  [Cart ]
        The Wannier density at  q =    0.5000000   0.5000000   0.5000000  [Cryst]
        ==============================================================================

        The map (iq,ik) --> ip + G      (    8   1  )        8        +  0.0000  0.0000  0.0000 [Cryst]
        The map (iq,ik) --> ip + G      (    8   2  )        7        +  0.0000  0.0000  1.0000 [Cryst]
        The map (iq,ik) --> ip + G      (    8   3  )        6        +  0.0000  1.0000  0.0000 [Cryst]
        The map (iq,ik) --> ip + G      (    8   4  )        5        +  0.0000  1.0000  1.0000 [Cryst]
        The map (iq,ik) --> ip + G      (    8   5  )        4        +  1.0000  0.0000  0.0000 [Cryst]
        The map (iq,ik) --> ip + G      (    8   6  )        3        +  1.0000  0.0000  1.0000 [Cryst]
        The map (iq,ik) --> ip + G      (    8   7  )        2        +  1.0000  1.0000  0.0000 [Cryst]
        The map (iq,ik) --> ip + G      (    8   8  )        1        +  1.0000  1.0000  1.0000 [Cryst]
 
        INFO: Map k+q -> p in 1BZ DONE  

        INFO: rho_q(r) DONE 

        INFO: iq =     8   Structure Factor S(q) [Re, Im] =   0.00000000  0.00000000

     INFO: Wannier density number
     iwann=   1   ipol=   1   int rho_wann[ipol](r) [Re, Im] =        1.00000000       -0.00000000
     iwann=   2   ipol=   1   int rho_wann[ipol](r) [Re, Im] =        1.00000000       -0.00000000
     iwann=   3   ipol=   1   int rho_wann[ipol](r) [Re, Im] =        1.00000000       -0.00000000
     iwann=   4   ipol=   1   int rho_wann[ipol](r) [Re, Im] =        1.00000000       -0.00000000
     iwann=   5   ipol=   1   int rho_wann[ipol](r) [Re, Im] =        1.00000000        0.00000000
     iwann=   6   ipol=   1   int rho_wann[ipol](r) [Re, Im] =        1.00000000       -0.00000000
     iwann=   7   ipol=   1   int rho_wann[ipol](r) [Re, Im] =        1.00000000       -0.00000000
     iwann=   8   ipol=   1   int rho_wann[ipol](r) [Re, Im] =        1.00000000       -0.00000000

     INFO: Orbital Self-Hartree (SH)
     orb     1     SH   0.514175
     orb     2     SH   0.514175
     orb     3     SH   0.514175
     orb     4     SH   0.514175
     orb     5     SH   0.514175
     orb     6     SH   0.514175
     orb     7     SH   0.514175
     orb     8     SH   0.514175

     INFO: PREPARING THE KCW CALCULATION ... DONE


 
     KCW          :      0.12s CPU      0.12s WALL

     INITIALIZATION: 
     map          :      0.00s CPU      0.00s WALL (       8 calls)
     rho_of_q     :      0.03s CPU      0.03s WALL (       8 calls)
 
     init_vloc    :      0.01s CPU      0.01s WALL (       1 calls)
     init_us_1    :      0.00s CPU      0.00s WALL (       1 calls)
 
 
 
 
 
     h_psi        :      0.00s CPU      0.00s WALL (       8 calls)
 
     h_psi        :      0.00s CPU      0.00s WALL (       8 calls)
     add_vuspsi   :      0.00s CPU      0.00s WALL (       8 calls)
 
 
 
      General routines
     calbec       :      0.00s CPU      0.00s WALL (       8 calls)
     fft          :      0.00s CPU      0.00s WALL (       5 calls)
     ffts         :      0.01s CPU      0.01s WALL (     448 calls)
     fftw         :      0.02s CPU      0.02s WALL (    1152 calls)
     davcio       :      0.00s CPU      0.00s WALL (     184 calls)
 
 
     KCW          :      0.12s CPU      0.13s WALL

 
   This run was terminated on:  16:17:45  14Apr2025            

=------------------------------------------------------------------------------=
   JOB DONE.
=------------------------------------------------------------------------------=
