
     =--------------------------------------------------------------------------------=
                      :::    :::           ::::::::         :::       ::: 
                     :+:   :+:           :+:    :+:        :+:       :+:  
                    +:+  +:+            +:+               +:+       +:+   
                   +#++:++             +#+               +#+  +:+  +#+    
                  +#+  +#+            +#+               +#+ +#+#+ +#+     
                 #+#   #+#           #+#    #+#         #+#+# #+#+#       
                ###    ###           ########           ###   ###         

       Koopmans functional implementation based on DFPT; please cite this program as

        N.Colonna, R. De Gennaro, E. Linscott, and N. Marzari, JCTC 18, 5435 (2022) 

                                                                                    

       If you use the non-collinear mode (with/without spin-orbit coupling) please cite

        A. Marrazzo and N. Colonna, Phys. Rev. Research 6, 033085 (2024)  
     =--------------------------------------------------------------------------------=

     Program KCW v.8.0dev starts on 30Sep2026 at 22: 3:22 
        Git branch: KCW_model_screening
        Last git commit: dd1791d9dbb8ae1e1ef013e71bde61d733045c11-dirty
        Last git commit date: Wed Sep 30 21:36:59 2026 +0200
        Last git commit subject: KCW: add model dielectric screening for alpha coef

     This program is part of the open-source Quantum ESPRESSO suite
     for quantum simulation of materials; please cite
         "P. Giannozzi et al., J. Phys.:Condens. Matter 21 395502 (2009);
         "P. Giannozzi et al., J. Phys.:Condens. Matter 29 465901 (2017);
         "P. Giannozzi et al., J. Chem. Phys. 152 154105 (2020);
          URL http://www.quantum-espresso.org", 
     in publications or presentations arising from this work. More details at
     http://www.quantum-espresso.org/quote

     Parallel version (MPI), running on     4 processors

     MPI processes distributed on     1 nodes
     R & G space division:  proc/nbgrp/npool/nimage =       4
     338 MiB available memory on the printing compute node when the environment starts


     KCW INPUT SUMMARY 
     ============================================

      CONTROL 
       # title               =        KI Silicon
       # out_dir             =/home/nicola/CODES
       # prefix              =                Si
       # calculation         =               ham
       # kcw_iverbosity      =                 1
       # kcw_at_ks           =                 F
       # MP grid             =     2     2     2
       # spin_component      =                 1
       # homo_only           =                 F
       # read_unitary_matrix =                 T
       # check_ks            =                 T
       # l_vcut              =                 F
       # assume_isolated     =              none
       # io_sp               =                 F
       # io_real_space       =                 F
       # irr_bz              =                 F
           # use_wct         =                 F

      WANNIER 
       # seedname            =                Si
       # num_wann_occ        =                 4
       # num_wann_emp        =                 4
       # have_empty          =                 T
       # has_disentangle     =                 T
       # l_unique_manifold   =                 F

      HAM 
       # qp_symm             =                 F
       # kipz_corr           =                 F
       # MP grid             =     2     2     2
       # do_bands            =                 T
       # use_ws_distance     =                 T
       # write_hr            =                 T
       # l_alpha_corr        =                 F
       # on_site_only        =                 T
     ============================================

     INFO: Reading pwscf data

     Reading xml data from directory:

     /home/nicola/CODES/q-e-kcw_1/tempdir/Si.save/

     IMPORTANT: XC functional enforced from input :
     Exchange-correlation= PW
                           (   1   4   0   0   0   0   0)
     Any further DFT definition will be discarded
     Please, verify this is what you really want


     Parallelization info
     --------------------
     sticks:   dense  smooth     PW     G-vecs:    dense   smooth      PW
     Min          73      73     22                  821      821     152
     Max          74      74     23                  823      823     153
     Sum         295     295     91                 3287     3287     609

     Using Slab Decomposition

     Reading collected, re-writing distributed wavefunctions

     INFO: total number of primitive cell    8

     READING SCREENING PARAMETERS

     INFO: alphas read from:/home/nicola/CODES/q-e-kcw_1/tempdir/kcw/Si.alpha.dat                                                                                                                                                                                                           
     iwann =     1   alpha =      0.47002041
     iwann =     2   alpha =      0.47002041
     iwann =     3   alpha =      0.47002041
     iwann =     4   alpha =      0.47002041
     iwann =     5   alpha =      0.38011298
     iwann =     6   alpha =      0.38011316
     iwann =     7   alpha =      0.38011280
     iwann =     8   alpha =      0.38011301

     INFO: MLWF read from file: Reading collected, re-writing distributed wavefunctions
     Read        8 Wannier functions

        KS Hamiltonian calculation at k=      0.0000      0.0000      0.0000   ...    DONE 

        WANN      -5.7058     6.3432     6.3432     6.3432     8.7374     8.7374     8.7374     9.4921
        PWSCF     -5.7058     6.3432     6.3432     6.3432     8.7374     8.7374     8.7374     9.4921
     Read        8 Wannier functions

        KS Hamiltonian calculation at k=     -0.5000      0.5000     -0.5000   ...    DONE 

        WANN      -3.3376    -0.7612     5.1093     5.1093     7.6771    11.9701    11.9701    15.2068
        PWSCF     -3.3376    -0.7612     5.1093     5.1093     7.6771     9.4935     9.4935    13.6075
     Read        8 Wannier functions

        KS Hamiltonian calculation at k=      0.5000      0.5000      0.5000   ...    DONE 

        WANN      -3.3376    -0.7612     5.1093     5.1093     7.6771    11.9701    11.9701    15.2068
        PWSCF     -3.3376    -0.7612     5.1093     5.1093     7.6771     9.4935     9.4935    13.6075
     Read        8 Wannier functions

        KS Hamiltonian calculation at k=      0.0000      1.0000      0.0000   ...    DONE 

        WANN      -1.5321    -1.5321     3.4046     3.4046     6.7657     6.7657    16.2469    16.2469
        PWSCF     -1.5321    -1.5321     3.4046     3.4046     6.7657     6.7657    16.2469    16.2469
     Read        8 Wannier functions

        KS Hamiltonian calculation at k=     -0.5000     -0.5000      0.5000   ...    DONE 

        WANN      -3.3376    -0.7612     5.1093     5.1093     7.6771    11.9701    11.9701    15.2068
        PWSCF     -3.3376    -0.7612     5.1093     5.1093     7.6771     9.4935     9.4935    13.6075
     Read        8 Wannier functions

        KS Hamiltonian calculation at k=     -1.0000      0.0000      0.0000   ...    DONE 

        WANN      -1.5321    -1.5321     3.4046     3.4046     6.7657     6.7657    16.2469    16.2469
        PWSCF     -1.5321    -1.5321     3.4046     3.4046     6.7657     6.7657    16.2469    16.2469
     Read        8 Wannier functions

        KS Hamiltonian calculation at k=      0.0000      0.0000      1.0000   ...    DONE 

        WANN      -1.5321    -1.5321     3.4046     3.4046     6.7657     6.7657    16.2469    16.2469
        PWSCF     -1.5321    -1.5321     3.4046     3.4046     6.7657     6.7657    16.2469    16.2469
     Read        8 Wannier functions

        KS Hamiltonian calculation at k=     -0.5000      0.5000      0.5000   ...    DONE 

        WANN      -3.3376    -0.7612     5.1093     5.1093     7.6771    11.9701    11.9701    15.2068
        PWSCF     -3.3376    -0.7612     5.1093     5.1093     7.6771     9.4935     9.4935    13.6075

     INFO: Coulomb q+G=0 treatment:
     INFO: Divergence            none    
     INFO: q-grid dimension         2   2   2
     INFO: cell volume               270.256360799503
     INFO: Gamma Extrapolation       F
     INFO: extrapolation q->0 term not estimated
     INFO: Bare Coulomb q+G=0            0.00000E+00

     INFO: READING Wannier-orbital Densities ...

        ==============================================================================
        iq =     1
        The  Wannier density at  q =    0.0000000   0.0000000   0.0000000  [Cart ]
        The  Wannier density at  q =    0.0000000   0.0000000   0.0000000  [Cryst]
        ==============================================================================


        ==============================================================================
        iq =     2
        The  Wannier density at  q =   -0.5000000   0.5000000  -0.5000000  [Cart ]
        The  Wannier density at  q =    0.0000000   0.0000000   0.5000000  [Cryst]
        ==============================================================================


        ==============================================================================
        iq =     3
        The  Wannier density at  q =    0.5000000   0.5000000   0.5000000  [Cart ]
        The  Wannier density at  q =    0.0000000   0.5000000   0.0000000  [Cryst]
        ==============================================================================


        ==============================================================================
        iq =     4
        The  Wannier density at  q =    0.0000000   1.0000000   0.0000000  [Cart ]
        The  Wannier density at  q =    0.0000000   0.5000000   0.5000000  [Cryst]
        ==============================================================================


        ==============================================================================
        iq =     5
        The  Wannier density at  q =   -0.5000000  -0.5000000   0.5000000  [Cart ]
        The  Wannier density at  q =    0.5000000   0.0000000   0.0000000  [Cryst]
        ==============================================================================


        ==============================================================================
        iq =     6
        The  Wannier density at  q =   -1.0000000   0.0000000   0.0000000  [Cart ]
        The  Wannier density at  q =    0.5000000   0.0000000   0.5000000  [Cryst]
        ==============================================================================


        ==============================================================================
        iq =     7
        The  Wannier density at  q =    0.0000000   0.0000000   1.0000000  [Cart ]
        The  Wannier density at  q =    0.5000000   0.5000000   0.0000000  [Cryst]
        ==============================================================================


        ==============================================================================
        iq =     8
        The  Wannier density at  q =   -0.5000000   0.5000000   0.5000000  [Cart ]
        The  Wannier density at  q =    0.5000000   0.5000000   0.5000000  [Cryst]
        ==============================================================================

     INFO: total number of wannier to compute    8 from     1 to     8
     INFO: PREPARING THE KCW CALCULATION ... DONE



     INFO: Skipping off-diag: only R=0 and i=j

     INFO: KC SCALAR TERM CALCULATION ... START

     INFO: KC SCALAR TERM CALCULATION ... END

          k = 0.0000 0.0000 0.0000     band energies (ev):

          KS      -5.7058     6.3432     6.3432     6.3432     8.7374     8.7374     8.7374     9.4921
          KI      -7.0473     5.0017     5.0017     5.0017     9.0723     9.0723     9.0723     9.8270

          k =-0.5000 0.5000-0.5000     band energies (ev):

          KS      -3.3376    -0.7612     5.1093     5.1093     7.6771    11.9701    11.9701    15.2068
          KI      -4.6791    -2.1028     3.7678     3.7678     8.0119    12.3049    12.3050    15.5416

          k = 0.5000 0.5000 0.5000     band energies (ev):

          KS      -3.3376    -0.7612     5.1093     5.1093     7.6771    11.9701    11.9701    15.2068
          KI      -4.6791    -2.1028     3.7678     3.7678     8.0119    12.3049    12.3050    15.5416

          k = 0.0000 1.0000 0.0000     band energies (ev):

          KS      -1.5321    -1.5321     3.4046     3.4046     6.7657     6.7657    16.2469    16.2469
          KI      -2.8736    -2.8736     2.0631     2.0631     7.1005     7.1005    16.5817    16.5817

          k =-0.5000-0.5000 0.5000     band energies (ev):

          KS      -3.3376    -0.7612     5.1093     5.1093     7.6771    11.9701    11.9701    15.2068
          KI      -4.6791    -2.1028     3.7678     3.7678     8.0119    12.3049    12.3050    15.5416

          k =-1.0000 0.0000 0.0000     band energies (ev):

          KS      -1.5321    -1.5321     3.4046     3.4046     6.7657     6.7657    16.2469    16.2469
          KI      -2.8736    -2.8736     2.0631     2.0631     7.1005     7.1005    16.5817    16.5817

          k = 0.0000 0.0000 1.0000     band energies (ev):

          KS      -1.5321    -1.5321     3.4046     3.4046     6.7657     6.7657    16.2469    16.2469
          KI      -2.8736    -2.8736     2.0631     2.0631     7.1005     7.1005    16.5817    16.5817

          k =-0.5000 0.5000 0.5000     band energies (ev):

          KS      -3.3376    -0.7612     5.1093     5.1093     7.6771    11.9701    11.9701    15.2068
          KI      -4.6791    -2.1028     3.7678     3.7678     8.0119    12.3050    12.3050    15.5416

        KS       highest occupied, lowest unoccupied level (ev):     6.3432    6.7657
        KI[2nd]  highest occupied, lowest unoccupied level (ev):     5.0017    7.1005

     ====================================
     STARTING BAND STRUCTURE INTERPOLATION
     ====================================

        KC interpolated eigenvalues at k=      0.0000      0.0000      0.0000

          -7.0473     5.0017     5.0017     5.0017     9.0723     9.0723     9.0723     9.8270

        KC interpolated eigenvalues at k=      0.0500      0.0000      0.0500

          -7.0222     4.8857     4.9297     4.9297     9.0055     9.2829     9.2830     9.8326

        KC interpolated eigenvalues at k=      0.1000      0.0000      0.1000

          -6.9434     4.5432     4.7205     4.7205     8.8103     9.8350     9.8867     9.8867

        KC interpolated eigenvalues at k=      0.1500      0.0000      0.1500

          -6.8009     3.9902     4.3950     4.3950     8.5032     9.7963    10.8043    10.8044

        KC interpolated eigenvalues at k=      0.2000      0.0000      0.2000

          -6.5798     3.2523     3.9849     3.9849     8.1151     9.6704    11.9214    11.9214

        KC interpolated eigenvalues at k=      0.2500      0.0000      0.2500

          -6.2631     2.3634     3.5307     3.5307     7.6924     9.4210    13.1086    13.1086

        KC interpolated eigenvalues at k=      0.3000      0.0000      0.3000

          -5.8348     1.3634     3.0768     3.0768     7.2949     9.0388    14.2420    14.2420

        KC interpolated eigenvalues at k=      0.3500      0.0000      0.3500

          -5.2826     0.2961     2.6677     2.6677     6.9886     8.5494    15.2183    15.2183

        KC interpolated eigenvalues at k=      0.4000      0.0000      0.4000

          -4.6012    -0.7937     2.3431     2.3431     6.8332     8.0111    15.9619    15.9619

        KC interpolated eigenvalues at k=      0.4500      0.0000      0.4500

          -3.7939    -1.8631     2.1348     2.1348     6.8680     7.5018    16.4249    16.4249

        KC interpolated eigenvalues at k=      0.5000      0.0000      0.5000

          -2.8736    -2.8736     2.0631     2.0631     7.1005     7.1005    16.5817    16.5817

        KC interpolated eigenvalues at k=      0.5125      0.0250      0.5125

          -2.8783    -2.8699     2.0580     2.0691     7.0998     7.1182    16.5652    16.5952

        KC interpolated eigenvalues at k=      0.5250      0.0500      0.5250

          -2.8927    -2.8586     2.0432     2.0870     7.0978     7.1708    16.5159    16.6348

        KC interpolated eigenvalues at k=      0.5375      0.0750      0.5375

          -2.9172    -2.8393     2.0199     2.1166     7.0957     7.2572    16.4342    16.6982

        KC interpolated eigenvalues at k=      0.5500      0.1000      0.5500

          -2.9529    -2.8113     1.9900     2.1576     7.0948     7.3756    16.3212    16.7819

        KC interpolated eigenvalues at k=      0.5625      0.1250      0.5625

          -3.0010    -2.7739     1.9561     2.2096     7.0970     7.5234    16.1782    16.8809

        KC interpolated eigenvalues at k=      0.5750      0.1500      0.5750

          -3.0627    -2.7259     1.9211     2.2721     7.1042     7.6975    16.0069    16.9896

        KC interpolated eigenvalues at k=      0.5875      0.1750      0.5875

          -3.1393    -2.6662     1.8885     2.3443     7.1183     7.8942    15.8090    17.1020

        KC interpolated eigenvalues at k=      0.6000      0.2000      0.6000

          -3.2321    -2.5934     1.8616     2.4256     7.1411     8.1094    15.5870    17.2113

        KC interpolated eigenvalues at k=      0.6125      0.2250      0.6125

          -3.3418    -2.5062     1.8437     2.5151     7.1739     8.3385    15.3432    17.3110

        KC interpolated eigenvalues at k=      0.6250      0.2500      0.6250

          -3.4685    -2.4032     1.8374     2.6119     7.2177     8.5769    15.0802    17.3948

        KC interpolated eigenvalues at k=      0.3750      0.3750      0.7500

          -3.4685    -2.4032     1.8374     2.6119     7.2177     8.5769    15.0802    17.3948

        KC interpolated eigenvalues at k=      0.3375      0.3375      0.6750

          -3.9435    -1.9863     1.9080     2.9370     7.4190     9.2980    14.2046    17.4923

        KC interpolated eigenvalues at k=      0.3000      0.3000      0.6000

          -4.5192    -1.3881     2.1247     3.2928     7.7160     9.9301    13.2604    17.2638

        KC interpolated eigenvalues at k=      0.2625      0.2625      0.5250

          -5.1212    -0.6022     2.4701     3.6527     8.0775    10.3696    12.3229    16.6422

        KC interpolated eigenvalues at k=      0.2250      0.2250      0.4500

          -5.6798     0.3477     2.9071     3.9935     8.4613    10.5577    11.4557    15.6369

        KC interpolated eigenvalues at k=      0.1875      0.1875      0.3750

          -6.1490     1.4052     3.3926     4.2970     8.8261    10.4910    10.7042    14.3333

        KC interpolated eigenvalues at k=      0.1500      0.1500      0.3000

          -6.5101     2.4847     3.8817     4.5512     9.1393    10.0941    10.2204    12.8804

        KC interpolated eigenvalues at k=      0.1125      0.1125      0.2250

          -6.7654     3.4822     4.3282     4.7497     9.3771     9.6329     9.8379    11.4708

        KC interpolated eigenvalues at k=      0.0750      0.0750      0.1500

          -6.9294     4.2911     4.6874     4.8904     9.3159     9.4544     9.4990    10.3331

        KC interpolated eigenvalues at k=      0.0375      0.0375      0.0750

          -7.0190     4.8185     4.9208     4.9740     9.1322     9.1745     9.2883     9.8548

        KC interpolated eigenvalues at k=      0.0000      0.0000      0.0000

          -7.0473     5.0017     5.0017     5.0017     9.0723     9.0723     9.0723     9.8270

        KC interpolated eigenvalues at k=      0.0500      0.0500      0.0500

          -7.0285     4.8671     4.9715     4.9715     9.1514     9.1514     9.1710     9.8422

        KC interpolated eigenvalues at k=      0.1000      0.1000      0.1000

          -6.9700     4.4721     4.8839     4.8839     9.3082     9.3810     9.3810    10.0355

        KC interpolated eigenvalues at k=      0.1500      0.1500      0.1500

          -6.8653     3.8435     4.7474     4.7474     9.2387     9.7386     9.7386    10.6198

        KC interpolated eigenvalues at k=      0.2000      0.2000      0.2000

          -6.7048     3.0228     4.5754     4.5754     9.0471    10.1891    10.1892    11.4602

        KC interpolated eigenvalues at k=      0.2500      0.2500      0.2500

          -6.4770     2.0633     4.3848     4.3848     8.8102    10.6886    10.6886    12.4162

        KC interpolated eigenvalues at k=      0.3000      0.3000      0.3000

          -6.1719     1.0263     4.1941     4.1941     8.5661    11.1881    11.1881    13.3794

        KC interpolated eigenvalues at k=      0.3500      0.3500      0.3500

          -5.7858    -0.0198     4.0221     4.0221     8.3434    11.6387    11.6387    14.2509

        KC interpolated eigenvalues at k=      0.4000      0.4000      0.4000

          -5.3351    -0.9945     3.8856     3.8856     8.1657    11.9963    11.9963    14.9434

        KC interpolated eigenvalues at k=      0.4500      0.4500      0.4500

          -4.8938    -1.7722     3.7980     3.7980     8.0514    12.2258    12.2259    15.3883

        KC interpolated eigenvalues at k=      0.5000      0.5000      0.5000

          -4.6791    -2.1028     3.7678     3.7678     8.0119    12.3050    12.3050    15.5416

        KC interpolated eigenvalues at k=      0.5000      0.4750      0.5250

          -4.6664    -2.0901     3.7101     3.7418     8.0031    12.1294    12.3641    15.6749

        KC interpolated eigenvalues at k=      0.5000      0.4500      0.5500

          -4.6271    -2.0550     3.5433     3.6652     7.9747    11.6833    12.5421    15.9947

        KC interpolated eigenvalues at k=      0.5000      0.4250      0.5750

          -4.5578    -2.0061     3.2853     3.5414     7.9234    11.1006    12.8376    16.3694

        KC interpolated eigenvalues at k=      0.5000      0.4000      0.6000

          -4.4531    -1.9587     2.9664     3.3764     7.8503    10.4727    13.2422    16.7114

        KC interpolated eigenvalues at k=      0.5000      0.3750      0.6250

          -4.3072    -1.9360     2.6284     3.1779     7.7644     9.8547    13.7370    16.9711

        KC interpolated eigenvalues at k=      0.5000      0.3500      0.6500

          -4.1150    -1.9671     2.3218     2.9553     7.6823     9.2815    14.2937    17.1203

        KC interpolated eigenvalues at k=      0.5000      0.3250      0.6750

          -3.8737    -2.0804     2.0968     2.7204     7.6247     8.7774    14.8778    17.1435

        KC interpolated eigenvalues at k=      0.5000      0.3000      0.7000

          -3.5853    -2.2883     1.9862     2.4870     7.6134     8.3583    15.4530    17.0350

        KC interpolated eigenvalues at k=      0.5000      0.2750      0.7250

          -3.2588    -2.5771     1.9938     2.2726     7.6681     8.0332    15.9844    16.7972

        KC interpolated eigenvalues at k=      0.5000      0.2500      0.7500

          -2.9129    -2.9129     2.0991     2.0991     7.8041     7.8051    16.4403    16.4414

        KC interpolated eigenvalues at k=      0.5000      0.2250      0.7250

          -2.9120    -2.9120     2.0982     2.0982     7.7863     7.7874    16.4443    16.4453

        KC interpolated eigenvalues at k=      0.5000      0.2000      0.7000

          -2.9092    -2.9092     2.0957     2.0957     7.7351     7.7361    16.4556    16.4566

        KC interpolated eigenvalues at k=      0.5000      0.1750      0.6750

          -2.9049    -2.9049     2.0917     2.0917     7.6557     7.6566    16.4728    16.4736

        KC interpolated eigenvalues at k=      0.5000      0.1500      0.6500

          -2.8994    -2.8994     2.0867     2.0867     7.5565     7.5572    16.4937    16.4944

        KC interpolated eigenvalues at k=      0.5000      0.1250      0.6250

          -2.8934    -2.8934     2.0811     2.0811     7.4474     7.4479    16.5160    16.5165

        KC interpolated eigenvalues at k=      0.5000      0.1000      0.6000

          -2.8873    -2.8873     2.0756     2.0756     7.3392     7.3396    16.5373    16.5376

        KC interpolated eigenvalues at k=      0.5000      0.0750      0.5750

          -2.8818    -2.8818     2.0705     2.0705     7.2424     7.2426    16.5557    16.5560

        KC interpolated eigenvalues at k=      0.5000      0.0500      0.5500

          -2.8774    -2.8774     2.0665     2.0665     7.1661     7.1662    16.5699    16.5700

        KC interpolated eigenvalues at k=      0.5000      0.0250      0.5250

          -2.8746    -2.8746     2.0640     2.0640     7.1173     7.1173    16.5787    16.5788

        KC interpolated eigenvalues at k=      0.5000      0.0000      0.5000

          -2.8736    -2.8736     2.0631     2.0631     7.1005     7.1005    16.5817    16.5817

     ENDING BAND STRUCTURE INTERPOLATION


     Writing all to output data dir /home/nicola/CODES/q-e-kcw_1/tempdir/Si_kcw.save/ :
     XML data file, pseudopotentials, collected wavefunctions

     KCW          :      0.18s CPU      0.20s WALL

     INITIALIZATION: 

     init_vloc    :      0.00s CPU      0.00s WALL (       1 calls)
     init_us_1    :      0.00s CPU      0.00s WALL (       1 calls)





     h_psi        :      0.00s CPU      0.00s WALL (       8 calls)

     h_psi        :      0.00s CPU      0.00s WALL (       8 calls)
     add_vuspsi   :      0.00s CPU      0.00s WALL (       8 calls)



      General routines
     calbec       :      0.00s CPU      0.00s WALL (       8 calls)
     fft          :      0.10s CPU      0.11s WALL (       5 calls)
     ffts         :      0.01s CPU      0.02s WALL (     512 calls)
     fftw         :      0.00s CPU      0.00s WALL (     128 calls)
     davcio       :      0.00s CPU      0.00s WALL (      72 calls)


     KCW          :      0.18s CPU      0.25s WALL


   This run was terminated on:  22: 3:22  30Sep2026            

=------------------------------------------------------------------------------=
   JOB DONE.
=------------------------------------------------------------------------------=
