
     =--------------------------------------------------------------------------------=
                      :::    :::           ::::::::         :::       ::: 
                     :+:   :+:           :+:    :+:        :+:       :+:  
                    +:+  +:+            +:+               +:+       +:+   
                   +#++:++             +#+               +#+  +:+  +#+    
                  +#+  +#+            +#+               +#+ +#+#+ +#+     
                 #+#   #+#           #+#    #+#         #+#+# #+#+#       
                ###    ###           ########           ###   ###         

       Koopmans functional implementation based on DFPT; please cite this program as

        N.Colonna, R. De Gennaro, E. Linscott, and N. Marzari, JCTC 18, 5435 (2022) 

                                                                                    

       If you use the non-collinear mode (with/without spin-orbit coupling) please cite

        A. Marrazzo and N. Colonna, Phys. Rev. Research 6, 033085 (2024)  
     =--------------------------------------------------------------------------------=

     Program KCW v.8.0dev starts on 30Sep2026 at 17:26:53 
        Git branch: KCW_model_screening
        Last git commit: 7519bab24e2efdbbc16a0320cf8d2675728885da-dirty
        Last git commit date: Tue Sep 29 18:36:48 2026 +0000
        Last git commit subject: Merge branch 'remove-lapack' into 'develop'

     This program is part of the open-source Quantum ESPRESSO suite
     for quantum simulation of materials; please cite
         "P. Giannozzi et al., J. Phys.:Condens. Matter 21 395502 (2009);
         "P. Giannozzi et al., J. Phys.:Condens. Matter 29 465901 (2017);
         "P. Giannozzi et al., J. Chem. Phys. 152 154105 (2020);
          URL http://www.quantum-espresso.org", 
     in publications or presentations arising from this work. More details at
     http://www.quantum-espresso.org/quote

     Parallel version (MPI), running on     1 processors

     MPI processes distributed on     1 nodes
     475 MiB available memory on the printing compute node when the environment starts


     KCW INPUT SUMMARY 
     ============================================

      CONTROL 
       # title               =            KI H2O
       # out_dir             =/home/nicola/CODES
       # prefix              =                Si
       # calculation         =               ham
       # kcw_iverbosity      =                 1
       # kcw_at_ks           =                 F
       # MP grid             =     2     2     2
       # spin_component      =                 1
       # homo_only           =                 F
       # read_unitary_matrix =                 T
       # check_ks            =                 T
       # l_vcut              =                 F
       # assume_isolated     =              none
       # io_sp               =                 F
       # io_real_space       =                 F
       # irr_bz              =                 F
           # use_wct         =                 F

      WANNIER 
       # seedname            =                Si
       # num_wann_occ        =                 4
       # num_wann_emp        =                 4
       # have_empty          =                 T
       # has_disentangle     =                 T
       # l_unique_manifold   =                 F

      HAM 
       # qp_symm             =                 F
       # kipz_corr           =                 F
       # MP grid             =     2     2     2
       # do_bands            =                 T
       # use_ws_distance     =                 T
       # write_hr            =                 T
       # l_alpha_corr        =                 F
       # on_site_only        =                 T
     ============================================

     INFO: Reading pwscf data

     Reading xml data from directory:

     /home/nicola/CODES/q-e-kcw_1/tempdir/Si.save/

     IMPORTANT: XC functional enforced from input :
     Exchange-correlation= PW
                           (   1   4   0   0   0   0   0)
     Any further DFT definition will be discarded
     Please, verify this is what you really want


     G-vector sticks info
     --------------------
     sticks:   dense  smooth     PW     G-vecs:    dense   smooth      PW
     Sum         295     295     91                 3287     3287     609

     Using Slab Decomposition

     Reading collected, re-writing distributed wavefunctions

     INFO: total number of primitive cell    8

     READING SCREENING PARAMETERS

     INFO: alphas read from:/home/nicola/CODES/q-e-kcw_1/tempdir/kcw/Si.alpha.dat                                                                                                                                                                                                           
     iwann =     1   alpha =      0.32855206
     iwann =     2   alpha =      0.32855205
     iwann =     3   alpha =      0.32855205
     iwann =     4   alpha =      0.32855205
     iwann =     5   alpha =      0.23420816
     iwann =     6   alpha =      0.23420815
     iwann =     7   alpha =      0.23420865
     iwann =     8   alpha =      0.23420834

     INFO: MLWF read from file: Reading collected, re-writing distributed wavefunctions
     Read        8 Wannier functions

        KS Hamiltonian calculation at k=      0.0000      0.0000      0.0000   ...    DONE 

        WANN      -5.7058     6.3432     6.3432     6.3432     8.7374     8.7374     8.7374     9.4921
        PWSCF     -5.7058     6.3432     6.3432     6.3432     8.7374     8.7374     8.7374     9.4921
     Read        8 Wannier functions

        KS Hamiltonian calculation at k=     -0.5000      0.5000     -0.5000   ...    DONE 

        WANN      -3.3376    -0.7612     5.1093     5.1093     7.6771    11.9701    11.9701    15.2068
        PWSCF     -3.3376    -0.7612     5.1093     5.1093     7.6771     9.4935     9.4935    13.6075
     Read        8 Wannier functions

        KS Hamiltonian calculation at k=      0.5000      0.5000      0.5000   ...    DONE 

        WANN      -3.3376    -0.7612     5.1093     5.1093     7.6771    11.9701    11.9701    15.2067
        PWSCF     -3.3376    -0.7612     5.1093     5.1093     7.6771     9.4935     9.4935    13.6075
     Read        8 Wannier functions

        KS Hamiltonian calculation at k=      0.0000      1.0000      0.0000   ...    DONE 

        WANN      -1.5321    -1.5321     3.4046     3.4046     6.7657     6.7657    16.2469    16.2469
        PWSCF     -1.5321    -1.5321     3.4046     3.4046     6.7657     6.7657    16.2469    16.2469
     Read        8 Wannier functions

        KS Hamiltonian calculation at k=     -0.5000     -0.5000      0.5000   ...    DONE 

        WANN      -3.3376    -0.7612     5.1093     5.1093     7.6771    11.9701    11.9701    15.2068
        PWSCF     -3.3376    -0.7612     5.1093     5.1093     7.6771     9.4935     9.4935    13.6075
     Read        8 Wannier functions

        KS Hamiltonian calculation at k=     -1.0000      0.0000      0.0000   ...    DONE 

        WANN      -1.5321    -1.5321     3.4046     3.4046     6.7657     6.7657    16.2469    16.2469
        PWSCF     -1.5321    -1.5321     3.4046     3.4046     6.7657     6.7657    16.2469    16.2469
     Read        8 Wannier functions

        KS Hamiltonian calculation at k=      0.0000      0.0000      1.0000   ...    DONE 

        WANN      -1.5321    -1.5321     3.4046     3.4046     6.7657     6.7657    16.2469    16.2469
        PWSCF     -1.5321    -1.5321     3.4046     3.4046     6.7657     6.7657    16.2469    16.2469
     Read        8 Wannier functions

        KS Hamiltonian calculation at k=     -0.5000      0.5000      0.5000   ...    DONE 

        WANN      -3.3376    -0.7612     5.1093     5.1093     7.6771    11.9701    11.9701    15.2068
        PWSCF     -3.3376    -0.7612     5.1093     5.1093     7.6771     9.4935     9.4935    13.6075

     INFO: Coulomb q+G=0 treatment:
     INFO: Divergence            none    
     INFO: q-grid dimension         2   2   2
     INFO: cell volume               270.256360799503
     INFO: Gamma Extrapolation       F
     INFO: extrapolation q->0 term not estimated
     INFO: Bare Coulomb q+G=0            0.00000E+00

     INFO: READING Wannier-orbital Densities ...

        ==============================================================================
        iq =     1
        The  Wannier density at  q =    0.0000000   0.0000000   0.0000000  [Cart ]
        The  Wannier density at  q =    0.0000000   0.0000000   0.0000000  [Cryst]
        ==============================================================================


        ==============================================================================
        iq =     2
        The  Wannier density at  q =   -0.5000000   0.5000000  -0.5000000  [Cart ]
        The  Wannier density at  q =    0.0000000   0.0000000   0.5000000  [Cryst]
        ==============================================================================


        ==============================================================================
        iq =     3
        The  Wannier density at  q =    0.5000000   0.5000000   0.5000000  [Cart ]
        The  Wannier density at  q =    0.0000000   0.5000000   0.0000000  [Cryst]
        ==============================================================================


        ==============================================================================
        iq =     4
        The  Wannier density at  q =    0.0000000   1.0000000   0.0000000  [Cart ]
        The  Wannier density at  q =    0.0000000   0.5000000   0.5000000  [Cryst]
        ==============================================================================


        ==============================================================================
        iq =     5
        The  Wannier density at  q =   -0.5000000  -0.5000000   0.5000000  [Cart ]
        The  Wannier density at  q =    0.5000000   0.0000000   0.0000000  [Cryst]
        ==============================================================================


        ==============================================================================
        iq =     6
        The  Wannier density at  q =   -1.0000000   0.0000000   0.0000000  [Cart ]
        The  Wannier density at  q =    0.5000000   0.0000000   0.5000000  [Cryst]
        ==============================================================================


        ==============================================================================
        iq =     7
        The  Wannier density at  q =    0.0000000   0.0000000   1.0000000  [Cart ]
        The  Wannier density at  q =    0.5000000   0.5000000   0.0000000  [Cryst]
        ==============================================================================


        ==============================================================================
        iq =     8
        The  Wannier density at  q =   -0.5000000   0.5000000   0.5000000  [Cart ]
        The  Wannier density at  q =    0.5000000   0.5000000   0.5000000  [Cryst]
        ==============================================================================

     INFO: total number of wannier to compute    8 from     1 to     8
     INFO: PREPARING THE KCW CALCULATION ... DONE



     INFO: Skipping off-diag: only R=0 and i=j

     INFO: KC SCALAR TERM CALCULATION ... START

     INFO: KC SCALAR TERM CALCULATION ... END

          k = 0.0000 0.0000 0.0000     band energies (ev):

          KS      -5.7058     6.3432     6.3432     6.3432     8.7374     8.7374     8.7374     9.4921
          KI      -6.6435     5.4055     5.4055     5.4055     8.9438     8.9438     8.9438     9.6984

          k =-0.5000 0.5000-0.5000     band energies (ev):

          KS      -3.3376    -0.7612     5.1093     5.1093     7.6771    11.9701    11.9701    15.2068
          KI      -4.2753    -1.6990     4.1716     4.1716     7.8834    12.1764    12.1764    15.4131

          k = 0.5000 0.5000 0.5000     band energies (ev):

          KS      -3.3376    -0.7612     5.1093     5.1093     7.6771    11.9701    11.9701    15.2067
          KI      -4.2753    -1.6990     4.1716     4.1716     7.8834    12.1764    12.1764    15.4131

          k = 0.0000 1.0000 0.0000     band energies (ev):

          KS      -1.5321    -1.5321     3.4046     3.4046     6.7657     6.7657    16.2469    16.2469
          KI      -2.4699    -2.4699     2.4668     2.4668     6.9720     6.9720    16.4532    16.4532

          k =-0.5000-0.5000 0.5000     band energies (ev):

          KS      -3.3376    -0.7612     5.1093     5.1093     7.6771    11.9701    11.9701    15.2068
          KI      -4.2753    -1.6990     4.1716     4.1716     7.8834    12.1764    12.1764    15.4131

          k =-1.0000 0.0000 0.0000     band energies (ev):

          KS      -1.5321    -1.5321     3.4046     3.4046     6.7657     6.7657    16.2469    16.2469
          KI      -2.4699    -2.4699     2.4668     2.4668     6.9720     6.9720    16.4532    16.4532

          k = 0.0000 0.0000 1.0000     band energies (ev):

          KS      -1.5321    -1.5321     3.4046     3.4046     6.7657     6.7657    16.2469    16.2469
          KI      -2.4699    -2.4699     2.4668     2.4668     6.9720     6.9720    16.4532    16.4532

          k =-0.5000 0.5000 0.5000     band energies (ev):

          KS      -3.3376    -0.7612     5.1093     5.1093     7.6771    11.9701    11.9701    15.2068
          KI      -4.2753    -1.6990     4.1716     4.1716     7.8834    12.1764    12.1764    15.4131

        KS       highest occupied, lowest unoccupied level (ev):     6.3432    6.7657
        KI[2nd]  highest occupied, lowest unoccupied level (ev):     5.4055    6.9720

     ====================================
     STARTING BAND STRUCTURE INTERPOLATION
     ====================================

        KC interpolated eigenvalues at k=      0.0000      0.0000      0.0000

          -6.6435     5.4055     5.4055     5.4055     8.9438     8.9438     8.9438     9.6984

        KC interpolated eigenvalues at k=      0.0500      0.0000      0.0500

          -6.6185     5.2895     5.3334     5.3334     8.8770     9.1544     9.1544     9.7040

        KC interpolated eigenvalues at k=      0.1000      0.0000      0.1000

          -6.5397     4.9470     5.1243     5.1243     8.6817     9.7064     9.7581     9.7581

        KC interpolated eigenvalues at k=      0.1500      0.0000      0.1500

          -6.3971     4.3940     4.7987     4.7987     8.3747     9.6678    10.6758    10.6758

        KC interpolated eigenvalues at k=      0.2000      0.0000      0.2000

          -6.1760     3.6561     4.3887     4.3887     7.9866     9.5418    11.7929    11.7929

        KC interpolated eigenvalues at k=      0.2500      0.0000      0.2500

          -5.8593     2.7671     3.9345     3.9345     7.5638     9.2924    12.9801    12.9801

        KC interpolated eigenvalues at k=      0.3000      0.0000      0.3000

          -5.4310     1.7672     3.4806     3.4806     7.1664     8.9102    14.1135    14.1135

        KC interpolated eigenvalues at k=      0.3500      0.0000      0.3500

          -4.8788     0.6999     3.0714     3.0714     6.8601     8.4209    15.0898    15.0898

        KC interpolated eigenvalues at k=      0.4000      0.0000      0.4000

          -4.1975    -0.3899     2.7469     2.7469     6.7046     7.8826    15.8334    15.8334

        KC interpolated eigenvalues at k=      0.4500      0.0000      0.4500

          -3.3901    -1.4593     2.5386     2.5386     6.7394     7.3733    16.2963    16.2963

        KC interpolated eigenvalues at k=      0.5000      0.0000      0.5000

          -2.4699    -2.4699     2.4668     2.4668     6.9720     6.9720    16.4532    16.4532

        KC interpolated eigenvalues at k=      0.5125      0.0250      0.5125

          -2.4746    -2.4661     2.4618     2.4728     6.9712     6.9896    16.4367    16.4667

        KC interpolated eigenvalues at k=      0.5250      0.0500      0.5250

          -2.4889    -2.4548     2.4470     2.4907     6.9693     7.0423    16.3873    16.5063

        KC interpolated eigenvalues at k=      0.5375      0.0750      0.5375

          -2.5135    -2.4355     2.4237     2.5203     6.9672     7.1287    16.3057    16.5697

        KC interpolated eigenvalues at k=      0.5500      0.1000      0.5500

          -2.5492    -2.4075     2.3938     2.5614     6.9663     7.2470    16.1927    16.6533

        KC interpolated eigenvalues at k=      0.5625      0.1250      0.5625

          -2.5972    -2.3701     2.3598     2.6134     6.9684     7.3949    16.0497    16.7523

        KC interpolated eigenvalues at k=      0.5750      0.1500      0.5750

          -2.6589    -2.3222     2.3249     2.6758     6.9756     7.5690    15.8783    16.8611

        KC interpolated eigenvalues at k=      0.5875      0.1750      0.5875

          -2.7356    -2.2624     2.2923     2.7481     6.9898     7.7657    15.6805    16.9734

        KC interpolated eigenvalues at k=      0.6000      0.2000      0.6000

          -2.8284    -2.1897     2.2654     2.8293     7.0125     7.9809    15.4585    17.0827

        KC interpolated eigenvalues at k=      0.6125      0.2250      0.6125

          -2.9380    -2.1025     2.2474     2.9189     7.0453     8.2100    15.2146    17.1825

        KC interpolated eigenvalues at k=      0.6250      0.2500      0.6250

          -3.0648    -1.9994     2.2412     3.0157     7.0892     8.4483    14.9516    17.2663

        KC interpolated eigenvalues at k=      0.3750      0.3750      0.7500

          -3.0648    -1.9994     2.2412     3.0157     7.0892     8.4483    14.9516    17.2663

        KC interpolated eigenvalues at k=      0.3375      0.3375      0.6750

          -3.5398    -1.5825     2.3118     3.3408     7.2905     9.1695    14.0761    17.3638

        KC interpolated eigenvalues at k=      0.3000      0.3000      0.6000

          -4.1154    -0.9843     2.5285     3.6965     7.5875     9.8016    13.1318    17.1352

        KC interpolated eigenvalues at k=      0.2625      0.2625      0.5250

          -4.7174    -0.1984     2.8739     4.0565     7.9490    10.2411    12.1944    16.5137

        KC interpolated eigenvalues at k=      0.2250      0.2250      0.4500

          -5.2760     0.7515     3.3108     4.3973     8.3328    10.4291    11.3271    15.5084

        KC interpolated eigenvalues at k=      0.1875      0.1875      0.3750

          -5.7452     1.8090     3.7964     4.7008     8.6976    10.3625    10.5756    14.2047

        KC interpolated eigenvalues at k=      0.1500      0.1500      0.3000

          -6.1063     2.8884     4.2855     4.9550     9.0108     9.9655    10.0919    12.7519

        KC interpolated eigenvalues at k=      0.1125      0.1125      0.2250

          -6.3617     3.8860     4.7320     5.1534     9.2485     9.5044     9.7093    11.3423

        KC interpolated eigenvalues at k=      0.0750      0.0750      0.1500

          -6.5256     4.6948     5.0912     5.2942     9.1874     9.3258     9.3705    10.2046

        KC interpolated eigenvalues at k=      0.0375      0.0375      0.0750

          -6.6153     5.2223     5.3246     5.3778     9.0037     9.0460     9.1597     9.7263

        KC interpolated eigenvalues at k=      0.0000      0.0000      0.0000

          -6.6435     5.4055     5.4055     5.4055     8.9438     8.9438     8.9438     9.6984

        KC interpolated eigenvalues at k=      0.0500      0.0500      0.0500

          -6.6248     5.2708     5.3753     5.3753     9.0229     9.0229     9.0424     9.7136

        KC interpolated eigenvalues at k=      0.1000      0.1000      0.1000

          -6.5662     4.8759     5.2877     5.2877     9.1796     9.2524     9.2524     9.9070

        KC interpolated eigenvalues at k=      0.1500      0.1500      0.1500

          -6.4615     4.2473     5.1512     5.1512     9.1102     9.6100     9.6100    10.4913

        KC interpolated eigenvalues at k=      0.2000      0.2000      0.2000

          -6.3010     3.4266     4.9792     4.9792     8.9185    10.0606    10.0606    11.3317

        KC interpolated eigenvalues at k=      0.2500      0.2500      0.2500

          -6.0732     2.4670     4.7885     4.7885     8.6817    10.5601    10.5601    12.2876

        KC interpolated eigenvalues at k=      0.3000      0.3000      0.3000

          -5.7681     1.4301     4.5979     4.5979     8.4376    11.0596    11.0596    13.2508

        KC interpolated eigenvalues at k=      0.3500      0.3500      0.3500

          -5.3821     0.3839     4.4259     4.4259     8.2149    11.5101    11.5101    14.1223

        KC interpolated eigenvalues at k=      0.4000      0.4000      0.4000

          -4.9313    -0.5908     4.2894     4.2894     8.0372    11.8677    11.8677    14.8148

        KC interpolated eigenvalues at k=      0.4500      0.4500      0.4500

          -4.4900    -1.3684     4.2017     4.2017     7.9228    12.0973    12.0973    15.2597

        KC interpolated eigenvalues at k=      0.5000      0.5000      0.5000

          -4.2753    -1.6990     4.1716     4.1716     7.8834    12.1764    12.1764    15.4131

        KC interpolated eigenvalues at k=      0.5000      0.4750      0.5250

          -4.2626    -1.6863     4.1139     4.1456     7.8746    12.0008    12.2356    15.5463

        KC interpolated eigenvalues at k=      0.5000      0.4500      0.5500

          -4.2234    -1.6512     3.9471     4.0689     7.8461    11.5548    12.4136    15.8661

        KC interpolated eigenvalues at k=      0.5000      0.4250      0.5750

          -4.1540    -1.6023     3.6891     3.9452     7.7948    10.9720    12.7091    16.2409

        KC interpolated eigenvalues at k=      0.5000      0.4000      0.6000

          -4.0493    -1.5550     3.3701     3.7802     7.7218    10.3442    13.1136    16.5828

        KC interpolated eigenvalues at k=      0.5000      0.3750      0.6250

          -3.9035    -1.5322     3.0321     3.5816     7.6359     9.7261    13.6085    16.8425

        KC interpolated eigenvalues at k=      0.5000      0.3500      0.6500

          -3.7112    -1.5634     2.7256     3.3591     7.5538     9.1530    14.1651    16.9918

        KC interpolated eigenvalues at k=      0.5000      0.3250      0.6750

          -3.4699    -1.6766     2.5005     3.1242     7.4962     8.6488    14.7493    17.0150

        KC interpolated eigenvalues at k=      0.5000      0.3000      0.7000

          -3.1815    -1.8845     2.3900     2.8908     7.4849     8.2297    15.3245    16.9064

        KC interpolated eigenvalues at k=      0.5000      0.2750      0.7250

          -2.8550    -2.1733     2.3976     2.6763     7.5396     7.9047    15.8559    16.6686

        KC interpolated eigenvalues at k=      0.5000      0.2500      0.7500

          -2.5092    -2.5092     2.5028     2.5028     7.6755     7.6766    16.3118    16.3129

        KC interpolated eigenvalues at k=      0.5000      0.2250      0.7250

          -2.5082    -2.5082     2.5020     2.5020     7.6578     7.6589    16.3157    16.3168

        KC interpolated eigenvalues at k=      0.5000      0.2000      0.7000

          -2.5054    -2.5054     2.4994     2.4994     7.6066     7.6076    16.3271    16.3280

        KC interpolated eigenvalues at k=      0.5000      0.1750      0.6750

          -2.5011    -2.5011     2.4955     2.4955     7.5272     7.5281    16.3443    16.3451

        KC interpolated eigenvalues at k=      0.5000      0.1500      0.6500

          -2.4957    -2.4957     2.4905     2.4905     7.4279     7.4286    16.3652    16.3659

        KC interpolated eigenvalues at k=      0.5000      0.1250      0.6250

          -2.4896    -2.4896     2.4849     2.4849     7.3188     7.3194    16.3874    16.3879

        KC interpolated eigenvalues at k=      0.5000      0.1000      0.6000

          -2.4835    -2.4835     2.4793     2.4793     7.2107     7.2110    16.4087    16.4091

        KC interpolated eigenvalues at k=      0.5000      0.0750      0.5750

          -2.4780    -2.4780     2.4743     2.4743     7.1139     7.1141    16.4272    16.4274

        KC interpolated eigenvalues at k=      0.5000      0.0500      0.5500

          -2.4736    -2.4736     2.4703     2.4703     7.0375     7.0376    16.4413    16.4414

        KC interpolated eigenvalues at k=      0.5000      0.0250      0.5250

          -2.4708    -2.4708     2.4677     2.4677     6.9888     6.9888    16.4502    16.4502

        KC interpolated eigenvalues at k=      0.5000      0.0000      0.5000

          -2.4699    -2.4699     2.4668     2.4668     6.9720     6.9720    16.4532    16.4532

     ENDING BAND STRUCTURE INTERPOLATION


     Writing all to output data dir /home/nicola/CODES/q-e-kcw_1/tempdir/Si_kcw.save/ :
     XML data file, pseudopotentials, collected wavefunctions

     KCW          :      0.33s CPU      0.35s WALL

     INITIALIZATION: 

     init_vloc    :      0.01s CPU      0.01s WALL (       1 calls)
     init_us_1    :      0.00s CPU      0.00s WALL (       1 calls)





     h_psi        :      0.09s CPU      0.09s WALL (       8 calls)

     h_psi        :      0.09s CPU      0.09s WALL (       8 calls)
     add_vuspsi   :      0.00s CPU      0.00s WALL (       8 calls)



      General routines
     calbec       :      0.00s CPU      0.00s WALL (       8 calls)
     fft          :      0.12s CPU      0.12s WALL (       5 calls)
     ffts         :      0.03s CPU      0.03s WALL (     512 calls)
     fftw         :      0.09s CPU      0.09s WALL (     128 calls)
     davcio       :      0.00s CPU      0.01s WALL (      72 calls)


     KCW          :      0.33s CPU      0.39s WALL


   This run was terminated on:  17:26:53  30Sep2026            

=------------------------------------------------------------------------------=
   JOB DONE.
=------------------------------------------------------------------------------=
