
     =--------------------------------------------------------------------------------=
                      :::    :::           ::::::::         :::       ::: 
                     :+:   :+:           :+:    :+:        :+:       :+:  
                    +:+  +:+            +:+               +:+       +:+   
                   +#++:++             +#+               +#+  +:+  +#+    
                  +#+  +#+            +#+               +#+ +#+#+ +#+     
                 #+#   #+#           #+#    #+#         #+#+# #+#+#       
                ###    ###           ########           ###   ###         

       Koopmans functional implementation based on DFPT; please cite this program as

        N.Colonna, R. De Gennaro, E. Linscott, and N. Marzari, JCTC 18, 5435 (2022) 

                                                                                    

       If you use the non-collinear mode (with/without spin-orbit coupling) please cite

        A. Marrazzo and N. Colonna, Phys. Rev. Research 6, 033085 (2024)  
     =--------------------------------------------------------------------------------=

     Program KCW v.7.4 starts on 14Apr2025 at 16:33:25 
        Git branch: Coulomb_me
        Last git commit: 140e689901782c8134db5a3b00019569d766bac2-dirty
        Last git commit date: Fri Mar 21 16:08:22 2025 +0100
        Last git commit subject: forgot to brodcast input vars

     This program is part of the open-source Quantum ESPRESSO suite
     for quantum simulation of materials; please cite
         "P. Giannozzi et al., J. Phys.:Condens. Matter 21 395502 (2009);
         "P. Giannozzi et al., J. Phys.:Condens. Matter 29 465901 (2017);
         "P. Giannozzi et al., J. Chem. Phys. 152 154105 (2020);
          URL http://www.quantum-espresso.org", 
     in publications or presentations arising from this work. More details at
     http://www.quantum-espresso.org/quote

     Parallel version (MPI), running on     4 processors

     MPI processes distributed on     1 nodes
     R & G space division:  proc/nbgrp/npool/nimage =       4
     50308 MiB available memory on the printing compute node when the environment starts
 

     KCW INPUT SUMMARY 
     ============================================

      CONTROL 
       # title               =       W2K Silicon
       # out_dir             =/home/colonna_n/CO
       # prefix              =            Si_kcw
       # calculation         =          wann2kcw
       # kcw_iverbosity      =                 2
       # kcw_at_ks           =                 F
       # MP grid             =     2     2     2
       # spin_component      =                 1
       # homo_only           =                 F
       # read_unitary_matrix =                 T
       # check_ks            =                 T
       # l_vcut              =                 T
       # assume_isolated     =              none
       # io_sp               =                 F
       # io_real_space       =                 F
       # get_coulomb         =                 F
       # irr_bz              =                 F
           # use_wct         =                 F

      WANNIER 
       # seedname            =                Si
       # num_wann_occ        =                 4
       # have_empty          =                 F
       # has_disentangle     =                 F
       # l_unique_manifold   =                 T
     ============================================

     INFO: Reading pwscf data

     Reading xml data from directory:

     /home/colonna_n/CODES/q-e-kcw/tempdir/Si_kcw.save/
     Message from routine qexsd_readschema :
     input info not found or not readable in xml file

     IMPORTANT: XC functional enforced from input :
     Exchange-correlation= PW
                           (   1   4   0   0   0   0   0)
     Any further DFT definition will be discarded
     Please, verify this is what you really want

 
     Parallelization info
     --------------------
     sticks:   dense  smooth     PW     G-vecs:    dense   smooth      PW
     Min          73      73     22                  821      821     152
     Max          74      74     23                  823      823     153
     Sum         295     295     91                 3287     3287     609
 
     Using Slab Decomposition
 
     Reading collected, re-writing distributed wavefunctions

     INFO: total number of primitive cell    8

     REPORT # of electrons
     nelec=      8.00000000
     nelup=      4.00000000
     neldw=      4.00000000
     nkstot=    16
     nspin=      2

     INFO: Buffer for KS wfcs, OPENED

     INFO: Optimal Matrix READ

     INFO: total number of Wannier functions    8

     INFO: Unitary matrix, READ from file

     INFO: Buffer for WFs, OPENED

     INFO: Buffer for WFs ALL-k, OPENED

     INFO: Minimizing orbitals from Unitary Matrix Rotation

        INFO: Performing a check on the eigenvalues of the rotated KS Hamilotnian ... 

        KS Occupation Matrix ik=    1   xk =  0.0000  0.0000  0.0000

          1.0000  0.0000  0.0000  0.0000  0.0000  0.0000  0.0000  0.0000  0.0000  0.0000  0.0000  0.0000  0.0000  0.0000  0.0000  0.0000
          0.0000  0.0000  1.0000  0.0000  0.0000  0.0000  0.0000  0.0000  0.0000  0.0000  0.0000  0.0000  0.0000  0.0000  0.0000  0.0000
          0.0000  0.0000  0.0000  0.0000  1.0000  0.0000  0.0000  0.0000  0.0000  0.0000  0.0000  0.0000  0.0000  0.0000  0.0000  0.0000
          0.0000  0.0000  0.0000  0.0000  0.0000  0.0000  1.0000  0.0000  0.0000  0.0000  0.0000  0.0000  0.0000  0.0000  0.0000  0.0000
          0.0000  0.0000  0.0000  0.0000  0.0000  0.0000  0.0000  0.0000  0.0000  0.0000  0.0000  0.0000  0.0000  0.0000  0.0000  0.0000
          0.0000  0.0000  0.0000  0.0000  0.0000  0.0000  0.0000  0.0000  0.0000  0.0000  0.0000  0.0000  0.0000  0.0000  0.0000  0.0000
          0.0000  0.0000  0.0000  0.0000  0.0000  0.0000  0.0000  0.0000  0.0000  0.0000  0.0000  0.0000  0.0000  0.0000  0.0000  0.0000
          0.0000  0.0000  0.0000  0.0000  0.0000  0.0000  0.0000  0.0000  0.0000  0.0000  0.0000  0.0000  0.0000  0.0000  0.0000  0.0000

        Rotated Occupation Matrix (ROM) ik=    1   xk =  0.0000  0.0000  0.0000

          0.5000 -0.0000  0.0000 -0.0000 -0.0000  0.0000  0.0000 -0.0000  0.0000  0.0000  0.0000  0.0000  0.4753  0.1551  0.0000 -0.0000
          0.0000  0.0000  0.5000  0.0000 -0.0000 -0.0000  0.0000 -0.0000 -0.0000  0.0000  0.0000 -0.0000  0.0000 -0.0000  0.2123  0.4527
         -0.0000 -0.0000 -0.0000  0.0000  0.5000 -0.0000  0.0000  0.0000  0.4873 -0.1118 -0.0000 -0.0000 -0.0000  0.0000 -0.0000  0.0000
          0.0000  0.0000  0.0000  0.0000  0.0000 -0.0000  0.5000 -0.0000  0.0000 -0.0000  0.1641  0.4723 -0.0000 -0.0000  0.0000  0.0000
          0.0000 -0.0000 -0.0000 -0.0000  0.4873  0.1118  0.0000  0.0000  0.5000  0.0000  0.0000 -0.0000  0.0000  0.0000  0.0000 -0.0000
          0.0000 -0.0000  0.0000  0.0000 -0.0000  0.0000  0.1641 -0.4723  0.0000  0.0000  0.5000 -0.0000 -0.0000  0.0000 -0.0000 -0.0000
          0.4753 -0.1551  0.0000  0.0000 -0.0000 -0.0000 -0.0000  0.0000  0.0000 -0.0000 -0.0000 -0.0000  0.5000 -0.0000 -0.0000 -0.0000
          0.0000  0.0000  0.2123 -0.4527 -0.0000 -0.0000  0.0000 -0.0000  0.0000  0.0000 -0.0000  0.0000 -0.0000  0.0000  0.5000 -0.0000

        Trace  4.0000 -0.0000
        ROM eig    -0.0000   0.0000   0.0000   0.0000   1.0000   1.0000   1.0000   1.0000

        KS Hamiltonian calculation at k=      0.0000      0.0000      0.0000   ...    DONE 

        WANN      -5.8914     6.0880     6.0881     6.0881     8.6015     8.6021     8.6027     9.2496
        PWSCF     -6.7693     5.2100     5.2100     5.2100     8.8156     8.8156     8.8156     9.4604

        KS Occupation Matrix ik=    2   xk = -0.5000  0.5000 -0.5000

          1.0000  0.0000  0.0000  0.0000  0.0000  0.0000  0.0000  0.0000  0.0000  0.0000  0.0000  0.0000  0.0000  0.0000  0.0000  0.0000
          0.0000  0.0000  1.0000  0.0000  0.0000  0.0000  0.0000  0.0000  0.0000  0.0000  0.0000  0.0000  0.0000  0.0000  0.0000  0.0000
          0.0000  0.0000  0.0000  0.0000  1.0000  0.0000  0.0000  0.0000  0.0000  0.0000  0.0000  0.0000  0.0000  0.0000  0.0000  0.0000
          0.0000  0.0000  0.0000  0.0000  0.0000  0.0000  1.0000  0.0000  0.0000  0.0000  0.0000  0.0000  0.0000  0.0000  0.0000  0.0000
          0.0000  0.0000  0.0000  0.0000  0.0000  0.0000  0.0000  0.0000  0.0000  0.0000  0.0000  0.0000  0.0000  0.0000  0.0000  0.0000
          0.0000  0.0000  0.0000  0.0000  0.0000  0.0000  0.0000  0.0000  0.0000  0.0000  0.0000  0.0000  0.0000  0.0000  0.0000  0.0000
          0.0000  0.0000  0.0000  0.0000  0.0000  0.0000  0.0000  0.0000  0.0000  0.0000  0.0000  0.0000  0.0000  0.0000  0.0000  0.0000
          0.0000  0.0000  0.0000  0.0000  0.0000  0.0000  0.0000  0.0000  0.0000  0.0000  0.0000  0.0000  0.0000  0.0000  0.0000  0.0000

        Rotated Occupation Matrix (ROM) ik=    2   xk = -0.5000  0.5000 -0.5000

          0.5871 -0.0000  0.1778  0.1284 -0.0866  0.0095  0.2157 -0.0426 -0.2071  0.0722  0.0316  0.0540  0.2668  0.0870  0.0162 -0.0856
          0.1778 -0.1284  0.5872  0.0000 -0.1627  0.1471 -0.0427  0.0458 -0.0499  0.0714 -0.2010 -0.0889 -0.0830  0.0266  0.1192  0.2541
         -0.0866 -0.0095 -0.1627 -0.1471  0.5871 -0.0000 -0.2190  0.0187 -0.2736  0.0628 -0.0255 -0.0572  0.1998  0.0904 -0.0254  0.0834
          0.2157  0.0426 -0.0427 -0.0458 -0.2190 -0.0187  0.2386  0.0000  0.0620 -0.0088  0.0518  0.1492  0.0546  0.0306  0.0818 -0.2040
         -0.2071 -0.0722 -0.0499 -0.0714 -0.2736 -0.0628  0.0620  0.0088  0.5872 -0.0000  0.0424  0.2157  0.0693  0.0528 -0.1093  0.1901
          0.0316 -0.0540 -0.2010  0.0889 -0.0255  0.0572  0.0518 -0.1492  0.0424 -0.2157  0.2386  0.0000  0.1644 -0.1460 -0.0472 -0.0411
          0.2668 -0.0870 -0.0830 -0.0266  0.1998 -0.0904  0.0546 -0.0306  0.0693 -0.0528  0.1644  0.1460  0.5872  0.0000  0.0281  0.2175
          0.0162  0.0856  0.1192 -0.2541 -0.0254 -0.0834  0.0818  0.2040 -0.1093 -0.1901 -0.0472  0.0411  0.0281 -0.2175  0.5871 -0.0000

        Trace  4.0000 -0.0000
        ROM eig    -0.0000   0.0000   0.0000   0.0000   1.0000   1.0000   1.0000   1.0000

        KS Hamiltonian calculation at k=     -0.5000      0.5000     -0.5000   ...    DONE 

        WANN      -3.5517    -0.9267     4.8807     4.8812     7.5026    11.8042    11.8049    15.1127
        PWSCF     -4.4309    -1.8048     4.0024     4.0024     7.7175    12.0190    12.0190    15.3269

        KS Occupation Matrix ik=    3   xk =  0.5000  0.5000  0.5000

          1.0000  0.0000  0.0000  0.0000  0.0000  0.0000  0.0000  0.0000  0.0000  0.0000  0.0000  0.0000  0.0000  0.0000  0.0000  0.0000
          0.0000  0.0000  1.0000  0.0000  0.0000  0.0000  0.0000  0.0000  0.0000  0.0000  0.0000  0.0000  0.0000  0.0000  0.0000  0.0000
          0.0000  0.0000  0.0000  0.0000  1.0000  0.0000  0.0000  0.0000  0.0000  0.0000  0.0000  0.0000  0.0000  0.0000  0.0000  0.0000
          0.0000  0.0000  0.0000  0.0000  0.0000  0.0000  1.0000  0.0000  0.0000  0.0000  0.0000  0.0000  0.0000  0.0000  0.0000  0.0000
          0.0000  0.0000  0.0000  0.0000  0.0000  0.0000  0.0000  0.0000  0.0000  0.0000  0.0000  0.0000  0.0000  0.0000  0.0000  0.0000
          0.0000  0.0000  0.0000  0.0000  0.0000  0.0000  0.0000  0.0000  0.0000  0.0000  0.0000  0.0000  0.0000  0.0000  0.0000  0.0000
          0.0000  0.0000  0.0000  0.0000  0.0000  0.0000  0.0000  0.0000  0.0000  0.0000  0.0000  0.0000  0.0000  0.0000  0.0000  0.0000
          0.0000  0.0000  0.0000  0.0000  0.0000  0.0000  0.0000  0.0000  0.0000  0.0000  0.0000  0.0000  0.0000  0.0000  0.0000  0.0000

        Rotated Occupation Matrix (ROM) ik=    3   xk =  0.5000  0.5000  0.5000

          0.5871 -0.0000 -0.1782 -0.1287 -0.0866  0.0095 -0.2152  0.0425  0.2071 -0.0722  0.0440  0.0752  0.2668  0.0870  0.0116 -0.0615
         -0.1782  0.1287  0.2386  0.0000  0.1631 -0.1474 -0.0427  0.0458  0.0359 -0.0513 -0.2011 -0.0889 -0.0596  0.0191  0.0671  0.1430
         -0.0866 -0.0095  0.1631  0.1474  0.5871  0.0000  0.2185 -0.0187  0.2736 -0.0628 -0.0355 -0.0796  0.1998  0.0904 -0.0183  0.0599
         -0.2152 -0.0425 -0.0427 -0.0458  0.2185  0.0187  0.5872 -0.0000 -0.0863  0.0122  0.0921  0.2651  0.0760  0.0425  0.0818 -0.2040
          0.2071  0.0722  0.0359  0.0513  0.2736  0.0628 -0.0863 -0.0122  0.5872  0.0000  0.0423  0.2152 -0.0693 -0.0528 -0.1096  0.1906
          0.0440 -0.0752 -0.2011  0.0889 -0.0355  0.0796  0.0921 -0.2651  0.0423 -0.2152  0.5871  0.0000 -0.1640  0.1456 -0.0472 -0.0411
          0.2668 -0.0870 -0.0596 -0.0191  0.1998 -0.0904  0.0760 -0.0425 -0.0693  0.0528 -0.1640 -0.1456  0.5872  0.0000 -0.0282 -0.2180
          0.0116  0.0615  0.0671 -0.1430 -0.0183 -0.0599  0.0818  0.2040 -0.1096 -0.1906 -0.0472  0.0411 -0.0282  0.2180  0.2386 -0.0000

        Trace  4.0000  0.0000
        ROM eig    -0.0000   0.0000   0.0000   0.0000   1.0000   1.0000   1.0000   1.0000

        KS Hamiltonian calculation at k=      0.5000      0.5000      0.5000   ...    DONE 

        WANN      -3.5514    -0.9265     4.8809     4.8814     7.5033    11.8044    11.8056    15.1130
        PWSCF     -4.4309    -1.8048     4.0024     4.0024     7.7175    12.0190    12.0190    15.3269

        KS Occupation Matrix ik=    4   xk =  0.0000  1.0000  0.0000

          1.0000  0.0000  0.0000  0.0000  0.0000  0.0000  0.0000  0.0000  0.0000  0.0000  0.0000  0.0000  0.0000  0.0000  0.0000  0.0000
          0.0000  0.0000  1.0000  0.0000  0.0000  0.0000  0.0000  0.0000  0.0000  0.0000  0.0000  0.0000  0.0000  0.0000  0.0000  0.0000
          0.0000  0.0000  0.0000  0.0000  1.0000  0.0000  0.0000  0.0000  0.0000  0.0000  0.0000  0.0000  0.0000  0.0000  0.0000  0.0000
          0.0000  0.0000  0.0000  0.0000  0.0000  0.0000  1.0000  0.0000  0.0000  0.0000  0.0000  0.0000  0.0000  0.0000  0.0000  0.0000
          0.0000  0.0000  0.0000  0.0000  0.0000  0.0000  0.0000  0.0000  0.0000  0.0000  0.0000  0.0000  0.0000  0.0000  0.0000  0.0000
          0.0000  0.0000  0.0000  0.0000  0.0000  0.0000  0.0000  0.0000  0.0000  0.0000  0.0000  0.0000  0.0000  0.0000  0.0000  0.0000
          0.0000  0.0000  0.0000  0.0000  0.0000  0.0000  0.0000  0.0000  0.0000  0.0000  0.0000  0.0000  0.0000  0.0000  0.0000  0.0000
          0.0000  0.0000  0.0000  0.0000  0.0000  0.0000  0.0000  0.0000  0.0000  0.0000  0.0000  0.0000  0.0000  0.0000  0.0000  0.0000

        Rotated Occupation Matrix (ROM) ik=    4   xk =  0.0000  1.0000  0.0000

          0.5000  0.0000 -0.0000 -0.0000 -0.0000  0.0000  0.0000 -0.0000 -0.4249  0.1480  0.0758  0.1296  0.0476  0.0155  0.0279 -0.1475
         -0.0000  0.0000  0.5000 -0.0000  0.0000 -0.0000  0.0000 -0.0000 -0.0860  0.1230 -0.4115 -0.1819 -0.1430  0.0458 -0.0213 -0.0453
         -0.0000 -0.0000  0.0000  0.0000  0.5000  0.0000 -0.0000  0.0000 -0.0488  0.0112 -0.0612 -0.1371  0.4099  0.1855 -0.0438  0.1436
          0.0000  0.0000  0.0000  0.0000 -0.0000 -0.0000  0.5000  0.0000  0.1486 -0.0210 -0.0164 -0.0473  0.1310  0.0733  0.1675 -0.4176
         -0.4249 -0.1480 -0.0860 -0.1230 -0.0488 -0.0112  0.1486  0.0210  0.5000 -0.0000 -0.0000 -0.0000 -0.0000 -0.0000 -0.0000  0.0000
          0.0758 -0.1296 -0.4115  0.1819 -0.0612  0.1371 -0.0164  0.0473 -0.0000  0.0000  0.5000  0.0000 -0.0000  0.0000 -0.0000 -0.0000
          0.0476 -0.0155 -0.1430 -0.0458  0.4099 -0.1855  0.1310 -0.0733 -0.0000  0.0000 -0.0000 -0.0000  0.5000  0.0000  0.0000  0.0000
          0.0279  0.1475 -0.0213  0.0453 -0.0438 -0.1436  0.1675  0.4176 -0.0000 -0.0000 -0.0000  0.0000  0.0000 -0.0000  0.5000  0.0000

        Trace  4.0000  0.0000
        ROM eig    -0.0000   0.0000   0.0000   0.0000   1.0000   1.0000   1.0000   1.0000

        KS Hamiltonian calculation at k=      0.0000      1.0000      0.0000   ...    DONE 

        WANN      -1.7465    -1.7457     3.2159     3.2160     6.6832     6.6854    16.0536    16.0543
        PWSCF     -2.6259    -2.6259     2.3378     2.3378     6.8967     6.8967    16.2683    16.2683

        KS Occupation Matrix ik=    5   xk = -0.5000 -0.5000  0.5000

          1.0000  0.0000  0.0000  0.0000  0.0000  0.0000  0.0000  0.0000  0.0000  0.0000  0.0000  0.0000  0.0000  0.0000  0.0000  0.0000
          0.0000  0.0000  1.0000  0.0000  0.0000  0.0000  0.0000  0.0000  0.0000  0.0000  0.0000  0.0000  0.0000  0.0000  0.0000  0.0000
          0.0000  0.0000  0.0000  0.0000  1.0000  0.0000  0.0000  0.0000  0.0000  0.0000  0.0000  0.0000  0.0000  0.0000  0.0000  0.0000
          0.0000  0.0000  0.0000  0.0000  0.0000  0.0000  1.0000  0.0000  0.0000  0.0000  0.0000  0.0000  0.0000  0.0000  0.0000  0.0000
          0.0000  0.0000  0.0000  0.0000  0.0000  0.0000  0.0000  0.0000  0.0000  0.0000  0.0000  0.0000  0.0000  0.0000  0.0000  0.0000
          0.0000  0.0000  0.0000  0.0000  0.0000  0.0000  0.0000  0.0000  0.0000  0.0000  0.0000  0.0000  0.0000  0.0000  0.0000  0.0000
          0.0000  0.0000  0.0000  0.0000  0.0000  0.0000  0.0000  0.0000  0.0000  0.0000  0.0000  0.0000  0.0000  0.0000  0.0000  0.0000
          0.0000  0.0000  0.0000  0.0000  0.0000  0.0000  0.0000  0.0000  0.0000  0.0000  0.0000  0.0000  0.0000  0.0000  0.0000  0.0000

        Rotated Occupation Matrix (ROM) ik=    5   xk = -0.5000 -0.5000  0.5000

          0.2386 -0.0000 -0.1782 -0.1287 -0.0622  0.0069 -0.2157  0.0426 -0.2076  0.0723  0.0316  0.0540  0.1502  0.0490  0.0116 -0.0615
         -0.1782  0.1287  0.5872 -0.0000 -0.1627  0.1471  0.0594 -0.0637  0.0499 -0.0714  0.2006  0.0887 -0.0596  0.0191  0.1192  0.2541
         -0.0622 -0.0069 -0.1627 -0.1471  0.5871  0.0000 -0.2185  0.0187  0.2736 -0.0628 -0.0355 -0.0796 -0.2003 -0.0906 -0.0254  0.0834
         -0.2157 -0.0426  0.0594  0.0637 -0.2185 -0.0187  0.5872  0.0000  0.0863 -0.0122 -0.0921 -0.2651 -0.0546 -0.0306  0.0817 -0.2035
         -0.2076 -0.0723  0.0499  0.0714  0.2736  0.0628  0.0863  0.0122  0.5872 -0.0000  0.0423  0.2152 -0.0498 -0.0379  0.1093 -0.1901
          0.0316 -0.0540  0.2006 -0.0887 -0.0355  0.0796 -0.0921  0.2651  0.0423 -0.2152  0.5871 -0.0000  0.1644 -0.1460 -0.0658 -0.0572
          0.1502 -0.0490 -0.0596 -0.0191 -0.2003  0.0906 -0.0546  0.0306 -0.0498  0.0379  0.1644  0.1460  0.2386  0.0000 -0.0282 -0.2180
          0.0116  0.0615  0.1192 -0.2541 -0.0254 -0.0834  0.0817  0.2035  0.1093  0.1901 -0.0658  0.0572 -0.0282  0.2180  0.5871 -0.0000

        Trace  4.0000 -0.0000
        ROM eig    -0.0000  -0.0000   0.0000   0.0000   1.0000   1.0000   1.0000   1.0000

        KS Hamiltonian calculation at k=     -0.5000     -0.5000      0.5000   ...    DONE 

        WANN      -3.5516    -0.9267     4.8810     4.8811     7.5026    11.8044    11.8047    15.1129
        PWSCF     -4.4309    -1.8048     4.0024     4.0024     7.7175    12.0190    12.0190    15.3269

        KS Occupation Matrix ik=    6   xk = -1.0000  0.0000  0.0000

          1.0000  0.0000  0.0000  0.0000  0.0000  0.0000  0.0000  0.0000  0.0000  0.0000  0.0000  0.0000  0.0000  0.0000  0.0000  0.0000
          0.0000  0.0000  1.0000  0.0000  0.0000  0.0000  0.0000  0.0000  0.0000  0.0000  0.0000  0.0000  0.0000  0.0000  0.0000  0.0000
          0.0000  0.0000  0.0000  0.0000  1.0000  0.0000  0.0000  0.0000  0.0000  0.0000  0.0000  0.0000  0.0000  0.0000  0.0000  0.0000
          0.0000  0.0000  0.0000  0.0000  0.0000  0.0000  1.0000  0.0000  0.0000  0.0000  0.0000  0.0000  0.0000  0.0000  0.0000  0.0000
          0.0000  0.0000  0.0000  0.0000  0.0000  0.0000  0.0000  0.0000  0.0000  0.0000  0.0000  0.0000  0.0000  0.0000  0.0000  0.0000
          0.0000  0.0000  0.0000  0.0000  0.0000  0.0000  0.0000  0.0000  0.0000  0.0000  0.0000  0.0000  0.0000  0.0000  0.0000  0.0000
          0.0000  0.0000  0.0000  0.0000  0.0000  0.0000  0.0000  0.0000  0.0000  0.0000  0.0000  0.0000  0.0000  0.0000  0.0000  0.0000
          0.0000  0.0000  0.0000  0.0000  0.0000  0.0000  0.0000  0.0000  0.0000  0.0000  0.0000  0.0000  0.0000  0.0000  0.0000  0.0000

        Rotated Occupation Matrix (ROM) ik=    6   xk = -1.0000  0.0000  0.0000

          0.5000  0.0000  0.0000  0.0000 -0.1492  0.0164 -0.4414  0.0871 -0.0000  0.0000  0.0000  0.0000 -0.0476 -0.0155  0.0279 -0.1475
          0.0000 -0.0000  0.5000 -0.0000 -0.3338  0.3017  0.1024 -0.1098  0.0000 -0.0000  0.0000  0.0000 -0.1430  0.0458  0.0213  0.0453
         -0.1492 -0.0164 -0.3338 -0.3017  0.5000  0.0000  0.0000 -0.0000 -0.0488  0.0112 -0.0612 -0.1371 -0.0000 -0.0000 -0.0000  0.0000
         -0.4414 -0.0871  0.1024  0.1098  0.0000  0.0000  0.5000  0.0000 -0.1486  0.0210  0.0164  0.0473  0.0000  0.0000 -0.0000  0.0000
         -0.0000 -0.0000  0.0000  0.0000 -0.0488 -0.0112 -0.1486 -0.0210  0.5000  0.0000 -0.0000 -0.0000  0.1194  0.0909 -0.2243  0.3900
          0.0000 -0.0000  0.0000 -0.0000 -0.0612  0.1371  0.0164 -0.0473 -0.0000  0.0000  0.5000 -0.0000  0.3364 -0.2988 -0.1133 -0.0985
         -0.0476  0.0155 -0.1430 -0.0458 -0.0000  0.0000  0.0000 -0.0000  0.1194 -0.0909  0.3364  0.2988  0.5000 -0.0000 -0.0000 -0.0000
          0.0279  0.1475  0.0213 -0.0453 -0.0000 -0.0000 -0.0000 -0.0000 -0.2243 -0.3900 -0.1133  0.0985 -0.0000  0.0000  0.5000 -0.0000

        Trace  4.0000  0.0000
        ROM eig    -0.0000   0.0000   0.0000   0.0000   1.0000   1.0000   1.0000   1.0000

        KS Hamiltonian calculation at k=     -1.0000      0.0000      0.0000   ...    DONE 

        WANN      -1.7473    -1.7472     3.2158     3.2158     6.6822     6.6848    16.0534    16.0534
        PWSCF     -2.6259    -2.6259     2.3378     2.3378     6.8967     6.8967    16.2683    16.2683

        KS Occupation Matrix ik=    7   xk =  0.0000  0.0000  1.0000

          1.0000  0.0000  0.0000  0.0000  0.0000  0.0000  0.0000  0.0000  0.0000  0.0000  0.0000  0.0000  0.0000  0.0000  0.0000  0.0000
          0.0000  0.0000  1.0000  0.0000  0.0000  0.0000  0.0000  0.0000  0.0000  0.0000  0.0000  0.0000  0.0000  0.0000  0.0000  0.0000
          0.0000  0.0000  0.0000  0.0000  1.0000  0.0000  0.0000  0.0000  0.0000  0.0000  0.0000  0.0000  0.0000  0.0000  0.0000  0.0000
          0.0000  0.0000  0.0000  0.0000  0.0000  0.0000  1.0000  0.0000  0.0000  0.0000  0.0000  0.0000  0.0000  0.0000  0.0000  0.0000
          0.0000  0.0000  0.0000  0.0000  0.0000  0.0000  0.0000  0.0000  0.0000  0.0000  0.0000  0.0000  0.0000  0.0000  0.0000  0.0000
          0.0000  0.0000  0.0000  0.0000  0.0000  0.0000  0.0000  0.0000  0.0000  0.0000  0.0000  0.0000  0.0000  0.0000  0.0000  0.0000
          0.0000  0.0000  0.0000  0.0000  0.0000  0.0000  0.0000  0.0000  0.0000  0.0000  0.0000  0.0000  0.0000  0.0000  0.0000  0.0000
          0.0000  0.0000  0.0000  0.0000  0.0000  0.0000  0.0000  0.0000  0.0000  0.0000  0.0000  0.0000  0.0000  0.0000  0.0000  0.0000

        Rotated Occupation Matrix (ROM) ik=    7   xk =  0.0000  0.0000  1.0000

          0.5000 -0.0000 -0.3648 -0.2633 -0.1492  0.0164  0.0000 -0.0000  0.0000 -0.0000  0.0758  0.1296 -0.0476 -0.0155  0.0000 -0.0000
         -0.3648  0.2633  0.5000  0.0000  0.0000 -0.0000  0.1024 -0.1098  0.0860 -0.1230 -0.0000 -0.0000  0.0000 -0.0000 -0.0213 -0.0453
         -0.1492 -0.0164  0.0000  0.0000  0.5000 -0.0000 -0.4483  0.0383  0.0488 -0.0112 -0.0000 -0.0000 -0.0000 -0.0000 -0.0438  0.1436
          0.0000  0.0000  0.1024  0.1098 -0.4483 -0.0383  0.5000 -0.0000 -0.0000  0.0000 -0.0164 -0.0473 -0.1310 -0.0733  0.0000 -0.0000
          0.0000  0.0000  0.0860  0.1230  0.0488  0.0112 -0.0000 -0.0000  0.5000 -0.0000  0.0867  0.4415 -0.1194 -0.0909  0.0000 -0.0000
          0.0758 -0.1296 -0.0000  0.0000 -0.0000  0.0000 -0.0164  0.0473  0.0867 -0.4415  0.5000  0.0000  0.0000 -0.0000 -0.1133 -0.0985
         -0.0476  0.0155  0.0000  0.0000 -0.0000  0.0000 -0.1310  0.0733 -0.1194  0.0909  0.0000  0.0000  0.5000  0.0000 -0.0577 -0.4462
          0.0000  0.0000 -0.0213  0.0453 -0.0438 -0.1436  0.0000  0.0000  0.0000  0.0000 -0.1133  0.0985 -0.0577  0.4462  0.5000  0.0000

        Trace  4.0000  0.0000
        ROM eig    -0.0000  -0.0000   0.0000   0.0000   1.0000   1.0000   1.0000   1.0000

        KS Hamiltonian calculation at k=      0.0000      0.0000      1.0000   ...    DONE 

        WANN      -1.7478    -1.7475     3.2158     3.2158     6.6815     6.6839    16.0533    16.0533
        PWSCF     -2.6259    -2.6259     2.3378     2.3378     6.8967     6.8967    16.2683    16.2683

        KS Occupation Matrix ik=    8   xk = -0.5000  0.5000  0.5000

          1.0000  0.0000  0.0000  0.0000  0.0000  0.0000  0.0000  0.0000  0.0000  0.0000  0.0000  0.0000  0.0000  0.0000  0.0000  0.0000
          0.0000  0.0000  1.0000  0.0000  0.0000  0.0000  0.0000  0.0000  0.0000  0.0000  0.0000  0.0000  0.0000  0.0000  0.0000  0.0000
          0.0000  0.0000  0.0000  0.0000  1.0000  0.0000  0.0000  0.0000  0.0000  0.0000  0.0000  0.0000  0.0000  0.0000  0.0000  0.0000
          0.0000  0.0000  0.0000  0.0000  0.0000  0.0000  1.0000  0.0000  0.0000  0.0000  0.0000  0.0000  0.0000  0.0000  0.0000  0.0000
          0.0000  0.0000  0.0000  0.0000  0.0000  0.0000  0.0000  0.0000  0.0000  0.0000  0.0000  0.0000  0.0000  0.0000  0.0000  0.0000
          0.0000  0.0000  0.0000  0.0000  0.0000  0.0000  0.0000  0.0000  0.0000  0.0000  0.0000  0.0000  0.0000  0.0000  0.0000  0.0000
          0.0000  0.0000  0.0000  0.0000  0.0000  0.0000  0.0000  0.0000  0.0000  0.0000  0.0000  0.0000  0.0000  0.0000  0.0000  0.0000
          0.0000  0.0000  0.0000  0.0000  0.0000  0.0000  0.0000  0.0000  0.0000  0.0000  0.0000  0.0000  0.0000  0.0000  0.0000  0.0000

        Rotated Occupation Matrix (ROM) ik=    8   xk = -0.5000  0.5000  0.5000

          0.5871 -0.0000 -0.1778 -0.1284 -0.0622  0.0069 -0.2152  0.0425 -0.2076  0.0723  0.0440  0.0752 -0.2668 -0.0870  0.0162 -0.0856
         -0.1778  0.1284  0.5872  0.0000 -0.1631  0.1474  0.0594 -0.0637 -0.0359  0.0513 -0.2006 -0.0887 -0.0830  0.0266 -0.1192 -0.2541
         -0.0622 -0.0069 -0.1631 -0.1474  0.2386 -0.0000 -0.2190  0.0187  0.1539 -0.0353 -0.0255 -0.0572  0.2003  0.0906 -0.0183  0.0599
         -0.2152 -0.0425  0.0594  0.0637 -0.2190 -0.0187  0.5872  0.0000 -0.0620  0.0088  0.0921  0.2651 -0.0760 -0.0425 -0.0817  0.2035
         -0.2076 -0.0723 -0.0359 -0.0513  0.1539  0.0353 -0.0620 -0.0088  0.2386 -0.0000 -0.0424 -0.2157  0.0498  0.0379 -0.1096  0.1906
          0.0440 -0.0752 -0.2006  0.0887 -0.0255  0.0572  0.0921 -0.2651 -0.0424  0.2157  0.5871  0.0000  0.1640 -0.1456 -0.0658 -0.0572
         -0.2668  0.0870 -0.0830 -0.0266  0.2003 -0.0906 -0.0760  0.0425  0.0498 -0.0379  0.1640  0.1456  0.5872 -0.0000 -0.0281 -0.2175
          0.0162  0.0856 -0.1192  0.2541 -0.0183 -0.0599 -0.0817 -0.2035 -0.1096 -0.1906 -0.0658  0.0572 -0.0281  0.2175  0.5871 -0.0000

        Trace  4.0000 -0.0000
        ROM eig    -0.0000  -0.0000   0.0000   0.0000   1.0000   1.0000   1.0000   1.0000

        KS Hamiltonian calculation at k=     -0.5000      0.5000      0.5000   ...    DONE 

        WANN      -3.5529    -0.9269     4.8803     4.8803     7.5023    11.8039    11.8039    15.1117
        PWSCF     -4.4309    -1.8048     4.0024     4.0024     7.7175    12.0190    12.0190    15.3269

        INFO: Performing a check on the eigenvalues of the rotated KS Hamiltonian ... DONE

     INFO: Minimizing orbitals DEFINED

     INFO: Dielectric tensor = NOT SPECIFIED
           NO Correction for the Screened Coulomb

     INFO: Coulomb q+G=0 treatment:
     INFO: Divergence            gb      
     INFO: q-grid dimension         2   2   2
     INFO: cell volume               270.256360799503
     INFO: Gamma Extrapolation       F
     INFO: extrapolation q->0 term not estimated
     INFO: Bare Coulomb q+G=0           -9.65859E+02


     INFO: PREPARING THE KCW CALCULATION ...

     INFO: Compute Wannier-orbital Densities ...

        ==============================================================================
        iq =     1
        The Wannier density at  q =    0.0000000   0.0000000   0.0000000  [Cart ]
        The Wannier density at  q =    0.0000000   0.0000000   0.0000000  [Cryst]
        ==============================================================================

        The map (iq,ik) --> ip + G      (    1   1  )        1        +  0.0000  0.0000  0.0000 [Cryst]
        The map (iq,ik) --> ip + G      (    1   2  )        2        +  0.0000  0.0000  0.0000 [Cryst]
        The map (iq,ik) --> ip + G      (    1   3  )        3        +  0.0000  0.0000  0.0000 [Cryst]
        The map (iq,ik) --> ip + G      (    1   4  )        4        +  0.0000  0.0000  0.0000 [Cryst]
        The map (iq,ik) --> ip + G      (    1   5  )        5        +  0.0000  0.0000  0.0000 [Cryst]
        The map (iq,ik) --> ip + G      (    1   6  )        6        +  0.0000  0.0000  0.0000 [Cryst]
        The map (iq,ik) --> ip + G      (    1   7  )        7        +  0.0000  0.0000  0.0000 [Cryst]
        The map (iq,ik) --> ip + G      (    1   8  )        8        +  0.0000  0.0000  0.0000 [Cryst]
 
        INFO: Map k+q -> p in 1BZ DONE  

        INFO: rho_q(r) DONE 

        INFO: iq =     1   Structure Factor S(q) [Re, Im] =   8.00000000  0.00000000


        ==============================================================================
        iq =     2
        The Wannier density at  q =   -0.5000000   0.5000000  -0.5000000  [Cart ]
        The Wannier density at  q =    0.0000000   0.0000000   0.5000000  [Cryst]
        ==============================================================================

        The map (iq,ik) --> ip + G      (    2   1  )        2        +  0.0000  0.0000  0.0000 [Cryst]
        The map (iq,ik) --> ip + G      (    2   2  )        1        +  0.0000  0.0000  1.0000 [Cryst]
        The map (iq,ik) --> ip + G      (    2   3  )        4        +  0.0000  0.0000  0.0000 [Cryst]
        The map (iq,ik) --> ip + G      (    2   4  )        3        +  0.0000  0.0000  1.0000 [Cryst]
        The map (iq,ik) --> ip + G      (    2   5  )        6        +  0.0000  0.0000  0.0000 [Cryst]
        The map (iq,ik) --> ip + G      (    2   6  )        5        +  0.0000  0.0000  1.0000 [Cryst]
        The map (iq,ik) --> ip + G      (    2   7  )        8        +  0.0000  0.0000  0.0000 [Cryst]
        The map (iq,ik) --> ip + G      (    2   8  )        7        +  0.0000  0.0000  1.0000 [Cryst]
 
        INFO: Map k+q -> p in 1BZ DONE  

        INFO: rho_q(r) DONE 

        INFO: iq =     2   Structure Factor S(q) [Re, Im] =   0.00000000 -0.00000000


        ==============================================================================
        iq =     3
        The Wannier density at  q =    0.5000000   0.5000000   0.5000000  [Cart ]
        The Wannier density at  q =    0.0000000   0.5000000   0.0000000  [Cryst]
        ==============================================================================

        The map (iq,ik) --> ip + G      (    3   1  )        3        +  0.0000  0.0000  0.0000 [Cryst]
        The map (iq,ik) --> ip + G      (    3   2  )        4        +  0.0000  0.0000  0.0000 [Cryst]
        The map (iq,ik) --> ip + G      (    3   3  )        1        +  0.0000  1.0000  0.0000 [Cryst]
        The map (iq,ik) --> ip + G      (    3   4  )        2        +  0.0000  1.0000  0.0000 [Cryst]
        The map (iq,ik) --> ip + G      (    3   5  )        7        +  0.0000  0.0000  0.0000 [Cryst]
        The map (iq,ik) --> ip + G      (    3   6  )        8        +  0.0000  0.0000  0.0000 [Cryst]
        The map (iq,ik) --> ip + G      (    3   7  )        5        +  0.0000  1.0000  0.0000 [Cryst]
        The map (iq,ik) --> ip + G      (    3   8  )        6        +  0.0000  1.0000  0.0000 [Cryst]
 
        INFO: Map k+q -> p in 1BZ DONE  

        INFO: rho_q(r) DONE 

        INFO: iq =     3   Structure Factor S(q) [Re, Im] =   0.00000000 -0.00000000


        ==============================================================================
        iq =     4
        The Wannier density at  q =    0.0000000   1.0000000   0.0000000  [Cart ]
        The Wannier density at  q =    0.0000000   0.5000000   0.5000000  [Cryst]
        ==============================================================================

        The map (iq,ik) --> ip + G      (    4   1  )        4        +  0.0000  0.0000  0.0000 [Cryst]
        The map (iq,ik) --> ip + G      (    4   2  )        3        +  0.0000  0.0000  1.0000 [Cryst]
        The map (iq,ik) --> ip + G      (    4   3  )        2        +  0.0000  1.0000  0.0000 [Cryst]
        The map (iq,ik) --> ip + G      (    4   4  )        1        +  0.0000  1.0000  1.0000 [Cryst]
        The map (iq,ik) --> ip + G      (    4   5  )        8        +  0.0000  0.0000  0.0000 [Cryst]
        The map (iq,ik) --> ip + G      (    4   6  )        7        +  0.0000  0.0000  1.0000 [Cryst]
        The map (iq,ik) --> ip + G      (    4   7  )        6        +  0.0000  1.0000  0.0000 [Cryst]
        The map (iq,ik) --> ip + G      (    4   8  )        5        +  0.0000  1.0000  1.0000 [Cryst]
 
        INFO: Map k+q -> p in 1BZ DONE  

        INFO: rho_q(r) DONE 

        INFO: iq =     4   Structure Factor S(q) [Re, Im] =   0.00000000  0.00000000


        ==============================================================================
        iq =     5
        The Wannier density at  q =   -0.5000000  -0.5000000   0.5000000  [Cart ]
        The Wannier density at  q =    0.5000000   0.0000000   0.0000000  [Cryst]
        ==============================================================================

        The map (iq,ik) --> ip + G      (    5   1  )        5        +  0.0000  0.0000  0.0000 [Cryst]
        The map (iq,ik) --> ip + G      (    5   2  )        6        +  0.0000  0.0000  0.0000 [Cryst]
        The map (iq,ik) --> ip + G      (    5   3  )        7        +  0.0000  0.0000  0.0000 [Cryst]
        The map (iq,ik) --> ip + G      (    5   4  )        8        +  0.0000  0.0000  0.0000 [Cryst]
        The map (iq,ik) --> ip + G      (    5   5  )        1        +  1.0000  0.0000  0.0000 [Cryst]
        The map (iq,ik) --> ip + G      (    5   6  )        2        +  1.0000  0.0000  0.0000 [Cryst]
        The map (iq,ik) --> ip + G      (    5   7  )        3        +  1.0000  0.0000  0.0000 [Cryst]
        The map (iq,ik) --> ip + G      (    5   8  )        4        +  1.0000  0.0000  0.0000 [Cryst]
 
        INFO: Map k+q -> p in 1BZ DONE  

        INFO: rho_q(r) DONE 

        INFO: iq =     5   Structure Factor S(q) [Re, Im] =   0.00000000 -0.00000000


        ==============================================================================
        iq =     6
        The Wannier density at  q =   -1.0000000   0.0000000   0.0000000  [Cart ]
        The Wannier density at  q =    0.5000000   0.0000000   0.5000000  [Cryst]
        ==============================================================================

        The map (iq,ik) --> ip + G      (    6   1  )        6        +  0.0000  0.0000  0.0000 [Cryst]
        The map (iq,ik) --> ip + G      (    6   2  )        5        +  0.0000  0.0000  1.0000 [Cryst]
        The map (iq,ik) --> ip + G      (    6   3  )        8        +  0.0000  0.0000  0.0000 [Cryst]
        The map (iq,ik) --> ip + G      (    6   4  )        7        +  0.0000  0.0000  1.0000 [Cryst]
        The map (iq,ik) --> ip + G      (    6   5  )        2        +  1.0000  0.0000  0.0000 [Cryst]
        The map (iq,ik) --> ip + G      (    6   6  )        1        +  1.0000  0.0000  1.0000 [Cryst]
        The map (iq,ik) --> ip + G      (    6   7  )        4        +  1.0000  0.0000  0.0000 [Cryst]
        The map (iq,ik) --> ip + G      (    6   8  )        3        +  1.0000  0.0000  1.0000 [Cryst]
 
        INFO: Map k+q -> p in 1BZ DONE  

        INFO: rho_q(r) DONE 

        INFO: iq =     6   Structure Factor S(q) [Re, Im] =   0.00000000  0.00000000


        ==============================================================================
        iq =     7
        The Wannier density at  q =    0.0000000   0.0000000   1.0000000  [Cart ]
        The Wannier density at  q =    0.5000000   0.5000000   0.0000000  [Cryst]
        ==============================================================================

        The map (iq,ik) --> ip + G      (    7   1  )        7        +  0.0000  0.0000  0.0000 [Cryst]
        The map (iq,ik) --> ip + G      (    7   2  )        8        +  0.0000  0.0000  0.0000 [Cryst]
        The map (iq,ik) --> ip + G      (    7   3  )        5        +  0.0000  1.0000  0.0000 [Cryst]
        The map (iq,ik) --> ip + G      (    7   4  )        6        +  0.0000  1.0000  0.0000 [Cryst]
        The map (iq,ik) --> ip + G      (    7   5  )        3        +  1.0000  0.0000  0.0000 [Cryst]
        The map (iq,ik) --> ip + G      (    7   6  )        4        +  1.0000  0.0000  0.0000 [Cryst]
        The map (iq,ik) --> ip + G      (    7   7  )        1        +  1.0000  1.0000  0.0000 [Cryst]
        The map (iq,ik) --> ip + G      (    7   8  )        2        +  1.0000  1.0000  0.0000 [Cryst]
 
        INFO: Map k+q -> p in 1BZ DONE  

        INFO: rho_q(r) DONE 

        INFO: iq =     7   Structure Factor S(q) [Re, Im] =   0.00000000  0.00000000


        ==============================================================================
        iq =     8
        The Wannier density at  q =   -0.5000000   0.5000000   0.5000000  [Cart ]
        The Wannier density at  q =    0.5000000   0.5000000   0.5000000  [Cryst]
        ==============================================================================

        The map (iq,ik) --> ip + G      (    8   1  )        8        +  0.0000  0.0000  0.0000 [Cryst]
        The map (iq,ik) --> ip + G      (    8   2  )        7        +  0.0000  0.0000  1.0000 [Cryst]
        The map (iq,ik) --> ip + G      (    8   3  )        6        +  0.0000  1.0000  0.0000 [Cryst]
        The map (iq,ik) --> ip + G      (    8   4  )        5        +  0.0000  1.0000  1.0000 [Cryst]
        The map (iq,ik) --> ip + G      (    8   5  )        4        +  1.0000  0.0000  0.0000 [Cryst]
        The map (iq,ik) --> ip + G      (    8   6  )        3        +  1.0000  0.0000  1.0000 [Cryst]
        The map (iq,ik) --> ip + G      (    8   7  )        2        +  1.0000  1.0000  0.0000 [Cryst]
        The map (iq,ik) --> ip + G      (    8   8  )        1        +  1.0000  1.0000  1.0000 [Cryst]
 
        INFO: Map k+q -> p in 1BZ DONE  

        INFO: rho_q(r) DONE 

        INFO: iq =     8   Structure Factor S(q) [Re, Im] =   0.00000000  0.00000000

     INFO: Wannier density number
     iwann=   1   ipol=   1   int rho_wann[ipol](r) [Re, Im] =        0.99999658       -0.00000000
     iwann=   2   ipol=   1   int rho_wann[ipol](r) [Re, Im] =        0.99999705       -0.00000000
     iwann=   3   ipol=   1   int rho_wann[ipol](r) [Re, Im] =        0.99999635        0.00000000
     iwann=   4   ipol=   1   int rho_wann[ipol](r) [Re, Im] =        0.99999706       -0.00000000
     iwann=   5   ipol=   1   int rho_wann[ipol](r) [Re, Im] =        0.99999635       -0.00000000
     iwann=   6   ipol=   1   int rho_wann[ipol](r) [Re, Im] =        0.99999706       -0.00000000
     iwann=   7   ipol=   1   int rho_wann[ipol](r) [Re, Im] =        0.99999658       -0.00000000
     iwann=   8   ipol=   1   int rho_wann[ipol](r) [Re, Im] =        0.99999705       -0.00000000

     INFO: Orbital Self-Hartree (SH)
     orb     1     SH   0.514177
     orb     2     SH   0.514146
     orb     3     SH   0.514177
     orb     4     SH   0.514146
     orb     5     SH   0.514145
     orb     6     SH   0.514178
     orb     7     SH   0.514145
     orb     8     SH   0.514178

     INFO: PREPARING THE KCW CALCULATION ... DONE


 
     KCW          :      0.10s CPU      0.11s WALL

     INITIALIZATION: 
     map          :      0.00s CPU      0.00s WALL (       8 calls)
     rho_of_q     :      0.03s CPU      0.03s WALL (       8 calls)
 
     init_vloc    :      0.00s CPU      0.00s WALL (       1 calls)
     init_us_1    :      0.00s CPU      0.00s WALL (       1 calls)
 
 
 
 
 
     h_psi        :      0.00s CPU      0.00s WALL (       8 calls)
 
     h_psi        :      0.00s CPU      0.00s WALL (       8 calls)
     add_vuspsi   :      0.00s CPU      0.00s WALL (       8 calls)
 
 
 
      General routines
     calbec       :      0.00s CPU      0.00s WALL (       8 calls)
     fft          :      0.00s CPU      0.00s WALL (       5 calls)
     ffts         :      0.01s CPU      0.01s WALL (     448 calls)
     fftw         :      0.01s CPU      0.02s WALL (    1152 calls)
     davcio       :      0.00s CPU      0.00s WALL (     184 calls)
 
 
     KCW          :      0.10s CPU      0.11s WALL

 
   This run was terminated on:  16:33:25  14Apr2025            

=------------------------------------------------------------------------------=
   JOB DONE.
=------------------------------------------------------------------------------=
