
     =--------------------------------------------------------------------------------=
                      :::    :::           ::::::::         :::       ::: 
                     :+:   :+:           :+:    :+:        :+:       :+:  
                    +:+  +:+            +:+               +:+       +:+   
                   +#++:++             +#+               +#+  +:+  +#+    
                  +#+  +#+            +#+               +#+ +#+#+ +#+     
                 #+#   #+#           #+#    #+#         #+#+# #+#+#       
                ###    ###           ########           ###   ###         

       Koopmans functional implementation based on DFPT; please cite this program as

        N.Colonna, R. De Gennaro, E. Linscott, and N. Marzari, JCTC 18, 5435 (2022) 

                                                                                    

       If you use the non-collinear mode (with/without spin-orbit coupling) please cite

        A. Marrazzo and N. Colonna, Phys. Rev. Research 6, 033085 (2024)  
     =--------------------------------------------------------------------------------=

     Program KCW v.7.5 starts on 10Oct2025 at 10:42:33 
        Git branch: Coulomb_me_exclude_semi-core
        Last git commit: be6cd2ced5f095aabdc2649f426db5340d653388-dirty
        Last git commit date: Thu Oct 9 17:13:48 2025 +0200
        Last git commit subject: Basic implementation to exclude the semi-core stat

     This program is part of the open-source Quantum ESPRESSO suite
     for quantum simulation of materials; please cite
         "P. Giannozzi et al., J. Phys.:Condens. Matter 21 395502 (2009);
         "P. Giannozzi et al., J. Phys.:Condens. Matter 29 465901 (2017);
         "P. Giannozzi et al., J. Chem. Phys. 152 154105 (2020);
          URL http://www.quantum-espresso.org", 
     in publications or presentations arising from this work. More details at
     http://www.quantum-espresso.org/quote

     Parallel version (MPI), running on     4 processors

     MPI processes distributed on     1 nodes
     R & G space division:  proc/nbgrp/npool/nimage =       4
     638 MiB available memory on the printing compute node when the environment starts


     KCW INPUT SUMMARY 
     ============================================

      CONTROL 
       # title               =            KI H2O
       # out_dir             =/home/nicola/CODES
       # prefix              =              cri3
       # calculation         =               ham
       # kcw_iverbosity      =                 1
       # kcw_at_ks           =                 F
       # MP grid             =     2     2     2
       # spin_component      =                 2
       # homo_only           =                 F
       # read_unitary_matrix =                 T
       # check_ks            =                 T
       # l_vcut              =                 F
       # assume_isolated     =              none
       # io_sp               =                 F
       # io_real_space       =                 F
       # get_coulomb         =                 F
       # irr_bz              =                 F
           # use_wct         =                 F

      WANNIER 
       # seedname            =              wann
       # num_wann_occ        =                18
       # num_wann_emp        =                10
       # have_empty          =                 T
       # has_disentangle     =                 F
       # l_unique_manifold   =                 F
       # iband_start         =                15

      HAM 
       # qp_symm             =                 F
       # kipz_corr           =                 F
       # MP grid             =     2     2     2
       # do_bands            =                 T
       # use_ws_distance     =                 T
       # write_hr            =                 T
       # l_alpha_corr        =                 F
       # on_site_only        =                 T
     ============================================

     INFO: Reading pwscf data

     Reading xml data from directory:

     /home/nicola/CODES/q-e-kcw/tempdir/cri3.save/

     IMPORTANT: XC functional enforced from input :
     Exchange-correlation= PW
                           (   1   4   0   0   0   0   0)
     Any further DFT definition will be discarded
     Please, verify this is what you really want


     Parallelization info
     --------------------
     sticks:   dense  smooth     PW     G-vecs:    dense   smooth      PW
     Min         539     539    147                15534    15534    2263
     Max         540     540    148                15535    15535    2267
     Sum        2159    2159    591                62139    62139    9063

     Using Slab Decomposition


     Check: negative core charge=   -0.000182
     Reading collected, re-writing distributed wavefunctions

     INFO: total number of primitive cell    8

     READING SCREENING PARAMETERS

     INFO: alphas read from:file_alpharef.txt                                                                                                                                                                                                                                               
     iwann =     1   alpha =      0.12200000
     iwann =     2   alpha =      0.12200000
     iwann =     3   alpha =      0.12200000
     iwann =     4   alpha =      0.12200000
     iwann =     5   alpha =      0.12200000
     iwann =     6   alpha =      0.12200000
     iwann =     7   alpha =      0.12200000
     iwann =     8   alpha =      0.12200000
     iwann =     9   alpha =      0.12200000
     iwann =    10   alpha =      0.12200000
     iwann =    11   alpha =      0.12200000
     iwann =    12   alpha =      0.12200000
     iwann =    13   alpha =      0.12200000
     iwann =    14   alpha =      0.12200000
     iwann =    15   alpha =      0.12200000
     iwann =    16   alpha =      0.12200000
     iwann =    17   alpha =      0.12200000
     iwann =    18   alpha =      0.12200000
     iwann =    19   alpha =      0.12200000
     iwann =    20   alpha =      0.12200000
     iwann =    21   alpha =      0.12200000
     iwann =    22   alpha =      0.12200000
     iwann =    23   alpha =      0.12200000
     iwann =    24   alpha =      0.12200000
     iwann =    25   alpha =      0.12200000
     iwann =    26   alpha =      0.12200000
     iwann =    27   alpha =      0.12200000
     iwann =    28   alpha =      0.12200000

     INFO: MLWF read from file: Reading collected, re-writing distributed wavefunctions

        KS Hamiltonian calculation at k=      0.0000      0.0000      0.0000   ...  NICOLA hdim=          28
   DONE 

        WANN       0.1919     0.2611     1.0559     1.0559     1.2679     1.2679     1.3610     2.1678
        WANN       2.5808     2.5808     2.7153     2.8413     2.8413     3.9385     3.9385     4.4026
        WANN       4.4356     4.4356     6.5162     6.5339     6.5397     6.5397     6.8424     6.8424
        WANN       7.5959     7.5959     7.7697     7.7697
        PWSCF      0.1919     0.2611     1.0559     1.0559     1.2679     1.2679     1.3610     2.1678
        PWSCF      2.5808     2.5808     2.7153     2.8413     2.8413     3.9385     3.9385     4.4026
        PWSCF      4.4356     4.4356     6.5162     6.5339     6.5396     6.5396     6.8424     6.8424
        PWSCF      7.5959     7.5959     7.7697     7.7697

        KS Hamiltonian calculation at k=      0.0000     -0.6475      0.1944   ...  NICOLA hdim=          28
   DONE 

        WANN       0.1317     0.6972     0.7341     1.3296     1.5247     1.8107     1.9021     2.1563
        WANN       2.4480     2.4621     2.6027     3.1215     3.2665     3.4420     3.4451     3.8176
        WANN       3.8811     4.1999     6.2300     6.3052     6.7927     6.7970     6.8881     7.0118
        WANN       7.3818     7.6240     7.7208     7.7270
        PWSCF      0.1317     0.6972     0.7341     1.3296     1.5247     1.8107     1.9021     2.1563
        PWSCF      2.4480     2.4621     2.6027     3.1215     3.2665     3.4420     3.4451     3.8176
        PWSCF      3.8811     4.1999     6.2300     6.3052     6.7927     6.7970     6.8881     7.0118
        PWSCF      7.3817     7.6240     7.7207     7.7270

        KS Hamiltonian calculation at k=     -0.5607      0.3237      0.1944   ...  NICOLA hdim=          28
   DONE 

        WANN       0.1317     0.6972     0.7341     1.3296     1.5247     1.8107     1.9021     2.1563
        WANN       2.4480     2.4621     2.6027     3.1215     3.2665     3.4420     3.4451     3.8176
        WANN       3.8811     4.1999     6.2300     6.3052     6.7927     6.7970     6.8881     7.0118
        WANN       7.3818     7.6240     7.7208     7.7270
        PWSCF      0.1317     0.6972     0.7341     1.3296     1.5247     1.8107     1.9021     2.1563
        PWSCF      2.4480     2.4621     2.6027     3.1215     3.2665     3.4420     3.4451     3.8176
        PWSCF      3.8811     4.1999     6.2300     6.3052     6.7927     6.7970     6.8881     7.0118
        PWSCF      7.3817     7.6240     7.7207     7.7270

        KS Hamiltonian calculation at k=     -0.5607     -0.3237      0.3888   ...  NICOLA hdim=          28
   DONE 

        WANN       0.2455     0.8219     1.1570     1.2872     1.3235     1.7410     2.0957     2.3283
        WANN       2.4211     2.4420     2.6930     2.7076     3.1256     3.1900     3.3248     3.7000
        WANN       3.7551     4.1696     6.3224     6.3461     6.6832     6.6876     6.8960     7.0144
        WANN       7.3247     7.5130     7.6065     7.7115
        PWSCF      0.2455     0.8219     1.1570     1.2871     1.3235     1.7410     2.0957     2.3283
        PWSCF      2.4211     2.4420     2.6930     2.7076     3.1256     3.1900     3.3248     3.7000
        PWSCF      3.7551     4.1696     6.3224     6.3461     6.6831     6.6876     6.8959     7.0143
        PWSCF      7.3246     7.5129     7.6064     7.7114

        KS Hamiltonian calculation at k=      0.5607      0.3237      0.1944   ...  NICOLA hdim=          28
   DONE 

        WANN       0.1317     0.6972     0.7341     1.3296     1.5247     1.8107     1.9021     2.1563
        WANN       2.4480     2.4621     2.6027     3.1215     3.2665     3.4420     3.4451     3.8176
        WANN       3.8811     4.1999     6.2300     6.3052     6.7927     6.7970     6.8881     7.0118
        WANN       7.3818     7.6240     7.7208     7.7270
        PWSCF      0.1317     0.6972     0.7341     1.3296     1.5247     1.8107     1.9021     2.1563
        PWSCF      2.4480     2.4621     2.6027     3.1215     3.2665     3.4420     3.4451     3.8176
        PWSCF      3.8811     4.1999     6.2300     6.3052     6.7927     6.7970     6.8881     7.0118
        PWSCF      7.3817     7.6240     7.7207     7.7270

        KS Hamiltonian calculation at k=      0.5607     -0.3237      0.3888   ...  NICOLA hdim=          28
   DONE 

        WANN       0.2455     0.8219     1.1570     1.2872     1.3235     1.7410     2.0957     2.3283
        WANN       2.4211     2.4420     2.6930     2.7076     3.1256     3.1900     3.3248     3.7000
        WANN       3.7551     4.1696     6.3224     6.3461     6.6832     6.6876     6.8960     7.0144
        WANN       7.3247     7.5130     7.6065     7.7115
        PWSCF      0.2455     0.8219     1.1570     1.2871     1.3235     1.7410     2.0957     2.3283
        PWSCF      2.4211     2.4420     2.6930     2.7076     3.1256     3.1900     3.3248     3.7000
        PWSCF      3.7551     4.1696     6.3224     6.3461     6.6831     6.6876     6.8959     7.0143
        PWSCF      7.3246     7.5129     7.6064     7.7114

        KS Hamiltonian calculation at k=      0.0000      0.6475      0.3888   ...  NICOLA hdim=          28
   DONE 

        WANN       0.2455     0.8219     1.1570     1.2872     1.3235     1.7410     2.0957     2.3283
        WANN       2.4211     2.4420     2.6930     2.7076     3.1256     3.1900     3.3248     3.7000
        WANN       3.7551     4.1696     6.3224     6.3461     6.6832     6.6876     6.8960     7.0144
        WANN       7.3247     7.5130     7.6065     7.7115
        PWSCF      0.2455     0.8219     1.1570     1.2871     1.3235     1.7410     2.0957     2.3283
        PWSCF      2.4211     2.4420     2.6930     2.7076     3.1256     3.1900     3.3248     3.7000
        PWSCF      3.7551     4.1696     6.3224     6.3461     6.6831     6.6876     6.8959     7.0143
        PWSCF      7.3246     7.5129     7.6064     7.7114

        KS Hamiltonian calculation at k=      0.0000      0.0000      0.5832   ...  NICOLA hdim=          28
   DONE 

        WANN       0.1504     1.1714     1.2738     1.2738     1.3701     1.3701     1.5365     2.1557
        WANN       2.4052     2.4052     2.4495     2.7489     2.7489     3.0632     3.7421     3.7421
        WANN       4.3060     4.3060     6.4375     6.5377     6.5377     6.7251     6.9082     6.9082
        WANN       7.4170     7.4170     7.7813     7.7813
        PWSCF      0.1504     1.1714     1.2738     1.2738     1.3701     1.3701     1.5365     2.1557
        PWSCF      2.4052     2.4052     2.4495     2.7489     2.7489     3.0632     3.7421     3.7421
        PWSCF      4.3060     4.3060     6.4374     6.5377     6.5377     6.7250     6.9081     6.9081
        PWSCF      7.4169     7.4169     7.7812     7.7812

     INFO: Coulomb q+G=0 treatment:
     INFO: Divergence            none    
     INFO: q-grid dimension         2   2   2
     INFO: cell volume              1819.528131144983
     INFO: Gamma Extrapolation       F
     INFO: extrapolation q->0 term not estimated
     INFO: Bare Coulomb q+G=0            0.00000E+00

     INFO: READING Wannier-orbital Densities ...

        ==============================================================================
        iq =     1
        The  Wannier density at  q =    0.0000000   0.0000000   0.0000000  [Cart ]
        The  Wannier density at  q =    0.0000000   0.0000000   0.0000000  [Cryst]
        ==============================================================================


        ==============================================================================
        iq =     2
        The  Wannier density at  q =    0.0000000  -0.6474914   0.1944075  [Cart ]
        The  Wannier density at  q =   -0.0000000  -0.0000000   0.5000000  [Cryst]
        ==============================================================================


        ==============================================================================
        iq =     3
        The  Wannier density at  q =   -0.5607440   0.3237457   0.1944075  [Cart ]
        The  Wannier density at  q =    0.0000000   0.5000000  -0.0000000  [Cryst]
        ==============================================================================


        ==============================================================================
        iq =     4
        The  Wannier density at  q =   -0.5607440  -0.3237457   0.3888149  [Cart ]
        The  Wannier density at  q =   -0.0000000   0.5000000   0.5000000  [Cryst]
        ==============================================================================


        ==============================================================================
        iq =     5
        The  Wannier density at  q =    0.5607440   0.3237457   0.1944075  [Cart ]
        The  Wannier density at  q =    0.5000000   0.0000000  -0.0000000  [Cryst]
        ==============================================================================


        ==============================================================================
        iq =     6
        The  Wannier density at  q =    0.5607440  -0.3237457   0.3888149  [Cart ]
        The  Wannier density at  q =    0.5000000  -0.0000000   0.5000000  [Cryst]
        ==============================================================================


        ==============================================================================
        iq =     7
        The  Wannier density at  q =    0.0000000   0.6474914   0.3888149  [Cart ]
        The  Wannier density at  q =    0.5000000   0.5000000  -0.0000000  [Cryst]
        ==============================================================================


        ==============================================================================
        iq =     8
        The  Wannier density at  q =    0.0000000   0.0000000   0.5832224  [Cart ]
        The  Wannier density at  q =    0.5000000   0.5000000   0.5000000  [Cryst]
        ==============================================================================

     INFO: total number of wannier to compute   28 from     1 to    28
     INFO: PREPARING THE KCW CALCULATION ... DONE



     INFO: Skipping off-diag: only R=0 and i=j

     INFO: KC SCALAR TERM CALCULATION ... START

     INFO: KC SCALAR TERM CALCULATION ... END

          k = 0.0000 0.0000 0.0000     band energies (ev):

          KS       0.1919     0.2611     1.0559     1.0559     1.2679     1.2679     1.3610     2.1678
          KS       2.5808     2.5808     2.7153     2.8413     2.8413     3.9385     3.9385     4.4026
          KS       4.4356     4.4356     6.5162     6.5339     6.5397     6.5397     6.8424     6.8424
          KS       7.5959     7.5959     7.7697     7.7697
          KI      -0.1745    -0.1060     0.6890     0.6890     0.9029     0.9029     0.9934     1.8048
          KI       2.2135     2.2135     2.3504     2.4752     2.4752     3.5759     3.5759     4.0378
          KI       4.0697     4.0698     7.0394     7.0571     7.0629     7.0629     7.3656     7.3656
          KI       8.0122     8.0122     8.1860     8.1860

          k = 0.0000-0.6475 0.1944     band energies (ev):

          KS       0.1317     0.6972     0.7341     1.3296     1.5247     1.8107     1.9021     2.1563
          KS       2.4480     2.4621     2.6027     3.1215     3.2665     3.4420     3.4451     3.8176
          KS       3.8811     4.1999     6.2300     6.3052     6.7927     6.7970     6.8881     7.0118
          KS       7.3818     7.6240     7.7208     7.7270
          KI      -0.2352     0.3311     0.3672     0.9650     1.1575     1.4437     1.5367     1.7915
          KI       2.0810     2.0950     2.2359     2.7560     2.9017     3.0778     3.0800     3.4525
          KI       3.5179     3.8368     6.7532     6.8284     7.3159     7.3202     7.4113     7.5350
          KI       7.7981     8.0403     8.1371     8.1433

          k =-0.5607 0.3237 0.1944     band energies (ev):

          KS       0.1317     0.6972     0.7341     1.3296     1.5247     1.8107     1.9021     2.1563
          KS       2.4480     2.4621     2.6027     3.1215     3.2665     3.4420     3.4451     3.8176
          KS       3.8811     4.1999     6.2300     6.3052     6.7927     6.7970     6.8881     7.0118
          KS       7.3818     7.6240     7.7208     7.7270
          KI      -0.2352     0.3311     0.3672     0.9650     1.1575     1.4437     1.5367     1.7915
          KI       2.0810     2.0950     2.2359     2.7560     2.9017     3.0778     3.0800     3.4525
          KI       3.5179     3.8368     6.7532     6.8284     7.3159     7.3202     7.4113     7.5350
          KI       7.7981     8.0403     8.1370     8.1433

          k =-0.5607-0.3237 0.3888     band energies (ev):

          KS       0.2455     0.8219     1.1570     1.2872     1.3235     1.7410     2.0957     2.3283
          KS       2.4211     2.4420     2.6930     2.7076     3.1256     3.1900     3.3248     3.7000
          KS       3.7551     4.1696     6.3224     6.3461     6.6832     6.6876     6.8960     7.0144
          KS       7.3247     7.5130     7.6065     7.7115
          KI      -0.1213     0.4548     0.7906     0.9205     0.9571     1.3766     1.7299     1.9630
          KI       2.0536     2.0761     2.3270     2.3398     2.7614     2.8244     2.9608     3.3359
          KI       3.3922     3.8056     6.8456     6.8693     7.2064     7.2108     7.4192     7.5376
          KI       7.7410     7.9293     8.0227     8.1278

          k = 0.5607 0.3237 0.1944     band energies (ev):

          KS       0.1317     0.6972     0.7341     1.3296     1.5247     1.8107     1.9021     2.1563
          KS       2.4480     2.4621     2.6027     3.1215     3.2665     3.4420     3.4451     3.8176
          KS       3.8811     4.1999     6.2300     6.3052     6.7927     6.7970     6.8881     7.0118
          KS       7.3818     7.6240     7.7208     7.7270
          KI      -0.2352     0.3311     0.3672     0.9650     1.1575     1.4437     1.5367     1.7915
          KI       2.0810     2.0950     2.2359     2.7560     2.9017     3.0778     3.0800     3.4525
          KI       3.5179     3.8368     6.7532     6.8284     7.3159     7.3202     7.4113     7.5350
          KI       7.7980     8.0403     8.1371     8.1433

          k = 0.5607-0.3237 0.3888     band energies (ev):

          KS       0.2455     0.8219     1.1570     1.2872     1.3235     1.7410     2.0957     2.3283
          KS       2.4211     2.4420     2.6930     2.7076     3.1256     3.1900     3.3248     3.7000
          KS       3.7551     4.1696     6.3224     6.3461     6.6832     6.6876     6.8960     7.0144
          KS       7.3247     7.5130     7.6065     7.7115
          KI      -0.1213     0.4548     0.7906     0.9205     0.9571     1.3766     1.7299     1.9630
          KI       2.0536     2.0761     2.3270     2.3398     2.7614     2.8244     2.9608     3.3359
          KI       3.3922     3.8056     6.8456     6.8693     7.2064     7.2108     7.4192     7.5376
          KI       7.7410     7.9293     8.0227     8.1278

          k = 0.0000 0.6475 0.3888     band energies (ev):

          KS       0.2455     0.8219     1.1570     1.2872     1.3235     1.7410     2.0957     2.3283
          KS       2.4211     2.4420     2.6930     2.7076     3.1256     3.1900     3.3248     3.7000
          KS       3.7551     4.1696     6.3224     6.3461     6.6832     6.6876     6.8960     7.0144
          KS       7.3247     7.5130     7.6065     7.7115
          KI      -0.1213     0.4548     0.7906     0.9205     0.9571     1.3766     1.7299     1.9630
          KI       2.0536     2.0761     2.3270     2.3398     2.7614     2.8244     2.9608     3.3359
          KI       3.3922     3.8056     6.8456     6.8693     7.2064     7.2108     7.4192     7.5376
          KI       7.7410     7.9293     8.0227     8.1278

          k = 0.0000 0.0000 0.5832     band energies (ev):

          KS       0.1504     1.1714     1.2738     1.2738     1.3701     1.3701     1.5365     2.1557
          KS       2.4052     2.4052     2.4495     2.7489     2.7489     3.0632     3.7421     3.7421
          KS       4.3060     4.3060     6.4375     6.5377     6.5377     6.7251     6.9082     6.9082
          KS       7.4170     7.4170     7.7813     7.7813
          KI      -0.2170     0.8040     0.9063     0.9063     1.0052     1.0052     1.1707     1.7921
          KI       2.0388     2.0388     2.0825     2.3826     2.3826     2.7008     3.3792     3.3792
          KI       3.9403     3.9403     6.9606     7.0609     7.0609     7.2483     7.4313     7.4313
          KI       7.8333     7.8333     8.1976     8.1976

        KS       highest occupied, lowest unoccupied level (ev):     4.4356    6.2300
        KI[2nd]  highest occupied, lowest unoccupied level (ev):     4.0698    6.7532

     ====================================
     STARTING BAND STRUCTURE INTERPOLATION
     ====================================
     Message from routine read_wannier_centers:
     WARNING: centres.xyz NOT FOUND, disabling WS distance

        KC interpolated eigenvalues at k=      0.0000      0.0000      0.0000

          -0.1745    -0.1060     0.6890     0.6890     0.9029     0.9029     0.9934     1.8048
           2.2135     2.2135     2.3504     2.4752     2.4752     3.5759     3.5759     4.0378
           4.0697     4.0698     7.0394     7.0571     7.0629     7.0629     7.3656     7.3656
           8.0122     8.0122     8.1860     8.1860

        KC interpolated eigenvalues at k=      0.0167      0.0167      0.0167

          -0.1683    -0.1024     0.6914     0.6914     0.9053     0.9053     0.9903     1.8071
           2.2153     2.2153     2.3480     2.4730     2.4730     3.5740     3.5740     4.0298
           4.0666     4.0666     7.0392     7.0576     7.0639     7.0639     7.3648     7.3648
           8.0127     8.0127     8.1851     8.1851

        KC interpolated eigenvalues at k=      0.0333      0.0333      0.0333

          -0.1496    -0.0917     0.6987     0.6987     0.9122     0.9122     0.9808     1.8138
           2.2206     2.2206     2.3406     2.4663     2.4663     3.5684     3.5684     4.0059
           4.0572     4.0572     7.0385     7.0592     7.0669     7.0669     7.3623     7.3623
           8.0142     8.0142     8.1822     8.1822

        KC interpolated eigenvalues at k=      0.0500      0.0500      0.0500

          -0.1187    -0.0741     0.7107     0.7107     0.9235     0.9235     0.9650     1.8250
           2.2291     2.2291     2.3284     2.4553     2.4553     3.5594     3.5594     3.9664
           4.0416     4.0416     7.0375     7.0618     7.0719     7.0719     7.3582     7.3582
           8.0167     8.0167     8.1774     8.1774

        KC interpolated eigenvalues at k=      0.0667      0.0667      0.0667

          -0.0760    -0.0497     0.7271     0.7271     0.9388     0.9389     0.9431     1.8406
           2.2406     2.2406     2.3114     2.4403     2.4403     3.5474     3.5474     3.9118
           4.0202     4.0202     7.0360     7.0654     7.0788     7.0788     7.3524     7.3524
           8.0202     8.0202     8.1708     8.1708

        KC interpolated eigenvalues at k=      0.0833      0.0833      0.0833

          -0.0219    -0.0188     0.7477     0.7477     0.9152     0.9578     0.9578     1.8606
           2.2543     2.2543     2.2897     2.4215     2.4215     3.5333     3.5333     3.8428
           3.9933     3.9933     7.0341     7.0699     7.0876     7.0876     7.3452     7.3452
           8.0246     8.0246     8.1624     8.1624

        KC interpolated eigenvalues at k=      0.1000      0.1000      0.1000

           0.0183     0.0431     0.7719     0.7719     0.8816     0.9797     0.9797     1.8846
           2.2635     2.2697     2.2697     2.3996     2.3996     3.5180     3.5180     3.7602
           3.9614     3.9614     7.0319     7.0753     7.0981     7.0981     7.3365     7.3365
           8.0299     8.0299     8.1524     8.1524

        KC interpolated eigenvalues at k=      0.1167      0.1167      0.1167

           0.0612     0.1181     0.7992     0.7992     0.8425     1.0038     1.0038     1.9127
           2.2330     2.2858     2.2858     2.3749     2.3749     3.5025     3.5025     3.6651
           3.9250     3.9250     7.0293     7.0816     7.1102     7.1102     7.3265     7.3265
           8.0360     8.0360     8.1407     8.1407

        KC interpolated eigenvalues at k=      0.1333      0.1333      0.1333

           0.1093     0.2023     0.7984     0.8291     0.8291     1.0292     1.0292     1.9444
           2.1981     2.3017     2.3017     2.3481     2.3481     3.4882     3.4882     3.5587
           3.8847     3.8847     7.0264     7.0887     7.1238     7.1238     7.3152     7.3152
           8.0429     8.0429     8.1277     8.1277

        KC interpolated eigenvalues at k=      0.1500      0.1500      0.1500

           0.1621     0.2949     0.7497     0.8608     0.8608     1.0548     1.0548     1.9796
           2.1592     2.3163     2.3163     2.3201     2.3201     3.4425     3.4764     3.4764
           3.8414     3.8414     7.0232     7.0965     7.1388     7.1388     7.3028     7.3028
           8.0504     8.0504     8.1133     8.1133

        KC interpolated eigenvalues at k=      0.1667      0.1667      0.1667

           0.2190     0.3947     0.6970     0.8936     0.8936     1.0796     1.0797     2.0177
           2.1162     2.2916     2.2916     2.3288     2.3288     3.3181     3.4685     3.4685
           3.7958     3.7958     7.0197     7.1049     7.1550     7.1550     7.2894     7.2894
           8.0585     8.0585     8.0979     8.0979

        KC interpolated eigenvalues at k=      0.1833      0.1833      0.1833

           0.2794     0.5008     0.6408     0.9265     0.9265     1.1024     1.1024     2.0585
           2.0693     2.2635     2.2635     2.3382     2.3382     3.1874     3.4658     3.4658
           3.7487     3.7487     7.0160     7.1138     7.1722     7.1722     7.2752     7.2752
           8.0672     8.0672     8.0814     8.0814

        KC interpolated eigenvalues at k=      0.2000      0.2000      0.2000

           0.3426     0.5816     0.6119     0.9587     0.9587     1.1219     1.1219     2.0183
           2.1014     2.2367     2.2367     2.3442     2.3442     3.0523     3.4691     3.4691
           3.7012     3.7012     7.0122     7.1231     7.1902     7.1902     7.2603     7.2603
           8.0642     8.0642     8.0762     8.0762

        KC interpolated eigenvalues at k=      0.2167      0.2167      0.2167

           0.4079     0.5204     0.7266     0.9891     0.9891     1.1368     1.1369     1.9630
           2.1461     2.2119     2.2119     2.3466     2.3466     2.9151     3.4792     3.4792
           3.6542     3.6542     7.0082     7.1328     7.2088     7.2088     7.2449     7.2449
           8.0463     8.0463     8.0856     8.0856

        KC interpolated eigenvalues at k=      0.2333      0.2333      0.2333

           0.4576     0.4745     0.8439     1.0170     1.0170     1.1464     1.1464     1.9032
           2.1898     2.1898     2.1919     2.3459     2.3459     2.7783     3.4960     3.4960
           3.6086     3.6086     7.0041     7.1427     7.2278     7.2278     7.2292     7.2292
           8.0281     8.0281     8.0952     8.0952

        KC interpolated eigenvalues at k=      0.2500      0.2500      0.2500

           0.3941     0.5415     0.9624     1.0413     1.0413     1.1499     1.1499     1.8383
           2.1707     2.1708     2.2385     2.3428     2.3428     2.6447     3.5192     3.5192
           3.5655     3.5655     7.0000     7.1527     7.2133     7.2133     7.2471     7.2471
           8.0097     8.0097     8.1049     8.1049

        KC interpolated eigenvalues at k=      0.2667      0.2667      0.2667

           0.3304     0.6084     1.0612     1.0612     1.0808     1.1471     1.1471     1.7677
           2.1547     2.1547     2.2853     2.3385     2.3385     2.5170     3.5256     3.5256
           3.5480     3.5480     6.9959     7.1627     7.1973     7.1973     7.2664     7.2664
           7.9912     7.9912     8.1146     8.1146

        KC interpolated eigenvalues at k=      0.2833      0.2833      0.2833

           0.2674     0.6741     1.0761     1.0761     1.1381     1.1381     1.1977     1.6909
           2.1413     2.1413     2.3319     2.3342     2.3342     2.3980     3.4900     3.4900
           3.5813     3.5813     6.9918     7.1726     7.1816     7.1816     7.2854     7.2854
           7.9730     7.9730     8.1242     8.1242

        KC interpolated eigenvalues at k=      0.3000      0.3000      0.3000

           0.2057     0.7380     1.0858     1.0858     1.1236     1.1236     1.3118     1.6078
           2.1299     2.1299     2.2901     2.3308     2.3309     2.3776     3.4590     3.4590
           3.6179     3.6179     6.9878     7.1662     7.1662     7.1822     7.3040     7.3040
           7.9552     7.9552     8.1335     8.1335

        KC interpolated eigenvalues at k=      0.3167      0.3167      0.3167

           0.1460     0.7991     1.0901     1.0901     1.1045     1.1045     1.4219     1.5192
           2.1199     2.1199     2.1946     2.3293     2.3293     2.4221     3.4332     3.4332
           3.6567     3.6567     6.9840     7.1513     7.1513     7.1916     7.3220     7.3220
           7.9379     7.9379     8.1426     8.1426

        KC interpolated eigenvalues at k=      0.3333      0.3333      0.3333

           0.0890     0.8565     1.0821     1.0821     1.0895     1.0895     1.4271     1.5268
           2.1105     2.1105     2.1120     2.3300     2.3300     2.4648     3.4126     3.4126
           3.6963     3.6963     6.9803     7.1371     7.1371     7.2005     7.3392     7.3392
           7.9215     7.9215     8.1512     8.1512

        KC interpolated eigenvalues at k=      0.3500      0.3500      0.3500

           0.0354     0.9092     1.0575     1.0575     1.0844     1.0844     1.3344     1.6253
           2.0417     2.1013     2.1013     2.3330     2.3330     2.5053     3.3971     3.3971
           3.7356     3.7356     6.9769     7.1237     7.1237     7.2089     7.3554     7.3554
           7.9060     7.9060     8.1594     8.1594

        KC interpolated eigenvalues at k=      0.3667      0.3667      0.3667

          -0.0144     0.9554     1.0320     1.0320     1.0760     1.0760     1.2450     1.7163
           1.9825     2.0919     2.0919     2.3380     2.3380     2.5430     3.3863     3.3863
           3.7736     3.7736     6.9737     7.1113     7.1113     7.2166     7.3704     7.3704
           7.8916     7.8916     8.1669     8.1669

        KC interpolated eigenvalues at k=      0.3833      0.3833      0.3833

          -0.0597     0.9910     1.0068     1.0068     1.0651     1.0651     1.1656     1.7988
           1.9332     2.0823     2.0823     2.3446     2.3446     2.5777     3.3795     3.3795
           3.8093     3.8093     6.9707     7.1001     7.1001     7.2237     7.3840     7.3840
           7.8786     7.8786     8.1738     8.1738

        KC interpolated eigenvalues at k=      0.4000      0.4000      0.4000

          -0.1000     0.9828     0.9828     0.9997     1.0529     1.0529     1.1145     1.8720
           1.8928     2.0728     2.0728     2.3521     2.3521     2.6088     3.3760     3.3760
           3.8419     3.8419     6.9682     7.0900     7.0900     7.2300     7.3962     7.3962
           7.8670     7.8670     8.1799     8.1799

        KC interpolated eigenvalues at k=      0.4167      0.4167      0.4167

          -0.1349     0.9610     0.9610     0.9629     1.0406     1.0406     1.1121     1.8602
           1.9351     2.0637     2.0637     2.3599     2.3599     2.6359     3.3749     3.3749
           3.8708     3.8708     6.9659     7.0813     7.0813     7.2355     7.4067     7.4067
           7.8569     7.8569     8.1851     8.1852

        KC interpolated eigenvalues at k=      0.4333      0.4333      0.4333

          -0.1640     0.9116     0.9421     0.9421     1.0290     1.0290     1.1292     1.8347
           1.9876     2.0555     2.0555     2.3672     2.3672     2.6587     3.3753     3.3753
           3.8951     3.8952     6.9640     7.0741     7.0741     7.2400     7.4154     7.4154
           7.8485     7.8485     8.1896     8.1896

        KC interpolated eigenvalues at k=      0.4500      0.4500      0.4500

          -0.1870     0.8662     0.9268     0.9268     1.0191     1.0191     1.1465     1.8156
           2.0288     2.0485     2.0485     2.3736     2.3736     2.6769     3.3765     3.3765
           3.9146     3.9146     6.9626     7.0684     7.0684     7.2436     7.4223     7.4223
           7.8419     7.8419     8.1930     8.1930

        KC interpolated eigenvalues at k=      0.4667      0.4667      0.4667

          -0.2036     0.8321     0.9155     0.9155     1.0116     1.0116     1.1598     1.8024
           2.0432     2.0432     2.0586     2.3785     2.3785     2.6901     3.3779     3.3779
           3.9288     3.9288     6.9615     7.0643     7.0643     7.2462     7.4273     7.4273
           7.8371     7.8371     8.1955     8.1955

        KC interpolated eigenvalues at k=      0.4833      0.4833      0.4833

          -0.2136     0.8110     0.9086     0.9086     1.0068     1.0068     1.1679     1.7946
           2.0399     2.0399     2.0765     2.3815     2.3815     2.6981     3.3789     3.3789
           3.9375     3.9375     6.9609     7.0618     7.0618     7.2477     7.4303     7.4303
           7.8342     7.8342     8.1971     8.1971

        KC interpolated eigenvalues at k=      0.5000      0.5000      0.5000

          -0.2170     0.8040     0.9063     0.9063     1.0052     1.0052     1.1707     1.7921
           2.0388     2.0388     2.0825     2.3826     2.3826     2.7008     3.3792     3.3792
           3.9403     3.9403     6.9606     7.0609     7.0609     7.2483     7.4313     7.4313
           7.8333     7.8333     8.1976     8.1976

        KC interpolated eigenvalues at k=      0.5000      0.4833      0.4833

          -0.2119     0.8104     0.9086     0.9106     1.0074     1.0091     1.1699     1.7956
           2.0374     2.0405     2.0784     2.3792     2.3822     2.7001     3.3755     3.3778
           3.9335     3.9356     6.9613     7.0611     7.0619     7.2482     7.4299     7.4305
           7.8337     7.8346     8.1964     8.1967

        KC interpolated eigenvalues at k=      0.5000      0.4667      0.4667

          -0.1966     0.8296     0.9152     0.9233     1.0141     1.0208     1.1677     1.8060
           2.0333     2.0454     2.0662     2.3692     2.3810     2.6980     3.3642     3.3736
           3.9131     3.9214     6.9633     7.0615     7.0648     7.2480     7.4258     7.4279
           7.8348     7.8386     8.1929     8.1940

        KC interpolated eigenvalues at k=      0.5000      0.4500      0.4500

          -0.1716     0.8611     0.9259     0.9439     1.0250     1.0400     1.1640     1.8234
           2.0265     2.0462     2.0536     2.3528     2.3792     2.6947     3.3457     3.3666
           3.8797     3.8981     6.9666     7.0620     7.0696     7.2478     7.4191     7.4238
           7.8366     7.8451     8.1873     8.1897

        KC interpolated eigenvalues at k=      0.5000      0.4333      0.4333

          -0.1375     0.9035     0.9405     0.9713     1.0404     1.0665     1.1590     1.8474
           2.0138     2.0224     2.0650     2.3301     2.3770     2.6904     3.3204     3.3571
           3.8341     3.8661     6.9710     7.0623     7.0761     7.2479     7.4102     7.4183
           7.8390     7.8539     8.1797     8.1838

        KC interpolated eigenvalues at k=      0.5000      0.4167      0.4167

          -0.0950     0.9465     0.9668     1.0032     1.0612     1.0996     1.1537     1.8775
           1.9813     2.0097     2.0796     2.3018     2.3748     2.6853     3.2889     3.3452
           3.7777     3.8262     6.9761     7.0620     7.0843     7.2485     7.3993     7.4115
           7.8419     7.8650     8.1702     8.1767

        KC interpolated eigenvalues at k=      0.5000      0.4000      0.4000

          -0.0452     0.9666     1.0227     1.0358     1.0905     1.1370     1.1529     1.9105
           1.9413     1.9998     2.0972     2.2685     2.3731     2.6795     3.2518     3.3306
           3.7122     3.7793     6.9818     7.0607     7.0939     7.2499     7.3871     7.4038
           7.8450     7.8780     8.1593     8.1686

        KC interpolated eigenvalues at k=      0.5000      0.3833      0.3833

           0.0106     0.9784     1.0582     1.0867     1.1273     1.1616     1.1868     1.8884
           1.9480     1.9971     2.1171     2.2316     2.3722     2.6732     3.2100     3.3128
           3.6404     3.7263     6.9874     7.0579     7.1049     7.2525     7.3742     7.3954
           7.8484     7.8927     8.1473     8.1597

        KC interpolated eigenvalues at k=      0.5000      0.3667      0.3667

           0.0711     0.9804     1.0790     1.1174     1.1765     1.2158     1.2375     1.8349
           1.9573     2.0227     2.1347     2.1969     2.3728     2.6663     3.1648     3.2902
           3.5664     3.6686     6.9926     7.0532     7.1170     7.2564     7.3612     7.3868
           7.8516     7.9088     8.1345     8.1505

        KC interpolated eigenvalues at k=      0.5000      0.3500      0.3500

           0.1346     0.9684     1.0970     1.1303     1.2377     1.2829     1.3051     1.7760
           1.9520     2.0678     2.1232     2.1930     2.3752     2.6584     3.1175     3.2588
           3.4964     3.6076     6.9967     7.0464     7.1299     7.2619     7.3488     7.3783
           7.8547     7.9259     8.1212     8.1411

        KC interpolated eigenvalues at k=      0.5000      0.3333      0.3333

           0.1993     0.9425     1.1115     1.1453     1.3015     1.3410     1.3953     1.7132
           1.9462     2.0805     2.1190     2.2218     2.3799     2.6489     3.0702     3.2132
           3.4390     3.5451     6.9990     7.0373     7.1435     7.2688     7.3379     7.3705
           7.8573     7.9437     8.1079     8.1321

        KC interpolated eigenvalues at k=      0.5000      0.3167      0.3167

           0.2635     0.9048     1.1199     1.1640     1.3662     1.3990     1.4912     1.6484
           1.9427     2.0368     2.1663     2.2605     2.3878     2.6366     3.0255     3.1517
           3.3983     3.4837     6.9988     7.0260     7.1575     7.2770     7.3289     7.3641
           7.8594     7.9619     8.0949     8.1236

        KC interpolated eigenvalues at k=      0.5000      0.3000      0.3000

           0.3251     0.8573     1.1221     1.1836     1.4300     1.4571     1.5642     1.6059
           1.9379     2.0011     2.2096     2.3027     2.3999     2.6205     2.9864     3.0814
           3.3677     3.4299     6.9958     7.0127     7.1717     7.2864     7.3218     7.3597
           7.8607     7.9801     8.0825     8.1159

        KC interpolated eigenvalues at k=      0.5000      0.2833      0.2833

           0.3818     0.8011     1.1187     1.2010     1.4875     1.4927     1.5376     1.6806
           1.9248     1.9903     2.2448     2.3435     2.4164     2.6015     2.9540     3.0157
           3.3291     3.3985     6.9898     6.9976     7.1859     7.2965     7.3164     7.3584
           7.8612     7.9981     8.0710     8.1094

        KC interpolated eigenvalues at k=      0.5000      0.2667      0.2667

           0.4317     0.7371     1.1095     1.2132     1.4350     1.5490     1.5880     1.7323
           1.9304     2.0010     2.2649     2.3839     2.4290     2.5866     2.9210     2.9752
           3.2798     3.3906     6.9809     6.9810     7.1999     7.3071     7.3122     7.3608
           7.8608     8.0155     8.0607     8.1041

        KC interpolated eigenvalues at k=      0.5000      0.2500      0.2500

           0.4725     0.6665     1.0934     1.2164     1.3800     1.6032     1.6446     1.7293
           1.9852     2.0208     2.2646     2.4166     2.4340     2.5860     2.8903     2.9679
           3.2315     3.3947     6.9630     6.9699     7.2135     7.3086     7.3180     7.3670
           7.8595     8.0322     8.0518     8.1002

        KC interpolated eigenvalues at k=      0.5000      0.2333      0.2333

           0.5024     0.5907     1.0668     1.2069     1.3420     1.6497     1.6849     1.7129
           2.0373     2.0687     2.2475     2.3862     2.4862     2.5963     2.8811     2.9805
           3.1906     3.4064     6.9441     6.9570     7.2265     7.3057     7.3288     7.3767
           7.8572     8.0443     8.0479     8.0977

        KC interpolated eigenvalues at k=      0.5000      0.2167      0.2167

           0.5049     0.5264     1.0245     1.1890     1.3241     1.6411     1.7091     1.7476
           2.0555     2.1382     2.2329     2.3413     2.5443     2.6107     2.8957     3.0048
           3.1620     3.4243     6.9246     6.9430     7.2389     7.3036     7.3394     7.3890
           7.8539     8.0383     8.0625     8.0968

        KC interpolated eigenvalues at k=      0.5000      0.2000      0.2000

           0.4256     0.5294     0.9661     1.1728     1.3172     1.6028     1.7432     1.7836
           2.0643     2.1590     2.2519     2.3076     2.5954     2.6384     2.9241     3.0328
           3.1534     3.4480     6.9048     6.9286     7.2505     7.3023     7.3496     7.4033
           7.8499     8.0339     8.0759     8.0972

        KC interpolated eigenvalues at k=      0.5000      0.1833      0.1833

           0.3419     0.5253     0.8974     1.1605     1.3128     1.5659     1.7534     1.8203
           2.0661     2.1558     2.2165     2.3579     2.6261     2.6924     2.9543     3.0582
           3.1720     3.4771     6.8851     6.9143     7.2612     7.3020     7.3592     7.4187
           7.8451     8.0309     8.0880     8.0990

        KC interpolated eigenvalues at k=      0.5000      0.1667      0.1667

           0.2586     0.5125     0.8241     1.1490     1.3069     1.5342     1.7366     1.8578
           2.0678     2.1506     2.1695     2.4275     2.6531     2.7542     2.9766     3.0884
           3.2116     3.5114     6.8657     6.9004     7.2710     7.3025     7.3681     7.4347
           7.8397     8.0293     8.0987     8.1018

        KC interpolated eigenvalues at k=      0.5000      0.1500      0.1500

           0.1774     0.4934     0.7505     1.1350     1.2974     1.5092     1.7038     1.8907
           2.0611     2.1308     2.1552     2.4929     2.6835     2.8140     2.9898     3.1310
           3.2590     3.5505     6.8469     6.8874     7.2798     7.3037     7.3763     7.4507
           7.8340     8.0288     8.1056     8.1081

        KC interpolated eigenvalues at k=      0.5000      0.1333      0.1333

           0.0999     0.4701     0.6792     1.1168     1.2837     1.4906     1.6663     1.9120
           2.0369     2.1343     2.1484     2.5511     2.7173     2.8691     2.9998     3.1822
           3.3066     3.5934     6.8291     6.8753     7.2876     7.3056     7.3837     7.4662
           7.8281     8.0292     8.1100     8.1163

        KC interpolated eigenvalues at k=      0.5000      0.1167      0.1167

           0.0277     0.4448     0.6122     1.0942     1.2659     1.4775     1.6314     1.9102
           2.0247     2.1393     2.1512     2.6013     2.7531     2.9182     3.0103     3.2363
           3.3508     3.6384     6.8127     6.8645     7.2944     7.3079     7.3902     7.4809
           7.8222     8.0304     8.1148     8.1231

        KC interpolated eigenvalues at k=      0.5000      0.1000      0.1000

          -0.0379     0.4193     0.5510     1.0686     1.2450     1.4682     1.6023     1.8871
           2.0332     2.1282     2.1705     2.6436     2.7885     2.9610     3.0223     3.2892
           3.3907     3.6832     6.7977     6.8550     7.3002     7.3104     7.3958     7.4943
           7.8166     8.0321     8.1196     8.1289

        KC interpolated eigenvalues at k=      0.5000      0.0833      0.0833

          -0.0958     0.3952     0.4971     1.0422     1.2230     1.4613     1.5796     1.8590
           2.0489     2.1165     2.1888     2.6785     2.8213     2.9973     3.0353     3.3374
           3.4259     3.7256     6.7847     6.8469     7.3051     7.3129     7.4006     7.5062
           7.8114     8.0341     8.1243     8.1335

        KC interpolated eigenvalues at k=      0.5000      0.0667      0.0667

          -0.1447     0.3737     0.4514     1.0172     1.2018     1.4557     1.5627     1.8342
           2.0643     2.1054     2.2050     2.7067     2.8496     3.0270     3.0482     3.3787
           3.4565     3.7633     6.7736     6.8403     7.3090     7.3153     7.4045     7.5163
           7.8068     8.0360     8.1286     8.1372

        KC interpolated eigenvalues at k=      0.5000      0.0500      0.0500

          -0.1837     0.3559     0.4150     0.9956     1.1834     1.4510     1.5507     1.8150
           2.0769     2.0959     2.2182     2.7283     2.8722     3.0502     3.0601     3.4112
           3.4819     3.7944     6.7648     6.8351     7.3121     7.3173     7.4075     7.5243
           7.8031     8.0378     8.1321     8.1399

        KC interpolated eigenvalues at k=      0.5000      0.0333      0.0333

          -0.2121     0.3424     0.3885     0.9790     1.1693     1.4472     1.5427     1.8017
           2.0843     2.0904     2.2279     2.7437     2.8885     3.0667     3.0696     3.4343
           3.5014     3.8176     6.7584     6.8314     7.3142     7.3189     7.4096     7.5302
           7.8003     8.0391     8.1348     8.1418

        KC interpolated eigenvalues at k=      0.5000      0.0167      0.0167

          -0.2294     0.3340     0.3726     0.9686     1.1605     1.4446     1.5381     1.7940
           2.0824     2.0933     2.2339     2.7530     2.8984     3.0756     3.0768     3.4480
           3.5137     3.8319     6.7545     6.8291     7.3155     7.3199     7.4109     7.5338
           7.7986     8.0400     8.1365     8.1429

        KC interpolated eigenvalues at k=      0.5000      0.0000      0.0000

          -0.2352     0.3311     0.3672     0.9650     1.1575     1.4437     1.5367     1.7915
           2.0810     2.0950     2.2359     2.7560     2.9017     3.0778     3.0800     3.4525
           3.5179     3.8368     6.7532     6.8284     7.3159     7.3202     7.4113     7.5350
           7.7980     8.0403     8.1371     8.1433

        KC interpolated eigenvalues at k=      0.5000      0.0000      0.0167

          -0.2317     0.3342     0.3695     0.9671     1.1591     1.4436     1.5361     1.7923
           2.0802     2.0953     2.2350     2.7551     2.9012     3.0768     3.0789     3.4497
           3.5156     3.8329     6.7540     6.8290     7.3156     7.3195     7.4113     7.5346
           7.7986     8.0401     8.1361     8.1431

        KC interpolated eigenvalues at k=      0.5000      0.0000      0.0333

          -0.2212     0.3431     0.3765     0.9734     1.1638     1.4432     1.5343     1.7947
           2.0779     2.0963     2.2325     2.7522     2.8998     3.0729     3.0767     3.4411
           3.5087     3.8213     6.7563     6.8307     7.3144     7.3172     7.4112     7.5334
           7.8001     8.0395     8.1333     8.1425

        KC interpolated eigenvalues at k=      0.5000      0.0000      0.0500

          -0.2040     0.3575     0.3884     0.9837     1.1714     1.4426     1.5306     1.7986
           2.0744     2.0981     2.2286     2.7474     2.8974     3.0655     3.0741     3.4271
           3.4975     3.8023     6.7601     6.8335     7.3125     7.3135     7.4112     7.5314
           7.8027     8.0385     8.1287     8.1415

        KC interpolated eigenvalues at k=      0.5000      0.0000      0.0667

          -0.1807     0.3765     0.4057     0.9977     1.1813     1.4418     1.5243     1.8041
           2.0703     2.1008     2.2235     2.7408     2.8939     3.0550     3.0709     3.4079
           3.4825     3.7765     6.7653     6.8374     7.3085     7.3095     7.4115     7.5286
           7.8062     8.0371     8.1224     8.1401

        KC interpolated eigenvalues at k=      0.5000      0.0000      0.0833

          -0.1522     0.3989     0.4292     1.0152     1.1928     1.4409     1.5145     1.8105
           2.0665     2.1045     2.2179     2.7324     2.8891     3.0417     3.0672     3.3840
           3.4643     3.7447     6.7719     6.8422     7.3022     7.3055     7.4123     7.5250
           7.8107     8.0350     8.1147     8.1384

        KC interpolated eigenvalues at k=      0.5000      0.0000      0.1000

          -0.1194     0.4238     0.4590     1.0359     1.2049     1.4397     1.5006     1.8173
           2.0642     2.1094     2.2124     2.7224     2.8826     3.0258     3.0634     3.3564
           3.4434     3.7078     6.7796     6.8478     7.2947     7.3003     7.4136     7.5209
           7.8159     8.0322     8.1057     8.1365

        KC interpolated eigenvalues at k=      0.5000      0.0000      0.1167

          -0.0834     0.4510     0.4945     1.0594     1.2163     1.4377     1.4826     1.8234
           2.0645     2.1154     2.2078     2.7110     2.8737     3.0075     3.0597     3.3262
           3.4204     3.6672     6.7884     6.8541     7.2862     7.2939     7.4158     7.5161
           7.8220     8.0284     8.0959     8.1342

        KC interpolated eigenvalues at k=      0.5000      0.0000      0.1333

          -0.0455     0.4805     0.5344     1.0853     1.2259     1.4314     1.4641     1.8279
           2.0679     2.1226     2.2054     2.6984     2.8612     2.9875     3.0564     3.2947
           3.3961     3.6244     6.7981     6.8608     7.2770     7.2863     7.4187     7.5107
           7.8287     8.0232     8.0858     8.1318

        KC interpolated eigenvalues at k=      0.5000      0.0000      0.1500

          -0.0073     0.5118     0.5777     1.1132     1.2323     1.4116     1.4546     1.8306
           2.0738     2.1304     2.2068     2.6850     2.8438     2.9667     3.0536     3.2634
           3.3711     3.5814     6.8084     6.8678     7.2671     7.2778     7.4225     7.5049
           7.8360     8.0160     8.0761     8.1292

        KC interpolated eigenvalues at k=      0.5000      0.0000      0.1667

           0.0301     0.5440     0.6230     1.1423     1.2350     1.3805     1.4525     1.8317
           2.0808     2.1380     2.2139     2.6710     2.8200     2.9463     3.0516     3.2336
           3.3463     3.5403     6.8192     6.8747     7.2570     7.2684     7.4271     7.4988
           7.8437     8.0064     8.0676     8.1266

        KC interpolated eigenvalues at k=      0.5000      0.0000      0.1833

           0.0653     0.5756     0.6693     1.1705     1.2345     1.3462     1.4514     1.8325
           2.0874     2.1448     2.2271     2.6568     2.7891     2.9270     3.0503     3.2066
           3.3228     3.5032     6.8301     6.8814     7.2468     7.2586     7.4325     7.4923
           7.8517     7.9941     8.0605     8.1240

        KC interpolated eigenvalues at k=      0.5000      0.0000      0.2000

           0.0973     0.6041     0.7151     1.1920     1.2322     1.3172     1.4481     1.8344
           2.0924     2.1515     2.2441     2.6424     2.7525     2.9089     3.0492     3.1832
           3.3016     3.4723     6.8409     6.8875     7.2370     7.2485     7.4384     7.4857
           7.8598     7.9796     8.0549     8.1215

        KC interpolated eigenvalues at k=      0.5000      0.0000      0.2167

           0.1250     0.6267     0.7594     1.1980     1.2227     1.3114     1.4410     1.8386
           2.0956     2.1589     2.2609     2.6270     2.7138     2.8915     3.0475     3.1648
           3.2840     3.4493     6.8513     6.8928     7.2277     7.2386     7.4449     7.4790
           7.8680     7.9632     8.0504     8.1192

        KC interpolated eigenvalues at k=      0.5000      0.0000      0.2333

           0.1477     0.6402     0.8009     1.1899     1.2018     1.3341     1.4302     1.8457
           2.0974     2.1674     2.2732     2.6064     2.6804     2.8749     3.0435     3.1528
           3.2713     3.4353     6.8609     6.8969     7.2193     7.2292     7.4518     7.4723
           7.8760     7.9455     8.0467     8.1171

        KC interpolated eigenvalues at k=      0.5000      0.0000      0.2500

           0.1646     0.6422     0.8384     1.1633     1.1928     1.3625     1.4230     1.8553
           2.0983     2.1769     2.2776     2.5744     2.6618     2.8595     3.0357     3.1490
           3.2638     3.4307     6.8695     6.8996     7.2121     7.2205     7.4591     7.4657
           7.8838     7.9271     8.0435     8.1154

        KC interpolated eigenvalues at k=      0.5000      0.0000      0.2667

           0.1750     0.6325     0.8710     1.1323     1.1906     1.3641     1.4444     1.8668
           2.0987     2.1870     2.2725     2.5339     2.6573     2.8460     3.0243     3.1533
           3.2615     3.4356     6.8768     6.9007     7.2063     7.2130     7.4593     7.4665
           7.8911     7.9082     8.0407     8.1142

        KC interpolated eigenvalues at k=      0.5000      0.0000      0.2833

           0.1779     0.6133     0.8978     1.1012     1.1918     1.3443     1.4880     1.8790
           2.0990     2.1967     2.2587     2.4920     2.6609     2.8351     3.0109     3.1639
           3.2639     3.4495     6.8825     6.9002     7.2019     7.2068     7.4532     7.4741
           7.8893     7.8978     8.0382     8.1134

        KC interpolated eigenvalues at k=      0.5000      0.0000      0.3000

           0.1726     0.5887     0.9182     1.0703     1.1924     1.3225     1.5363     1.8909
           2.0991     2.2026     2.2414     2.4530     2.6686     2.8271     2.9973     3.1787
           3.2700     3.4717     6.8866     6.8980     7.1990     7.2021     7.4476     7.4816
           7.8707     7.9039     8.0360     8.1132

        KC interpolated eigenvalues at k=      0.5000      0.0000      0.3167

           0.1586     0.5628     0.9315     1.0400     1.1855     1.3080     1.5841     1.9020
           2.0990     2.1923     2.2357     2.4190     2.6783     2.8219     2.9850     3.1960
           3.2792     3.5008     6.8889     6.8944     7.1974     7.1989     7.4423     7.4891
           7.8525     7.9093     8.0339     8.1134

        KC interpolated eigenvalues at k=      0.5000      0.0000      0.3333

           0.1362     0.5390     0.9369     1.0119     1.1668     1.3057     1.6282     1.9122
           2.0981     2.1667     2.2431     2.3913     2.6886     2.8190     2.9747     3.2145
           3.2906     3.5353     6.8897     6.8897     7.1969     7.1973     7.4376     7.4964
           7.8351     7.9139     8.0320     8.1142

        KC interpolated eigenvalues at k=      0.5000      0.0000      0.3500

           0.1067     0.5190     0.9325     0.9891     1.1390     1.3125     1.6662     1.9222
           2.0956     2.1389     2.2537     2.3702     2.6992     2.8180     2.9667     3.2334
           3.3036     3.5731     6.8841     6.8890     7.1971     7.1973     7.4335     7.5033
           7.8187     7.9178     8.0303     8.1154

        KC interpolated eigenvalues at k=      0.5000      0.0000      0.3667

           0.0724     0.5029     0.9168     0.9742     1.1073     1.3234     1.6962     1.9326
           2.0895     2.1151     2.2652     2.3554     2.7096     2.8181     2.9611     3.2519
           3.3175     3.6124     6.8780     6.8872     7.1979     7.1983     7.4300     7.5099
           7.8034     7.9209     8.0288     8.1170

        KC interpolated eigenvalues at k=      0.5000      0.0000      0.3833

           0.0358     0.4902     0.8943     0.9644     1.0755     1.3351     1.7171     1.9435
           2.0763     2.1013     2.2769     2.3459     2.7197     2.8188     2.9578     3.2695
           3.3317     3.6513     6.8717     6.8846     7.1995     7.1997     7.4270     7.5159
           7.7895     7.9234     8.0274     8.1188

        KC interpolated eigenvalues at k=      0.5000      0.0000      0.4000

          -0.0005     0.4803     0.8705     0.9559     1.0455     1.3460     1.7295     1.9539
           2.0611     2.0943     2.2884     2.3404     2.7294     2.8198     2.9564     3.2857
           3.3455     3.6883     6.8656     6.8816     7.2012     7.2016     7.4246     7.5214
           7.7770     7.9253     8.0262     8.1207

        KC interpolated eigenvalues at k=      0.5000      0.0000      0.4167

          -0.0343     0.4723     0.8480     0.9476     1.0189     1.3555     1.7350     1.9618
           2.0508     2.0890     2.2993     2.3377     2.7383     2.8209     2.9563     3.3002
           3.3584     3.7218     6.8600     6.8784     7.2026     7.2039     7.4228     7.5262
           7.7663     7.9267     8.0251     8.1225

        KC interpolated eigenvalues at k=      0.5000      0.0000      0.4333

          -0.0641     0.4660     0.8283     0.9395     0.9966     1.3632     1.7360     1.9657
           2.0468     2.0846     2.3092     2.3368     2.7461     2.8220     2.9572     3.3126
           3.3699     3.7508     6.8551     6.8755     7.2039     7.2061     7.4214     7.5302
           7.7573     7.9278     8.0243     8.1243

        KC interpolated eigenvalues at k=      0.5000      0.0000      0.4500

          -0.0885     0.4611     0.8122     0.9320     0.9791     1.3691     1.7345     1.9660
           2.0476     2.0810     2.3173     2.3371     2.7526     2.8230     2.9584     3.3226
           3.3793     3.7743     6.8510     6.8729     7.2049     7.2080     7.4203     7.5334
           7.7502     7.9285     8.0236     8.1257

        KC interpolated eigenvalues at k=      0.5000      0.0000      0.4667

          -0.1065     0.4576     0.8003     0.9259     0.9667     1.3733     1.7323     1.9648
           2.0503     2.0783     2.3229     2.3381     2.7574     2.8238     2.9596     3.3299
           3.3864     3.7915     6.8480     6.8709     7.2057     7.2095     7.4197     7.5357
           7.7451     7.9289     8.0231     8.1268

        KC interpolated eigenvalues at k=      0.5000      0.0000      0.4833

          -0.1176     0.4555     0.7930     0.9219     0.9595     1.3757     1.7305     1.9635
           2.0527     2.0766     2.3260     2.3393     2.7604     2.8243     2.9605     3.3344
           3.3908     3.8021     6.8462     6.8697     7.2062     7.2105     7.4193     7.5371
           7.7420     7.9292     8.0228     8.1275

        KC interpolated eigenvalues at k=      0.5000      0.0000      0.5000

          -0.1213     0.4548     0.7906     0.9205     0.9571     1.3766     1.7299     1.9630
           2.0536     2.0761     2.3270     2.3398     2.7614     2.8244     2.9608     3.3359
           3.3922     3.8056     6.8456     6.8693     7.2064     7.2108     7.4192     7.5376
           7.7410     7.9293     8.0227     8.1278

        KC interpolated eigenvalues at k=      0.4833      0.0000      0.4833

          -0.1183     0.4563     0.7911     0.9223     0.9594     1.3774     1.7299     1.9639
           2.0543     2.0770     2.3277     2.3389     2.7602     2.8244     2.9596     3.3340
           3.3906     3.8018     6.8465     6.8701     7.2066     7.2110     7.4184     7.5363
           7.7424     7.9295     8.0235     8.1274

        KC interpolated eigenvalues at k=      0.4667      0.0000      0.4667

          -0.1095     0.4608     0.7924     0.9275     0.9664     1.3800     1.7298     1.9667
           2.0561     2.0802     2.3276     2.3383     2.7565     2.8241     2.9563     3.3281
           3.3859     3.7903     6.8492     6.8724     7.2072     7.2114     7.4160     7.5327
           7.7468     7.9302     8.0255     8.1265

        KC interpolated eigenvalues at k=      0.4500      0.0000      0.4500

          -0.0952     0.4680     0.7945     0.9354     0.9783     1.3839     1.7281     1.9724
           2.0588     2.0861     2.3215     2.3430     2.7506     2.8232     2.9517     3.3180
           3.3795     3.7718     6.8537     6.8764     7.2082     7.2122     7.4120     7.5267
           7.7540     7.9314     8.0289     8.1250

        KC interpolated eigenvalues at k=      0.4333      0.0000      0.4333

          -0.0763     0.4775     0.7970     0.9453     0.9951     1.3887     1.7231     1.9818
           2.0627     2.0953     2.3100     2.3519     2.7429     2.8209     2.9471     3.3034
           3.3725     3.7469     6.8597     6.8819     7.2095     7.2133     7.4065     7.5184
           7.7638     7.9331     8.0334     8.1230

        KC interpolated eigenvalues at k=      0.4167      0.0000      0.4167

          -0.0538     0.4890     0.7999     0.9565     1.0163     1.3938     1.7126     1.9955
           2.0692     2.1080     2.2938     2.3637     2.7340     2.8158     2.9443     3.2847
           3.3663     3.7169     6.8673     6.8889     7.2108     7.2148     7.3995     7.5081
           7.7759     7.9355     8.0388     8.1207

        KC interpolated eigenvalues at k=      0.4000      0.0000      0.4000

          -0.0289     0.5019     0.8029     0.9683     1.0410     1.3986     1.6952     2.0107
           2.0822     2.1245     2.2727     2.3781     2.7245     2.8067     2.9449     3.2633
           3.3617     3.6832     6.8761     6.8974     7.2121     7.2168     7.3910     7.4959
           7.7901     7.9387     8.0449     8.1182

        KC interpolated eigenvalues at k=      0.3833      0.0000      0.3833

          -0.0032     0.5159     0.8058     0.9803     1.0673     1.4025     1.6706     2.0226
           2.1059     2.1457     2.2462     2.3949     2.7148     2.7933     2.9496     3.2409
           3.3593     3.6476     6.8859     6.9073     7.2132     7.2193     7.3811     7.4820
           7.8059     7.9426     8.0515     8.1156

        KC interpolated eigenvalues at k=      0.3667      0.0000      0.3667

           0.0220     0.5304     0.8085     0.9920     1.0929     1.4054     1.6395     2.0291
           2.1368     2.1758     2.2143     2.4142     2.7045     2.7772     2.9582     3.2195
           3.3597     3.6119     6.8966     6.9186     7.2137     7.2223     7.3698     7.4668
           7.8229     7.9475     8.0581     8.1132

        KC interpolated eigenvalues at k=      0.3500      0.0000      0.3500

           0.0449     0.5452     0.8107     1.0030     1.1144     1.4075     1.6035     2.0328
           2.1643     2.1765     2.2218     2.4358     2.6918     2.7618     2.9696     3.2013
           3.3634     3.5784     6.9079     6.9310     7.2137     7.2260     7.3571     7.4506
           7.8408     7.9535     8.0645     8.1111

        KC interpolated eigenvalues at k=      0.3333      0.0000      0.3333

           0.0643     0.5597     0.8123     1.0129     1.1272     1.4104     1.5642     2.0356
           2.1340     2.1895     2.2766     2.4596     2.6746     2.7517     2.9834     3.1879
           3.3708     3.5494     6.9196     6.9446     7.2128     7.2302     7.3432     7.4337
           7.8591     7.9606     8.0705     8.1094

        KC interpolated eigenvalues at k=      0.3167      0.0000      0.3167

           0.0791     0.5732     0.8132     1.0213     1.1267     1.4156     1.5233     2.0381
           2.0904     2.2119     2.3323     2.4832     2.6551     2.7505     2.9992     3.1808
           3.3824     3.5270     6.9314     6.9590     7.2108     7.2352     7.3282     7.4164
           7.8775     7.9689     8.0757     8.1084

        KC interpolated eigenvalues at k=      0.3000      0.0000      0.3000

           0.0885     0.5844     0.8132     1.0278     1.1105     1.4235     1.4820     2.0311
           2.0573     2.2333     2.3789     2.5000     2.6408     2.7630     3.0176     3.1809
           3.3981     3.5131     6.9432     6.9740     7.2078     7.2408     7.3121     7.3993
           7.8954     7.9783     8.0798     8.1082

        KC interpolated eigenvalues at k=      0.2833      0.0000      0.2833

           0.0923     0.5916     0.8122     1.0310     1.0816     1.4274     1.4445     1.9958
           2.0568     2.2536     2.4048     2.5058     2.6343     2.7987     3.0395     3.1889
           3.4179     3.5089     6.9547     6.9894     7.2034     7.2471     7.2951     7.3826
           7.9126     7.9890     8.0828     8.1089

        KC interpolated eigenvalues at k=      0.2667      0.0000      0.2667

           0.0908     0.5921     0.8100     1.0204     1.0551     1.3940     1.4390     1.9616
           2.0636     2.2727     2.3999     2.5134     2.6262     2.8626     3.0656     3.2048
           3.4417     3.5148     6.9658     7.0047     7.1978     7.2540     7.2773     7.3670
           7.9288     8.0009     8.0844     8.1105

        KC interpolated eigenvalues at k=      0.2500      0.0000      0.2500

           0.0842     0.5825     0.8064     0.9838     1.0496     1.3508     1.4323     1.9383
           2.0712     2.2898     2.3720     2.5266     2.6109     2.9478     3.0963     3.2284
           3.4693     3.5307     6.9763     7.0195     7.1909     7.2588     7.2614     7.3529
           7.9437     8.0138     8.0846     8.1130

        KC interpolated eigenvalues at k=      0.2333      0.0000      0.2333

           0.0732     0.5594     0.8011     0.9435     1.0492     1.3061     1.4126     1.9292
           2.0777     2.2987     2.3422     2.5382     2.5901     3.0445     3.1314     3.2591
           3.5009     3.5560     6.9862     7.0333     7.1828     7.2399     7.2694     7.3408
           7.9572     8.0277     8.0833     8.1165

        KC interpolated eigenvalues at k=      0.2167      0.0000      0.2167

           0.0586     0.5206     0.7939     0.9092     1.0485     1.2608     1.3796     1.9340
           2.0809     2.2785     2.3402     2.5432     2.5681     3.1437     3.1726     3.2958
           3.5367     3.5894     6.9954     7.0456     7.1736     7.2207     7.2776     7.3314
           7.9690     8.0424     8.0806     8.1210

        KC interpolated eigenvalues at k=      0.2000      0.0000      0.2000

           0.0412     0.4672     0.7852     0.8824     1.0466     1.2157     1.3362     1.9498
           2.0778     2.2471     2.3538     2.5311     2.5566     3.2062     3.2512     3.3395
           3.5772     3.6296     7.0037     7.0557     7.1634     7.2014     7.2860     7.3250
           7.9792     8.0577     8.0766     8.1262

        KC interpolated eigenvalues at k=      0.1833      0.0000      0.1833

           0.0217     0.4028     0.7755     0.8610     1.0432     1.1715     1.2863     1.9724
           2.0655     2.2230     2.3692     2.5070     2.5526     3.2498     3.3332     3.4006
           3.6225     3.6751     7.0113     7.0634     7.1524     7.1824     7.2945     7.3221
           7.9878     8.0714     8.0733     8.1321

        KC interpolated eigenvalues at k=      0.1667      0.0000      0.1667

           0.0007     0.3321     0.7651     0.8420     1.0383     1.1294     1.2334     1.9954
           2.0465     2.2097     2.3842     2.4824     2.5468     3.2933     3.3855     3.4883
           3.6721     3.7240     7.0180     7.0684     7.1409     7.1637     7.3027     7.3227
           7.9948     8.0652     8.0890     8.1386

        KC interpolated eigenvalues at k=      0.1500      0.0000      0.1500

          -0.0209     0.2592     0.7545     0.8232     1.0317     1.0903     1.1801     1.9944
           2.0465     2.2047     2.3977     2.4600     2.5386     3.3366     3.4238     3.5830
           3.7250     3.7748     7.0238     7.0709     7.1292     7.1458     7.3108     7.3262
           8.0002     8.0583     8.1044     8.1453

        KC interpolated eigenvalues at k=      0.1333      0.0000      0.1333

          -0.0428     0.1875     0.7437     0.8036     1.0225     1.0560     1.1287     1.9657
           2.0718     2.2041     2.4071     2.4426     2.5289     3.3790     3.4561     3.6745
           3.7793     3.8258     7.0289     7.0713     7.1176     7.1289     7.3190     7.3316
           8.0044     8.0510     8.1194     8.1522

        KC interpolated eigenvalues at k=      0.1167      0.0000      0.1167

          -0.0643     0.1196     0.7331     0.7832     1.0068     1.0311     1.0809     1.9331
           2.1004     2.2055     2.4049     2.4382     2.5185     3.4196     3.4840     3.7592
           3.8331     3.8754     7.0331     7.0702     7.1064     7.1133     7.3273     7.3379
           8.0074     8.0436     8.1334     8.1589

        KC interpolated eigenvalues at k=      0.1000      0.0000      0.1000

          -0.0851     0.0579     0.7229     0.7627     0.9835     1.0158     1.0395     1.9018
           2.1278     2.2075     2.3930     2.4448     2.5083     3.4574     3.5081     3.8351
           3.8845     3.9220     7.0364     7.0680     7.0959     7.0994     7.3358     7.3444
           8.0095     8.0364     8.1464     8.1653

        KC interpolated eigenvalues at k=      0.0833      0.0000      0.0833

          -0.1051     0.0045     0.7135     0.7429     0.9602     0.9922     1.0160     1.8737
           2.1525     2.2094     2.3805     2.4531     2.4988     3.4914     3.5285     3.9003
           3.9323     3.9641     7.0389     7.0654     7.0862     7.0876     7.3438     7.3503
           8.0108     8.0297     8.1579     8.1712

        KC interpolated eigenvalues at k=      0.0667      0.0000      0.0667

          -0.1245    -0.0388     0.7053     0.7249     0.9401     0.9620     1.0070     1.8496
           2.1738     2.2109     2.3697     2.4607     2.4906     3.5206     3.5454     3.9527
           3.9761     4.0005     7.0404     7.0628     7.0773     7.0786     7.3511     7.3556
           8.0116     8.0238     8.1677     8.1763

        KC interpolated eigenvalues at k=      0.0500      0.0000      0.0500

          -0.1431    -0.0706     0.6984     0.7098     0.9241     0.9366     1.0010     1.8303
           2.1908     2.2121     2.3613     2.4669     2.4839     3.5443     3.5587     3.9910
           4.0147     4.0301     7.0408     7.0605     7.0703     7.0718     7.3572     7.3599
           8.0120     8.0189     8.1756     8.1804

        KC interpolated eigenvalues at k=      0.0333      0.0000      0.0333

          -0.1593    -0.0912     0.6933     0.6985     0.9124     0.9180     0.9968     1.8163
           2.2033     2.2129     2.3552     2.4715     2.4791     3.5617     3.5682     4.0172
           4.0447     4.0519     7.0404     7.0586     7.0659     7.0669     7.3618     7.3630
           8.0121     8.0152     8.1813     8.1835

        KC interpolated eigenvalues at k=      0.0167      0.0000      0.0167

          -0.1705    -0.1024     0.6901     0.6914     0.9053     0.9067     0.9943     1.8077
           2.2109     2.2133     2.3516     2.4743     2.4762     3.5724     3.5740     4.0327
           4.0634     4.0652     7.0397     7.0575     7.0636     7.0639     7.3646     7.3650
           8.0122     8.0130     8.1849     8.1854

        KC interpolated eigenvalues at k=      0.0000      0.0000      0.0000

          -0.1745    -0.1060     0.6890     0.6890     0.9029     0.9029     0.9934     1.8048
           2.2135     2.2135     2.3504     2.4752     2.4752     3.5759     3.5759     4.0378
           4.0697     4.0698     7.0394     7.0571     7.0629     7.0629     7.3656     7.3656
           8.0122     8.0122     8.1860     8.1860

     ENDING BAND STRUCTURE INTERPOLATION


     Writing all to output data dir /home/nicola/CODES/q-e-kcw/tempdir/cri3_kcw.save/ :
     XML data file, pseudopotentials, collected wavefunctions

     KCW          :      6.37s CPU      7.85s WALL

     INITIALIZATION: 

     init_vloc    :      0.03s CPU      0.03s WALL (       1 calls)
     init_us_1    :      0.00s CPU      0.00s WALL (       1 calls)





     h_psi        :      0.69s CPU      0.70s WALL (       8 calls)

     h_psi        :      0.69s CPU      0.70s WALL (       8 calls)
     add_vuspsi   :      0.17s CPU      0.17s WALL (       8 calls)



      General routines
     calbec       :      0.16s CPU      0.17s WALL (       8 calls)
     fft          :      0.25s CPU      0.26s WALL (       5 calls)
     ffts         :      2.66s CPU      2.83s WALL (    1792 calls)
     fftw         :      0.33s CPU      0.33s WALL (     448 calls)
     davcio       :      0.03s CPU      0.86s WALL (      72 calls)


     KCW          :      6.37s CPU      7.91s WALL


   This run was terminated on:  10:42:41  10Oct2025            

=------------------------------------------------------------------------------=
   JOB DONE.
=------------------------------------------------------------------------------=
